Archive member included to satisfy reference by file (symbol)

C:/Users/Elcio.SAMSUNGBOOK-2DE/.pico-sdk/toolchain/14_2_Rel1/bin/../lib/gcc/arm-none-eabi/14.2.1/thumb/v6-m/nofp\libgcc.a(_dvmd_tls.o)
                              src/CMakeFiles/picow_freertos.dir/C_/Users/Elcio.SAMSUNGBOOK-2DE/.pico-sdk/sdk/2.1.1/src/rp2_common/pico_divider/divider_hardware.S.obj (__aeabi_idiv0)
C:/Users/Elcio.SAMSUNGBOOK-2DE/.pico-sdk/toolchain/14_2_Rel1/bin/../lib/gcc/arm-none-eabi/14.2.1/thumb/v6-m/nofp\libg.a(libc_a-atoi.o)
                              src/CMakeFiles/picow_freertos.dir/C_/Users/Elcio.SAMSUNGBOOK-2DE/.pico-sdk/sdk/2.1.1/lib/lwip/src/core/netif.c.obj (atoi)
C:/Users/Elcio.SAMSUNGBOOK-2DE/.pico-sdk/toolchain/14_2_Rel1/bin/../lib/gcc/arm-none-eabi/14.2.1/thumb/v6-m/nofp\libg.a(libc_a-calloc.o)
                              src/CMakeFiles/picow_freertos.dir/C_/Users/Elcio.SAMSUNGBOOK-2DE/.pico-sdk/sdk/2.1.1/src/rp2_common/pico_malloc/malloc.c.obj (calloc)
C:/Users/Elcio.SAMSUNGBOOK-2DE/.pico-sdk/toolchain/14_2_Rel1/bin/../lib/gcc/arm-none-eabi/14.2.1/thumb/v6-m/nofp\libg.a(libc_a-callocr.o)
                              C:/Users/Elcio.SAMSUNGBOOK-2DE/.pico-sdk/toolchain/14_2_Rel1/bin/../lib/gcc/arm-none-eabi/14.2.1/thumb/v6-m/nofp\libg.a(libc_a-calloc.o) (_calloc_r)
C:/Users/Elcio.SAMSUNGBOOK-2DE/.pico-sdk/toolchain/14_2_Rel1/bin/../lib/gcc/arm-none-eabi/14.2.1/thumb/v6-m/nofp\libg.a(libc_a-malloc.o)
                              src/CMakeFiles/picow_freertos.dir/C_/Users/Elcio.SAMSUNGBOOK-2DE/.pico-sdk/sdk/2.1.1/src/rp2_common/pico_malloc/malloc.c.obj (malloc)
C:/Users/Elcio.SAMSUNGBOOK-2DE/.pico-sdk/toolchain/14_2_Rel1/bin/../lib/gcc/arm-none-eabi/14.2.1/thumb/v6-m/nofp\libg.a(libc_a-mallocr.o)
                              C:/Users/Elcio.SAMSUNGBOOK-2DE/.pico-sdk/toolchain/14_2_Rel1/bin/../lib/gcc/arm-none-eabi/14.2.1/thumb/v6-m/nofp\libg.a(libc_a-callocr.o) (_malloc_r)
C:/Users/Elcio.SAMSUNGBOOK-2DE/.pico-sdk/toolchain/14_2_Rel1/bin/../lib/gcc/arm-none-eabi/14.2.1/thumb/v6-m/nofp\libg.a(libc_a-mlock.o)
                              C:/Users/Elcio.SAMSUNGBOOK-2DE/.pico-sdk/toolchain/14_2_Rel1/bin/../lib/gcc/arm-none-eabi/14.2.1/thumb/v6-m/nofp\libg.a(libc_a-mallocr.o) (__malloc_lock)
C:/Users/Elcio.SAMSUNGBOOK-2DE/.pico-sdk/toolchain/14_2_Rel1/bin/../lib/gcc/arm-none-eabi/14.2.1/thumb/v6-m/nofp\libg.a(libc_a-realloc.o)
                              src/CMakeFiles/picow_freertos.dir/C_/Users/Elcio.SAMSUNGBOOK-2DE/.pico-sdk/sdk/2.1.1/src/rp2_common/pico_malloc/malloc.c.obj (realloc)
C:/Users/Elcio.SAMSUNGBOOK-2DE/.pico-sdk/toolchain/14_2_Rel1/bin/../lib/gcc/arm-none-eabi/14.2.1/thumb/v6-m/nofp\libg.a(libc_a-reallocr.o)
                              C:/Users/Elcio.SAMSUNGBOOK-2DE/.pico-sdk/toolchain/14_2_Rel1/bin/../lib/gcc/arm-none-eabi/14.2.1/thumb/v6-m/nofp\libg.a(libc_a-realloc.o) (_realloc_r)
C:/Users/Elcio.SAMSUNGBOOK-2DE/.pico-sdk/toolchain/14_2_Rel1/bin/../lib/gcc/arm-none-eabi/14.2.1/thumb/v6-m/nofp\libg.a(libc_a-strtol.o)
                              C:/Users/Elcio.SAMSUNGBOOK-2DE/.pico-sdk/toolchain/14_2_Rel1/bin/../lib/gcc/arm-none-eabi/14.2.1/thumb/v6-m/nofp\libg.a(libc_a-atoi.o) (_strtol_r)
C:/Users/Elcio.SAMSUNGBOOK-2DE/.pico-sdk/toolchain/14_2_Rel1/bin/../lib/gcc/arm-none-eabi/14.2.1/thumb/v6-m/nofp\libg.a(libc_a-ctype_.o)
                              src/CMakeFiles/picow_freertos.dir/C_/Users/Elcio.SAMSUNGBOOK-2DE/.pico-sdk/sdk/2.1.1/lib/lwip/src/core/dns.c.obj (_ctype_)
C:/Users/Elcio.SAMSUNGBOOK-2DE/.pico-sdk/toolchain/14_2_Rel1/bin/../lib/gcc/arm-none-eabi/14.2.1/thumb/v6-m/nofp\libg.a(libc_a-memcmp.o)
                              src/CMakeFiles/picow_freertos.dir/C_/Users/Elcio.SAMSUNGBOOK-2DE/.pico-sdk/sdk/2.1.1/src/rp2_common/pico_atomic/atomic.c.obj (memcmp)
C:/Users/Elcio.SAMSUNGBOOK-2DE/.pico-sdk/toolchain/14_2_Rel1/bin/../lib/gcc/arm-none-eabi/14.2.1/thumb/v6-m/nofp\libg.a(libc_a-memmove.o)
                              src/CMakeFiles/picow_freertos.dir/C_/Users/Elcio.SAMSUNGBOOK-2DE/.pico-sdk/sdk/2.1.1/lib/lwip/src/core/def.c.obj (memmove)
C:/Users/Elcio.SAMSUNGBOOK-2DE/.pico-sdk/toolchain/14_2_Rel1/bin/../lib/gcc/arm-none-eabi/14.2.1/thumb/v6-m/nofp\libg.a(libc_a-strncmp.o)
                              src/CMakeFiles/picow_freertos.dir/C_/Users/Elcio.SAMSUNGBOOK-2DE/.pico-sdk/sdk/2.1.1/lib/lwip/src/core/def.c.obj (strncmp)
C:/Users/Elcio.SAMSUNGBOOK-2DE/.pico-sdk/toolchain/14_2_Rel1/bin/../lib/gcc/arm-none-eabi/14.2.1/thumb/v6-m/nofp\libg.a(libc_a-lcltime_r.o)
                              src/CMakeFiles/picow_freertos.dir/C_/Users/Elcio.SAMSUNGBOOK-2DE/.pico-sdk/sdk/2.1.1/src/common/pico_util/datetime.c.obj (localtime_r)
C:/Users/Elcio.SAMSUNGBOOK-2DE/.pico-sdk/toolchain/14_2_Rel1/bin/../lib/gcc/arm-none-eabi/14.2.1/thumb/v6-m/nofp\libg.a(libc_a-mktime.o)
                              src/CMakeFiles/picow_freertos.dir/C_/Users/Elcio.SAMSUNGBOOK-2DE/.pico-sdk/sdk/2.1.1/src/common/pico_util/datetime.c.obj (mktime)
[...]
Memory Configuration

Name             Origin             Length             Attributes
FLASH            0x10000000         0x00200000         xr
RAM              0x20000000         0x00040000         xrw
SCRATCH_X        0x20040000         0x00001000         xrw
SCRATCH_Y        0x20041000         0x00001000         xrw
*default*        0x00000000         0xffffffff

Linker script and memory map

LOAD C:/Users/Elcio.SAMSUNGBOOK-2DE/.pico-sdk/toolchain/14_2_Rel1/bin/../lib/gcc/arm-none-eabi/14.2.1/thumb/v6-m/nofp/crti.o
LOAD C:/Users/Elcio.SAMSUNGBOOK-2DE/.pico-sdk/toolchain/14_2_Rel1/bin/../lib/gcc/arm-none-eabi/14.2.1/thumb/v6-m/nofp/crtbegin.o
LOAD C:/Users/Elcio.SAMSUNGBOOK-2DE/.pico-sdk/toolchain/14_2_Rel1/bin/../lib/gcc/arm-none-eabi/14.2.1/thumb/v6-m/nofp/crt0.o

.flash_begin    0x10000000        0x0
                0x10000000                        __flash_binary_start = .

.boot2          0x10000000      0x100
                0x10000000                        __boot2_start__ = .
 *(.boot2)
 .boot2         0x10000000      0x100 pico-sdk/src/rp2040/boot_stage2/CMakeFiles/bs2_default_library.dir/./bs2_default_padded_checksummed.S.obj
                0x10000100                        __boot2_end__ = .
                0x00000001                        ASSERT (((__boot2_end__ - __boot2_start__) == 0x100), ERROR: Pico second stage bootloader must be 256 bytes in size)

.text           0x10000100    0x1b238
                0x10000100                        __logical_binary_start = .
 *(.vectors)
 .vectors       0x10000100       0xd4 src/CMakeFiles/picow_freertos.dir/C_/Users/Elcio.SAMSUNGBOOK-2DE/.pico-sdk/sdk/2.1.1/src/rp2_common/pico_crt0/crt0.S.obj
                0x10000100                __VECTOR_TABLE
                0x10000100                __vectors
                0x100001c0                isr_invalid
                0x100001c0                __default_isrs_start
                0x100001c2                isr_nmi
                0x100001c4                isr_hardfault
                0x100001c6                isr_svcall
                0x100001c8                isr_pendsv
                0x100001ca                isr_systick
                0x100001cc                isr_irq23
                0x100001cc                isr_irq18
                0x100001cc                isr_irq11
                0x100001cc                isr_irq28
                0x100001cc                isr_irq19
                0x100001cc                isr_irq0
                0x100001cc                isr_irq6
                0x100001cc                isr_irq5
                0x100001cc                isr_irq12
                0x100001cc                isr_irq22
                0x100001cc                isr_irq31
                0x100001cc                isr_irq17
                0x100001cc                isr_irq27
                0x100001cc                isr_irq30
                0x100001cc                isr_irq2
                0x100001cc                isr_irq10
                0x100001cc                isr_irq8
                0x100001cc                isr_irq24
                0x100001cc                isr_irq1
                0x100001cc                isr_irq7
                0x100001cc                isr_irq21
                0x100001cc                isr_irq20
                0x100001cc                isr_irq15
                0x100001cc                isr_irq25
                0x100001cc                isr_irq13
                0x100001cc                __unhandled_user_irq
                0x100001cc                isr_irq4
                0x100001cc                isr_irq16
                0x100001cc                isr_irq29
                0x100001cc                isr_irq26
                0x100001cc                __default_isrs_end
                0x100001cc                isr_irq3
                0x100001cc                isr_irq14
                0x100001cc                isr_irq9
                0x100001d2                unhandled_user_irq_num_in_r0
 *(.binary_info_header)
 .binary_info_header
                0x100001d4       0x14 src/CMakeFiles/picow_freertos.dir/C_/Users/Elcio.SAMSUNGBOOK-2DE/.pico-sdk/sdk/2.1.1/src/rp2_common/pico_crt0/crt0.S.obj
                0x100001e8                        __binary_info_header_end = .
 *(.embedded_block)
                0x100001e8                        __embedded_block_end = .
 *(.reset)
 .reset         0x100001e8       0x9c src/CMakeFiles/picow_freertos.dir/C_/Users/Elcio.SAMSUNGBOOK-2DE/.pico-sdk/sdk/2.1.1/src/rp2_common/pico_crt0/crt0.S.obj
                0x100001e8                _entry_point
 *(.init)
 .init          0x10000284        0x4 C:/Users/Elcio.SAMSUNGBOOK-2DE/.pico-sdk/toolchain/14_2_Rel1/bin/../lib/gcc/arm-none-eabi/14.2.1/thumb/v6-m/nofp/crti.o
                0x10000284                _init
 *(EXCLUDE_FILE(*libm.a: *libc.a:*lib_a-mem*.o *libgcc.a:) .text*)
 .text.register_tm_clones
                0x10000288       0x28 C:/Users/Elcio.SAMSUNGBOOK-2DE/.pico-sdk/toolchain/14_2_Rel1/bin/../lib/gcc/arm-none-eabi/14.2.1/thumb/v6-m/nofp/crtbegin.o
 .text.frame_dummy
                0x100002b0       0x24 C:/Users/Elcio.SAMSUNGBOOK-2DE/.pico-sdk/toolchain/14_2_Rel1/bin/../lib/gcc/arm-none-eabi/14.2.1/thumb/v6-m/nofp/crtbegin.o
 .text.startup.main
                0x100002d4       0xb8 src/CMakeFiles/picow_freertos.dir/main.c.obj
                0x100002d4                main
 .text.config_geral_init
                0x1000038c      0x18c src/CMakeFiles/picow_freertos.dir/config_geral.c.obj
                0x1000038c                config_geral_init
 .text.safe_printf
                0x10000518       0x40 src/CMakeFiles/picow_freertos.dir/utils_print.c.obj
                0x10000518                safe_printf
 .text.task_giroscopio_mpu6500
                0x10000558      0x250 src/CMakeFiles/picow_freertos.dir/tasks/task_giroscopio_mpu6500.c.obj
                0x10000558                task_giroscopio_mpu6500
 .text.task_temperatura_aht10
                0x100007a8      0x2cc src/CMakeFiles/picow_freertos.dir/tasks/task_temperatura_aht10.c.obj
                0x100007a8                task_temperatura_aht10
 .text.task_distancia_vl53l0x
                0x10000a74      0x1b8 src/CMakeFiles/picow_freertos.dir/tasks/task_distancia_vl53l0x.c.obj
                0x10000a74                task_distancia_vl53l0x
 .text.gpio_callback
                0x10000c2c       0x6c src/CMakeFiles/picow_freertos.dir/tasks/task_emergencia.c.obj
                0x10000c2c                gpio_callback
 .text.task_emergencia
                0x10000c98       0x6c src/CMakeFiles/picow_freertos.dir/tasks/task_emergencia.c.obj
                0x10000c98                task_emergencia
 .text.task_wifi
                0x10000d04       0x84 src/CMakeFiles/picow_freertos.dir/tasks/task_wifi.c.obj
                0x10000d04                task_wifi
 .text.max30102_init
                0x10000d88       0xb8 src/CMakeFiles/picow_freertos.dir/tasks/task_oximetro_max30102.c.obj
 .text.task_oximetro_max30102
                0x10000e40      0x2c0 src/CMakeFiles/picow_freertos.dir/tasks/task_oximetro_max30102.c.obj
                0x10000e40                task_oximetro_max30102
 .text.mpu6500_init
                0x10001100       0x1c src/CMakeFiles/picow_freertos.dir/drivers/mpu6500.c.obj
                0x10001100                mpu6500_init
 .text.mpu6500_read_raw
                0x1000111c       0x5c src/CMakeFiles/picow_freertos.dir/drivers/mpu6500.c.obj
                0x1000111c                mpu6500_read_raw
 .text.aht10_init
                0x10001178       0x2c src/CMakeFiles/picow_freertos.dir/drivers/aht10.c.obj
                0x10001178                aht10_init
 .text.aht10_read_data
                0x100011a4       0xa8 src/CMakeFiles/picow_freertos.dir/drivers/aht10.c.obj
                0x100011a4                aht10_read_data
 .text.vl53l0x_init
                0x1000124c      0x454 src/CMakeFiles/picow_freertos.dir/drivers/vl53l0x.c.obj
                0x1000124c                vl53l0x_init
 .text.vl53l0x_start_continuous
                0x100016a0      0x108 src/CMakeFiles/picow_freertos.dir/drivers/vl53l0x.c.obj
                0x100016a0                vl53l0x_start_continuous
 .text.vl53l0x_read_range_continuous_millimeters
                0x100017a8       0xe0 src/CMakeFiles/picow_freertos.dir/drivers/vl53l0x.c.obj
                0x100017a8                vl53l0x_read_range_continuous_millimeters
 .text.pvPortMalloc
                0x10001888      0x124 src/CMakeFiles/picow_freertos.dir/__/lib/FreeRTOS-Kernel/portable/MemMang/heap_4.c.obj
                0x10001888                pvPortMalloc
 .text.vPortFree
                0x100019ac       0x98 src/CMakeFiles/picow_freertos.dir/__/lib/FreeRTOS-Kernel/portable/MemMang/heap_4.c.obj
                0x100019ac                vPortFree
 .text.gpio_default_irq_handler
                0x10001a44      0x2c8 src/CMakeFiles/picow_freertos.dir/C_/Users/Elcio.SAMSUNGBOOK-2DE/.pico-sdk/sdk/2.1.1/src/rp2_common/hardware_gpio/gpio.c.obj
 .text.gpio_set_function
                0x10001d0c       0x34 src/CMakeFiles/picow_freertos.dir/C_/Users/Elcio.SAMSUNGBOOK-2DE/.pico-sdk/sdk/2.1.1/src/rp2_common/hardware_gpio/gpio.c.obj
                0x10001d0c                gpio_set_function
 .text.gpio_set_pulls
                0x10001d40       0x28 src/CMakeFiles/picow_freertos.dir/C_/Users/Elcio.SAMSUNGBOOK-2DE/.pico-sdk/sdk/2.1.1/src/rp2_common/hardware_gpio/gpio.c.obj
                0x10001d40                gpio_set_pulls
 .text.gpio_set_input_hysteresis_enabled
                0x10001d68       0x28 src/CMakeFiles/picow_freertos.dir/C_/Users/Elcio.SAMSUNGBOOK-2DE/.pico-sdk/sdk/2.1.1/src/rp2_common/hardware_gpio/gpio.c.obj
                0x10001d68                gpio_set_input_hysteresis_enabled
 .text.gpio_set_irq_enabled
                0x10001d90       0x58 src/CMakeFiles/picow_freertos.dir/C_/Users/Elcio.SAMSUNGBOOK-2DE/.pico-sdk/sdk/2.1.1/src/rp2_common/hardware_gpio/gpio.c.obj
                0x10001d90                gpio_set_irq_enabled
 .text.gpio_set_irq_enabled_with_callback
                0x10001de8       0xd0 src/CMakeFiles/picow_freertos.dir/C_/Users/Elcio.SAMSUNGBOOK-2DE/.pico-sdk/sdk/2.1.1/src/rp2_common/hardware_gpio/gpio.c.obj
                0x10001de8                gpio_set_irq_enabled_with_callback
 .text.gpio_add_raw_irq_handler_with_order_priority_masked
                0x10001eb8       0x44 src/CMakeFiles/picow_freertos.dir/C_/Users/Elcio.SAMSUNGBOOK-2DE/.pico-sdk/sdk/2.1.1/src/rp2_common/hardware_gpio/gpio.c.obj
                0x10001eb8                gpio_add_raw_irq_handler_with_order_priority_masked
 .text.gpio_remove_raw_irq_handler_masked
                0x10001efc       0x20 src/CMakeFiles/picow_freertos.dir/C_/Users/Elcio.SAMSUNGBOOK-2DE/.pico-sdk/sdk/2.1.1/src/rp2_common/hardware_gpio/gpio.c.obj
                0x10001efc                gpio_remove_raw_irq_handler_masked
 .text.gpio_init
                0x10001f1c       0x40 src/CMakeFiles/picow_freertos.dir/C_/Users/Elcio.SAMSUNGBOOK-2DE/.pico-sdk/sdk/2.1.1/src/rp2_common/hardware_gpio/gpio.c.obj
                0x10001f1c                gpio_init
 .text.rp2040_chip_version
                0x10001f5c        0xc src/CMakeFiles/picow_freertos.dir/C_/Users/Elcio.SAMSUNGBOOK-2DE/.pico-sdk/sdk/2.1.1/src/rp2040/pico_platform/platform.c.obj
                0x10001f5c                rp2040_chip_version
 .text.panic    0x10001f68       0x30 src/CMakeFiles/picow_freertos.dir/C_/Users/Elcio.SAMSUNGBOOK-2DE/.pico-sdk/sdk/2.1.1/src/rp2_common/pico_platform_panic/panic.c.obj
                0x10001f68                panic
 .text.panic_unsupported
                0x10001f98        0xc src/CMakeFiles/picow_freertos.dir/C_/Users/Elcio.SAMSUNGBOOK-2DE/.pico-sdk/sdk/2.1.1/src/rp2_common/pico_platform_panic/panic.c.obj
                0x10001f98                panic_unsupported
 .text.hw_claim_lock
                0x10001fa4       0x18 src/CMakeFiles/picow_freertos.dir/C_/Users/Elcio.SAMSUNGBOOK-2DE/.pico-sdk/sdk/2.1.1/src/common/hardware_claim/claim.c.obj
                0x10001fa4                hw_claim_lock
 .text.hw_claim_unlock
                0x10001fbc       0x14 src/CMakeFiles/picow_freertos.dir/C_/Users/Elcio.SAMSUNGBOOK-2DE/.pico-sdk/sdk/2.1.1/src/common/hardware_claim/claim.c.obj
                0x10001fbc                hw_claim_unlock
 .text.hw_claim_or_assert
                0x10001fd0       0x44 src/CMakeFiles/picow_freertos.dir/C_/Users/Elcio.SAMSUNGBOOK-2DE/.pico-sdk/sdk/2.1.1/src/common/hardware_claim/claim.c.obj
                0x10001fd0                hw_claim_or_assert
 .text.hw_claim_unused_from_range
                0x10002014       0x88 src/CMakeFiles/picow_freertos.dir/C_/Users/Elcio.SAMSUNGBOOK-2DE/.pico-sdk/sdk/2.1.1/src/common/hardware_claim/claim.c.obj
                0x10002014                hw_claim_unused_from_range
 .text.hw_claim_clear
                0x1000209c       0x38 src/CMakeFiles/picow_freertos.dir/C_/Users/Elcio.SAMSUNGBOOK-2DE/.pico-sdk/sdk/2.1.1/src/common/hardware_claim/claim.c.obj
                0x1000209c                hw_claim_clear
 .text.next_striped_spin_lock_num
                0x100020d4       0x18 src/CMakeFiles/picow_freertos.dir/C_/Users/Elcio.SAMSUNGBOOK-2DE/.pico-sdk/sdk/2.1.1/src/rp2_common/hardware_sync/sync.c.obj
                0x100020d4                next_striped_spin_lock_num
 .text.spin_lock_claim_unused
                0x100020ec       0x24 src/CMakeFiles/picow_freertos.dir/C_/Users/Elcio.SAMSUNGBOOK-2DE/.pico-sdk/sdk/2.1.1/src/rp2_common/hardware_sync/sync.c.obj
                0x100020ec                spin_lock_claim_unused
 .text.spin_locks_reset
                0x10002110       0x1c src/CMakeFiles/picow_freertos.dir/C_/Users/Elcio.SAMSUNGBOOK-2DE/.pico-sdk/sdk/2.1.1/src/rp2_common/hardware_sync_spin_lock/sync_spin_lock.c.obj
                0x10002110                spin_locks_reset
 .text.runtime_init_per_core_irq_priorities
                0x1000212c       0x24 src/CMakeFiles/picow_freertos.dir/C_/Users/Elcio.SAMSUNGBOOK-2DE/.pico-sdk/sdk/2.1.1/src/rp2_common/hardware_irq/irq.c.obj
                0x1000212c                runtime_init_per_core_irq_priorities
 .text.irq_set_enabled
                0x10002150       0x24 src/CMakeFiles/picow_freertos.dir/C_/Users/Elcio.SAMSUNGBOOK-2DE/.pico-sdk/sdk/2.1.1/src/rp2_common/hardware_irq/irq.c.obj
                0x10002150                irq_set_enabled
 .text.irq_is_enabled
                0x10002174       0x18 src/CMakeFiles/picow_freertos.dir/C_/Users/Elcio.SAMSUNGBOOK-2DE/.pico-sdk/sdk/2.1.1/src/rp2_common/hardware_irq/irq.c.obj
                0x10002174                irq_is_enabled
 .text.irq_set_pending
                0x1000218c       0x10 src/CMakeFiles/picow_freertos.dir/C_/Users/Elcio.SAMSUNGBOOK-2DE/.pico-sdk/sdk/2.1.1/src/rp2_common/hardware_irq/irq.c.obj
                0x1000218c                irq_set_pending
 .text.irq_has_shared_handler
                0x1000219c       0x24 src/CMakeFiles/picow_freertos.dir/C_/Users/Elcio.SAMSUNGBOOK-2DE/.pico-sdk/sdk/2.1.1/src/rp2_common/hardware_irq/irq.c.obj
                0x1000219c                irq_has_shared_handler
 .text.irq_set_exclusive_handler
                0x100021c0       0x54 src/CMakeFiles/picow_freertos.dir/C_/Users/Elcio.SAMSUNGBOOK-2DE/.pico-sdk/sdk/2.1.1/src/rp2_common/hardware_irq/irq.c.obj
                0x100021c0                irq_set_exclusive_handler
 .text.irq_add_shared_handler
                0x10002214      0x1f4 src/CMakeFiles/picow_freertos.dir/C_/Users/Elcio.SAMSUNGBOOK-2DE/.pico-sdk/sdk/2.1.1/src/rp2_common/hardware_irq/irq.c.obj
                0x10002214                irq_add_shared_handler
 .text.irq_remove_handler
                0x10002408      0x1d4 src/CMakeFiles/picow_freertos.dir/C_/Users/Elcio.SAMSUNGBOOK-2DE/.pico-sdk/sdk/2.1.1/src/rp2_common/hardware_irq/irq.c.obj
                0x10002408                irq_remove_handler
 .text.irq_set_priority
                0x100025dc       0x28 src/CMakeFiles/picow_freertos.dir/C_/Users/Elcio.SAMSUNGBOOK-2DE/.pico-sdk/sdk/2.1.1/src/rp2_common/hardware_irq/irq.c.obj
                0x100025dc                irq_set_priority
 .text.irq_add_tail_to_free_list
                0x10002604       0xb4 src/CMakeFiles/picow_freertos.dir/C_/Users/Elcio.SAMSUNGBOOK-2DE/.pico-sdk/sdk/2.1.1/src/rp2_common/hardware_irq/irq.c.obj
                0x10002604                irq_add_tail_to_free_list
 .text.user_irq_unclaim
                0x100026b8       0x14 src/CMakeFiles/picow_freertos.dir/C_/Users/Elcio.SAMSUNGBOOK-2DE/.pico-sdk/sdk/2.1.1/src/rp2_common/hardware_irq/irq.c.obj
                0x100026b8                user_irq_unclaim
 .text.user_irq_claim_unused
                0x100026cc       0x2c src/CMakeFiles/picow_freertos.dir/C_/Users/Elcio.SAMSUNGBOOK-2DE/.pico-sdk/sdk/2.1.1/src/rp2_common/hardware_irq/irq.c.obj
                0x100026cc                user_irq_claim_unused
 .text.sem_init
                0x100026f8       0x20 src/CMakeFiles/picow_freertos.dir/C_/Users/Elcio.SAMSUNGBOOK-2DE/.pico-sdk/sdk/2.1.1/src/common/pico_sync/sem.c.obj
                0x100026f8                sem_init
 .text.lock_init
                0x10002718       0x10 src/CMakeFiles/picow_freertos.dir/C_/Users/Elcio.SAMSUNGBOOK-2DE/.pico-sdk/sdk/2.1.1/src/common/pico_sync/lock_core.c.obj
                0x10002718                lock_init
 .text.runtime_init_mutex
                0x10002728       0x54 src/CMakeFiles/picow_freertos.dir/C_/Users/Elcio.SAMSUNGBOOK-2DE/.pico-sdk/sdk/2.1.1/src/common/pico_sync/mutex.c.obj
                0x10002728                runtime_init_mutex
 .text.mutex_init
                0x1000277c       0x1c src/CMakeFiles/picow_freertos.dir/C_/Users/Elcio.SAMSUNGBOOK-2DE/.pico-sdk/sdk/2.1.1/src/common/pico_sync/mutex.c.obj
                0x1000277c                mutex_init
 .text.recursive_mutex_init
                0x10002798       0x20 src/CMakeFiles/picow_freertos.dir/C_/Users/Elcio.SAMSUNGBOOK-2DE/.pico-sdk/sdk/2.1.1/src/common/pico_sync/mutex.c.obj
                0x10002798                recursive_mutex_init
 .text.critical_section_init
                0x100027b8       0x1c src/CMakeFiles/picow_freertos.dir/C_/Users/Elcio.SAMSUNGBOOK-2DE/.pico-sdk/sdk/2.1.1/src/common/pico_sync/critical_section.c.obj
                0x100027b8                critical_section_init
 .text.critical_section_init_with_lock_num
                0x100027d4       0x14 src/CMakeFiles/picow_freertos.dir/C_/Users/Elcio.SAMSUNGBOOK-2DE/.pico-sdk/sdk/2.1.1/src/common/pico_sync/critical_section.c.obj
                0x100027d4                critical_section_init_with_lock_num
 .text.alarm_pool_irq_handler
                0x100027e8      0x300 src/CMakeFiles/picow_freertos.dir/C_/Users/Elcio.SAMSUNGBOOK-2DE/.pico-sdk/sdk/2.1.1/src/common/pico_time/time.c.obj
 .text.sleep_until_callback
                0x10002ae8       0x24 src/CMakeFiles/picow_freertos.dir/C_/Users/Elcio.SAMSUNGBOOK-2DE/.pico-sdk/sdk/2.1.1/src/common/pico_time/time.c.obj
 .text.runtime_init_default_alarm_pool
                0x10002b0c       0xdc src/CMakeFiles/picow_freertos.dir/C_/Users/Elcio.SAMSUNGBOOK-2DE/.pico-sdk/sdk/2.1.1/src/common/pico_time/time.c.obj
                0x10002b0c                runtime_init_default_alarm_pool
 .text.alarm_pool_get_default
                0x10002be8        0x8 src/CMakeFiles/picow_freertos.dir/C_/Users/Elcio.SAMSUNGBOOK-2DE/.pico-sdk/sdk/2.1.1/src/common/pico_time/time.c.obj
                0x10002be8                alarm_pool_get_default
 .text.alarm_pool_create_on_timer_with_unused_hardware_alarm
                0x10002bf0       0xa8 src/CMakeFiles/picow_freertos.dir/C_/Users/Elcio.SAMSUNGBOOK-2DE/.pico-sdk/sdk/2.1.1/src/common/pico_time/time.c.obj
                0x10002bf0                alarm_pool_create_on_timer_with_unused_hardware_alarm
 .text.alarm_pool_destroy
                0x10002c98       0x5c src/CMakeFiles/picow_freertos.dir/C_/Users/Elcio.SAMSUNGBOOK-2DE/.pico-sdk/sdk/2.1.1/src/common/pico_time/time.c.obj
                0x10002c98                alarm_pool_destroy
 .text.alarm_pool_add_alarm_at
                0x10002cf4       0xd0 src/CMakeFiles/picow_freertos.dir/C_/Users/Elcio.SAMSUNGBOOK-2DE/.pico-sdk/sdk/2.1.1/src/common/pico_time/time.c.obj
                0x10002cf4                alarm_pool_add_alarm_at
 .text.alarm_pool_add_alarm_at_force_in_context
                0x10002dc4       0xb0 src/CMakeFiles/picow_freertos.dir/C_/Users/Elcio.SAMSUNGBOOK-2DE/.pico-sdk/sdk/2.1.1/src/common/pico_time/time.c.obj
                0x10002dc4                alarm_pool_add_alarm_at_force_in_context
 .text.alarm_pool_cancel_alarm
                0x10002e74       0x74 src/CMakeFiles/picow_freertos.dir/C_/Users/Elcio.SAMSUNGBOOK-2DE/.pico-sdk/sdk/2.1.1/src/common/pico_time/time.c.obj
                0x10002e74                alarm_pool_cancel_alarm
 .text.alarm_pool_core_num
                0x10002ee8        0x4 src/CMakeFiles/picow_freertos.dir/C_/Users/Elcio.SAMSUNGBOOK-2DE/.pico-sdk/sdk/2.1.1/src/common/pico_time/time.c.obj
                0x10002ee8                alarm_pool_core_num
 .text.sleep_until
                0x10002eec       0xcc src/CMakeFiles/picow_freertos.dir/C_/Users/Elcio.SAMSUNGBOOK-2DE/.pico-sdk/sdk/2.1.1/src/common/pico_time/time.c.obj
                0x10002eec                sleep_until
 .text.sleep_ms
                0x10002fb8       0xf8 src/CMakeFiles/picow_freertos.dir/C_/Users/Elcio.SAMSUNGBOOK-2DE/.pico-sdk/sdk/2.1.1/src/common/pico_time/time.c.obj
                0x10002fb8                sleep_ms
 .text.best_effort_wfe_or_timeout
                0x100030b0      0x10c src/CMakeFiles/picow_freertos.dir/C_/Users/Elcio.SAMSUNGBOOK-2DE/.pico-sdk/sdk/2.1.1/src/common/pico_time/time.c.obj
                0x100030b0                best_effort_wfe_or_timeout
 .text.alarm_pool_get_default_timer
                0x100031bc        0x8 src/CMakeFiles/picow_freertos.dir/C_/Users/Elcio.SAMSUNGBOOK-2DE/.pico-sdk/sdk/2.1.1/src/common/pico_time/time.c.obj
                0x100031bc                alarm_pool_get_default_timer
 .text.timer_hardware_alarm_claim
                0x100031c4       0x14 src/CMakeFiles/picow_freertos.dir/C_/Users/Elcio.SAMSUNGBOOK-2DE/.pico-sdk/sdk/2.1.1/src/rp2_common/hardware_timer/timer.c.obj
                0x100031c4                timer_hardware_alarm_claim
 .text.hardware_alarm_unclaim
                0x100031d8       0x14 src/CMakeFiles/picow_freertos.dir/C_/Users/Elcio.SAMSUNGBOOK-2DE/.pico-sdk/sdk/2.1.1/src/rp2_common/hardware_timer/timer.c.obj
                0x100031d8                hardware_alarm_unclaim
 .text.timer_hardware_alarm_claim_unused
                0x100031ec       0x20 src/CMakeFiles/picow_freertos.dir/C_/Users/Elcio.SAMSUNGBOOK-2DE/.pico-sdk/sdk/2.1.1/src/rp2_common/hardware_timer/timer.c.obj
                0x100031ec                timer_hardware_alarm_claim_unused
 .text.timer_time_us_64
                0x1000320c       0x10 src/CMakeFiles/picow_freertos.dir/C_/Users/Elcio.SAMSUNGBOOK-2DE/.pico-sdk/sdk/2.1.1/src/rp2_common/hardware_timer/timer.c.obj
                0x1000320c                timer_time_us_64
 .text.time_us_64
                0x1000321c       0x14 src/CMakeFiles/picow_freertos.dir/C_/Users/Elcio.SAMSUNGBOOK-2DE/.pico-sdk/sdk/2.1.1/src/rp2_common/hardware_timer/timer.c.obj
                0x1000321c                time_us_64
 .text.busy_wait_until
                0x10003230       0x20 src/CMakeFiles/picow_freertos.dir/C_/Users/Elcio.SAMSUNGBOOK-2DE/.pico-sdk/sdk/2.1.1/src/rp2_common/hardware_timer/timer.c.obj
                0x10003230                busy_wait_until
 .text.clock_configure_int_divider
                0x10003250       0xf4 src/CMakeFiles/picow_freertos.dir/C_/Users/Elcio.SAMSUNGBOOK-2DE/.pico-sdk/sdk/2.1.1/src/rp2_common/hardware_clocks/clocks.c.obj
                0x10003250                clock_configure_int_divider
 .text.clock_configure_undivided
                0x10003344       0xe8 src/CMakeFiles/picow_freertos.dir/C_/Users/Elcio.SAMSUNGBOOK-2DE/.pico-sdk/sdk/2.1.1/src/rp2_common/hardware_clocks/clocks.c.obj
                0x10003344                clock_configure_undivided
 .text.clock_get_hz
                0x1000342c        0xc src/CMakeFiles/picow_freertos.dir/C_/Users/Elcio.SAMSUNGBOOK-2DE/.pico-sdk/sdk/2.1.1/src/rp2_common/hardware_clocks/clocks.c.obj
                0x1000342c                clock_get_hz
 .text.pll_init
                0x10003438       0xa4 src/CMakeFiles/picow_freertos.dir/C_/Users/Elcio.SAMSUNGBOOK-2DE/.pico-sdk/sdk/2.1.1/src/rp2_common/hardware_pll/pll.c.obj
                0x10003438                pll_init
 .text.watchdog_reboot
                0x100034dc       0x9c src/CMakeFiles/picow_freertos.dir/C_/Users/Elcio.SAMSUNGBOOK-2DE/.pico-sdk/sdk/2.1.1/src/rp2_common/hardware_watchdog/watchdog.c.obj
                0x100034dc                watchdog_reboot
 .text.tick_start
                0x10003578       0x10 src/CMakeFiles/picow_freertos.dir/C_/Users/Elcio.SAMSUNGBOOK-2DE/.pico-sdk/sdk/2.1.1/src/rp2_common/hardware_ticks/ticks.c.obj
                0x10003578                tick_start
 .text.rom_func_lookup
                0x10003588       0x10 src/CMakeFiles/picow_freertos.dir/C_/Users/Elcio.SAMSUNGBOOK-2DE/.pico-sdk/sdk/2.1.1/src/rp2_common/pico_bootrom/bootrom.c.obj
                0x10003588                rom_func_lookup
 .text.rom_data_lookup
                0x10003598       0x10 src/CMakeFiles/picow_freertos.dir/C_/Users/Elcio.SAMSUNGBOOK-2DE/.pico-sdk/sdk/2.1.1/src/rp2_common/pico_bootrom/bootrom.c.obj
                0x10003598                rom_data_lookup
 .text.rom_funcs_lookup
                0x100035a8       0x44 src/CMakeFiles/picow_freertos.dir/C_/Users/Elcio.SAMSUNGBOOK-2DE/.pico-sdk/sdk/2.1.1/src/rp2_common/pico_bootrom/bootrom.c.obj
                0x100035a8                rom_funcs_lookup
 .text.rom_reset_usb_boot_extra
                0x100035ec       0x24 src/CMakeFiles/picow_freertos.dir/C_/Users/Elcio.SAMSUNGBOOK-2DE/.pico-sdk/sdk/2.1.1/src/rp2_common/pico_bootrom/bootrom.c.obj
                0x100035ec                rom_reset_usb_boot_extra
 .text.xosc_init
                0x10003610       0x28 src/CMakeFiles/picow_freertos.dir/C_/Users/Elcio.SAMSUNGBOOK-2DE/.pico-sdk/sdk/2.1.1/src/rp2_common/hardware_xosc/xosc.c.obj
                0x10003610                xosc_init
 .text.first_per_core_initializer
                0x10003638        0x4 src/CMakeFiles/picow_freertos.dir/C_/Users/Elcio.SAMSUNGBOOK-2DE/.pico-sdk/sdk/2.1.1/src/rp2_common/pico_runtime/runtime.c.obj
 .text.hard_assertion_failure
                0x1000363c        0xc src/CMakeFiles/picow_freertos.dir/C_/Users/Elcio.SAMSUNGBOOK-2DE/.pico-sdk/sdk/2.1.1/src/rp2_common/pico_runtime/runtime.c.obj
                0x1000363c                hard_assertion_failure
 .text.runtime_run_initializers
                0x10003648       0x28 src/CMakeFiles/picow_freertos.dir/C_/Users/Elcio.SAMSUNGBOOK-2DE/.pico-sdk/sdk/2.1.1/src/rp2_common/pico_runtime/runtime.c.obj
                0x10003648                runtime_run_initializers
 .text.runtime_init_early_resets
                0x10003670       0x2c src/CMakeFiles/picow_freertos.dir/C_/Users/Elcio.SAMSUNGBOOK-2DE/.pico-sdk/sdk/2.1.1/src/rp2_common/pico_runtime_init/runtime_init.c.obj
                0x10003670                runtime_init_early_resets
 .text.runtime_init_usb_power_down
                0x1000369c       0x1c src/CMakeFiles/picow_freertos.dir/C_/Users/Elcio.SAMSUNGBOOK-2DE/.pico-sdk/sdk/2.1.1/src/rp2_common/pico_runtime_init/runtime_init.c.obj
                0x1000369c                runtime_init_usb_power_down
 .text.runtime_init_post_clock_resets
                0x100036b8       0x20 src/CMakeFiles/picow_freertos.dir/C_/Users/Elcio.SAMSUNGBOOK-2DE/.pico-sdk/sdk/2.1.1/src/rp2_common/pico_runtime_init/runtime_init.c.obj
                0x100036b8                runtime_init_post_clock_resets
 .text.runtime_init_rp2040_gpio_ie_disable
                0x100036d8       0x14 src/CMakeFiles/picow_freertos.dir/C_/Users/Elcio.SAMSUNGBOOK-2DE/.pico-sdk/sdk/2.1.1/src/rp2_common/pico_runtime_init/runtime_init.c.obj
                0x100036d8                runtime_init_rp2040_gpio_ie_disable
 .text.runtime_init_spin_locks_reset
                0x100036ec        0x8 src/CMakeFiles/picow_freertos.dir/C_/Users/Elcio.SAMSUNGBOOK-2DE/.pico-sdk/sdk/2.1.1/src/rp2_common/pico_runtime_init/runtime_init.c.obj
                0x100036ec                runtime_init_spin_locks_reset
 .text.runtime_init_install_ram_vector_table
                0x100036f4       0x1c src/CMakeFiles/picow_freertos.dir/C_/Users/Elcio.SAMSUNGBOOK-2DE/.pico-sdk/sdk/2.1.1/src/rp2_common/pico_runtime_init/runtime_init.c.obj
                0x100036f4                runtime_init_install_ram_vector_table
 .text.runtime_init_clocks
                0x10003710       0xd8 src/CMakeFiles/picow_freertos.dir/C_/Users/Elcio.SAMSUNGBOOK-2DE/.pico-sdk/sdk/2.1.1/src/rp2_common/pico_runtime_init/runtime_init_clocks.c.obj
                0x10003710                runtime_init_clocks
 .text          0x100037e8       0x10 src/CMakeFiles/picow_freertos.dir/C_/Users/Elcio.SAMSUNGBOOK-2DE/.pico-sdk/sdk/2.1.1/src/rp2_common/pico_bit_ops/bit_ops_aeabi.S.obj
 .text.ctzsi    0x100037f8        0xc src/CMakeFiles/picow_freertos.dir/C_/Users/Elcio.SAMSUNGBOOK-2DE/.pico-sdk/sdk/2.1.1/src/rp2_common/pico_bit_ops/bit_ops_aeabi.S.obj
                0x100037f8                __wrap___ctzsi2
 .text.__wrap___aeabi_idiv
                0x10003804       0x50 src/CMakeFiles/picow_freertos.dir/C_/Users/Elcio.SAMSUNGBOOK-2DE/.pico-sdk/sdk/2.1.1/src/rp2_common/pico_divider/divider_hardware.S.obj
                0x10003804                __wrap___aeabi_idivmod
                0x10003804                divmod_s32s32
                0x10003804                div_s32s32
                0x10003804                __wrap___aeabi_idiv
                0x1000380c                divmod_s32s32_unsafe
                0x10003838                divmod_s32s32_savestate
 .text.__wrap___aeabi_uidiv
                0x10003854       0x4c src/CMakeFiles/picow_freertos.dir/C_/Users/Elcio.SAMSUNGBOOK-2DE/.pico-sdk/sdk/2.1.1/src/rp2_common/pico_divider/divider_hardware.S.obj
                0x10003854                __wrap___aeabi_uidiv
                0x10003854                __wrap___aeabi_uidivmod
                0x10003854                div_u32u32
                0x10003854                divmod_u32u32
                0x1000385c                divmod_u32u32_unsafe
                0x10003884                divmod_u32u32_savestate
 .text.__wrap___aeabi_ldiv
                0x100038a0      0x424 src/CMakeFiles/picow_freertos.dir/C_/Users/Elcio.SAMSUNGBOOK-2DE/.pico-sdk/sdk/2.1.1/src/rp2_common/pico_divider/divider_hardware.S.obj
                0x100038a0                div_s64s64
                0x100038a0                divmod_s64s64
                0x100038a0                __wrap___aeabi_ldivmod
                0x100038d0                divmod_u64u64
                0x100038d0                div_u64u64
                0x100038d0                __wrap___aeabi_uldivmod
                0x100038e0                divmod_u64u64_savestate
                0x10003900                divmod_s64s64_unsafe
                0x10003988                divmod_u64u64_unsafe
 .text.__wrap___aeabi_darithmetic
                0x10003cc4       0x60 src/CMakeFiles/picow_freertos.dir/C_/Users/Elcio.SAMSUNGBOOK-2DE/.pico-sdk/sdk/2.1.1/src/rp2_common/pico_double/double_aeabi_rp2040.S.obj
                0x10003cc4                __wrap___aeabi_drsub
                0x10003cca                __wrap___aeabi_dsub
                0x10003cd4                __wrap___aeabi_dadd
                0x10003cde                __wrap___aeabi_ddiv
                0x10003d12                __wrap___aeabi_dmul
 .text.__wrap___aeabi_cdcmple
                0x10003d24       0x6c src/CMakeFiles/picow_freertos.dir/C_/Users/Elcio.SAMSUNGBOOK-2DE/.pico-sdk/sdk/2.1.1/src/rp2_common/pico_double/double_aeabi_rp2040.S.obj
                0x10003d24                __wrap___aeabi_cdrcmple
                0x10003d34                __wrap___aeabi_cdcmpeq
                0x10003d34                __wrap___aeabi_cdcmple
 .text.__wrap___aeabi_dcmplt
                0x10003d90        0xc src/CMakeFiles/picow_freertos.dir/C_/Users/Elcio.SAMSUNGBOOK-2DE/.pico-sdk/sdk/2.1.1/src/rp2_common/pico_double/double_aeabi_rp2040.S.obj
                0x10003d90                __wrap___aeabi_dcmplt
 .text.__wrap___aeabi_dcmple
                0x10003d9c       0x10 src/CMakeFiles/picow_freertos.dir/C_/Users/Elcio.SAMSUNGBOOK-2DE/.pico-sdk/sdk/2.1.1/src/rp2_common/pico_double/double_aeabi_rp2040.S.obj
                0x10003d9c                __wrap___aeabi_dcmple
 .text.__wrap___aeabi_dcmpge
                0x10003dac       0x10 src/CMakeFiles/picow_freertos.dir/C_/Users/Elcio.SAMSUNGBOOK-2DE/.pico-sdk/sdk/2.1.1/src/rp2_common/pico_double/double_aeabi_rp2040.S.obj
                0x10003dac                __wrap___aeabi_dcmpge
 .text.__wrap___aeabi_dcmpgt
                0x10003dbc        0xa src/CMakeFiles/picow_freertos.dir/C_/Users/Elcio.SAMSUNGBOOK-2DE/.pico-sdk/sdk/2.1.1/src/rp2_common/pico_double/double_aeabi_rp2040.S.obj
                0x10003dbc                __wrap___aeabi_dcmpgt
 .text.__wrap___aeabi_dcmpun
                0x10003dc6       0x18 src/CMakeFiles/picow_freertos.dir/C_/Users/Elcio.SAMSUNGBOOK-2DE/.pico-sdk/sdk/2.1.1/src/rp2_common/pico_double/double_aeabi_rp2040.S.obj
                0x10003dc6                __wrap___aeabi_dcmpun
 *fill*         0x10003dde        0x2 
 .text.__wrap___aeabi_i2d
                0x10003de0       0x38 src/CMakeFiles/picow_freertos.dir/C_/Users/Elcio.SAMSUNGBOOK-2DE/.pico-sdk/sdk/2.1.1/src/rp2_common/pico_double/double_aeabi_rp2040.S.obj
                0x10003de0                uint2double
                0x10003de0                __wrap___aeabi_ui2d
                0x10003de8                int2double
                0x10003de8                __wrap___aeabi_i2d
 .text.__wrap___aeabi_d2iz
                0x10003e18       0x48 src/CMakeFiles/picow_freertos.dir/C_/Users/Elcio.SAMSUNGBOOK-2DE/.pico-sdk/sdk/2.1.1/src/rp2_common/pico_double/double_aeabi_rp2040.S.obj
                0x10003e18                double2int_z
                0x10003e18                __wrap___aeabi_d2iz
 .text.__wrap___aeabi_d2uiz
                0x10003e60       0x10 src/CMakeFiles/picow_freertos.dir/C_/Users/Elcio.SAMSUNGBOOK-2DE/.pico-sdk/sdk/2.1.1/src/rp2_common/pico_double/double_aeabi_rp2040.S.obj
                0x10003e60                double2uint
                0x10003e60                __wrap___aeabi_d2uiz
                0x10003e60                double2uint_z
 .text.missing_double_func_shim
                0x10003e70        0xc src/CMakeFiles/picow_freertos.dir/C_/Users/Elcio.SAMSUNGBOOK-2DE/.pico-sdk/sdk/2.1.1/src/rp2_common/pico_double/double_init_rom_rp2040.c.obj
 .text.__aeabi_double_init
                0x10003e7c       0xa0 src/CMakeFiles/picow_freertos.dir/C_/Users/Elcio.SAMSUNGBOOK-2DE/.pico-sdk/sdk/2.1.1/src/rp2_common/pico_double/double_init_rom_rp2040.c.obj
                0x10003e7c                __aeabi_double_init
 .text.double_table_shim_on_use_helper
                0x10003f1c       0x2c src/CMakeFiles/picow_freertos.dir/C_/Users/Elcio.SAMSUNGBOOK-2DE/.pico-sdk/sdk/2.1.1/src/rp2_common/pico_double/double_v1_rom_shim_rp2040.S.obj
                0x10003f1c                double_table_shim_on_use_helper
 .text.__aeabi_lmul
                0x10003f48       0x32 src/CMakeFiles/picow_freertos.dir/C_/Users/Elcio.SAMSUNGBOOK-2DE/.pico-sdk/sdk/2.1.1/src/rp2_common/pico_int64_ops/pico_int64_ops_aeabi.S.obj
                0x10003f48                __wrap___aeabi_lmul
 *fill*         0x10003f7a        0x2 
 .text.__wrap___aeabi_farithmetic
                0x10003f7c       0x48 src/CMakeFiles/picow_freertos.dir/C_/Users/Elcio.SAMSUNGBOOK-2DE/.pico-sdk/sdk/2.1.1/src/rp2_common/pico_float/float_aeabi_rp2040.S.obj
                0x10003f7c                __wrap___aeabi_frsub
                0x10003f82                __wrap___aeabi_fsub
                0x10003f88                __wrap___aeabi_fadd
                0x10003f8e                __wrap___aeabi_fdiv
                0x10003fb6                __wrap___aeabi_fmul
 .text.__wrap___aeabi_cfcmple
                0x10003fc4       0x50 src/CMakeFiles/picow_freertos.dir/C_/Users/Elcio.SAMSUNGBOOK-2DE/.pico-sdk/sdk/2.1.1/src/rp2_common/pico_float/float_aeabi_rp2040.S.obj
                0x10003fc4                __wrap___aeabi_cfrcmple
                0x10003fd0                __wrap___aeabi_cfcmple
                0x10003fd0                __wrap___aeabi_cfcmpeq
 .text.__wrap___aeabi_fcmplt
                0x10004014        0xc src/CMakeFiles/picow_freertos.dir/C_/Users/Elcio.SAMSUNGBOOK-2DE/.pico-sdk/sdk/2.1.1/src/rp2_common/pico_float/float_aeabi_rp2040.S.obj
                0x10004014                __wrap___aeabi_fcmplt
 .text.__wrap___aeabi_fcmpgt
                0x10004020        0xa src/CMakeFiles/picow_freertos.dir/C_/Users/Elcio.SAMSUNGBOOK-2DE/.pico-sdk/sdk/2.1.1/src/rp2_common/pico_float/float_aeabi_rp2040.S.obj
                0x10004020                __wrap___aeabi_fcmpgt
 .text.__wrap___aeabi_ui2f
                0x1000402a        0xa src/CMakeFiles/picow_freertos.dir/C_/Users/Elcio.SAMSUNGBOOK-2DE/.pico-sdk/sdk/2.1.1/src/rp2_common/pico_float/float_aeabi_rp2040.S.obj
                0x1000402a                __wrap___aeabi_ui2f
                0x1000402a                uint2float
 .text.__wrap___aeabi_i2f
                0x10004034       0x44 src/CMakeFiles/picow_freertos.dir/C_/Users/Elcio.SAMSUNGBOOK-2DE/.pico-sdk/sdk/2.1.1/src/rp2_common/pico_float/float_aeabi_rp2040.S.obj
                0x10004034                __wrap___aeabi_i2f
                0x10004034                int2float
 .text.__wrap___aeabi_f2iz
                0x10004078       0x4e src/CMakeFiles/picow_freertos.dir/C_/Users/Elcio.SAMSUNGBOOK-2DE/.pico-sdk/sdk/2.1.1/src/rp2_common/pico_float/float_aeabi_rp2040.S.obj
                0x10004078                float2int_z
                0x10004078                __wrap___aeabi_f2iz
 *fill*         0x100040c6        0x2 
 .text.float2int
                0x100040c8        0xc src/CMakeFiles/picow_freertos.dir/C_/Users/Elcio.SAMSUNGBOOK-2DE/.pico-sdk/sdk/2.1.1/src/rp2_common/pico_float/float_aeabi_rp2040.S.obj
                0x100040c8                float2int
 .text.__wrap___aeabi_f2uiz
                0x100040d4        0xc src/CMakeFiles/picow_freertos.dir/C_/Users/Elcio.SAMSUNGBOOK-2DE/.pico-sdk/sdk/2.1.1/src/rp2_common/pico_float/float_aeabi_rp2040.S.obj
                0x100040d4                float2uint_z
                0x100040d4                __wrap___aeabi_f2uiz
                0x100040d4                float2uint
 .text.__wrap___aeabi_f2d
                0x100040e0        0xc src/CMakeFiles/picow_freertos.dir/C_/Users/Elcio.SAMSUNGBOOK-2DE/.pico-sdk/sdk/2.1.1/src/rp2_common/pico_float/float_aeabi_rp2040.S.obj
                0x100040e0                __wrap___aeabi_f2d
 .text.missing_float_func_shim
                0x100040ec        0xc src/CMakeFiles/picow_freertos.dir/C_/Users/Elcio.SAMSUNGBOOK-2DE/.pico-sdk/sdk/2.1.1/src/rp2_common/pico_float/float_init_rom_rp2040.c.obj
 .text.__aeabi_float_init
                0x100040f8       0x5c src/CMakeFiles/picow_freertos.dir/C_/Users/Elcio.SAMSUNGBOOK-2DE/.pico-sdk/sdk/2.1.1/src/rp2_common/pico_float/float_init_rom_rp2040.c.obj
                0x100040f8                __aeabi_float_init
 .text.__wrap_malloc
                0x10004154       0x3c src/CMakeFiles/picow_freertos.dir/C_/Users/Elcio.SAMSUNGBOOK-2DE/.pico-sdk/sdk/2.1.1/src/rp2_common/pico_malloc/malloc.c.obj
                0x10004154                __wrap_malloc
 .text.__wrap_calloc
                0x10004190       0x44 src/CMakeFiles/picow_freertos.dir/C_/Users/Elcio.SAMSUNGBOOK-2DE/.pico-sdk/sdk/2.1.1/src/rp2_common/pico_malloc/malloc.c.obj
                0x10004190                __wrap_calloc
 .text.__wrap_free
                0x100041d4       0x20 src/CMakeFiles/picow_freertos.dir/C_/Users/Elcio.SAMSUNGBOOK-2DE/.pico-sdk/sdk/2.1.1/src/rp2_common/pico_malloc/malloc.c.obj
                0x100041d4                __wrap_free
 .text          0x100041f4       0x10 src/CMakeFiles/picow_freertos.dir/C_/Users/Elcio.SAMSUNGBOOK-2DE/.pico-sdk/sdk/2.1.1/src/rp2_common/pico_mem_ops/mem_ops_aeabi.S.obj
                0x100041f4                __aeabi_mem_init
 .text.memset   0x10004204        0xc src/CMakeFiles/picow_freertos.dir/C_/Users/Elcio.SAMSUNGBOOK-2DE/.pico-sdk/sdk/2.1.1/src/rp2_common/pico_mem_ops/mem_ops_aeabi.S.obj
                0x10004204                __wrap_memset
 .text.memcpy   0x10004210        0xc src/CMakeFiles/picow_freertos.dir/C_/Users/Elcio.SAMSUNGBOOK-2DE/.pico-sdk/sdk/2.1.1/src/rp2_common/pico_mem_ops/mem_ops_aeabi.S.obj
                0x10004210                __wrap_memcpy
                0x10004210                __wrap___aeabi_memcpy
 .text._out_null
                0x1000421c        0x4 src/CMakeFiles/picow_freertos.dir/C_/Users/Elcio.SAMSUNGBOOK-2DE/.pico-sdk/sdk/2.1.1/src/rp2_common/pico_printf/printf.c.obj
 .text._out_rev
                0x10004220       0xac src/CMakeFiles/picow_freertos.dir/C_/Users/Elcio.SAMSUNGBOOK-2DE/.pico-sdk/sdk/2.1.1/src/rp2_common/pico_printf/printf.c.obj
 .text._ntoa_format
                0x100042cc      0x1cc src/CMakeFiles/picow_freertos.dir/C_/Users/Elcio.SAMSUNGBOOK-2DE/.pico-sdk/sdk/2.1.1/src/rp2_common/pico_printf/printf.c.obj
 .text._out_char
                0x10004498       0x10 src/CMakeFiles/picow_freertos.dir/C_/Users/Elcio.SAMSUNGBOOK-2DE/.pico-sdk/sdk/2.1.1/src/rp2_common/pico_printf/printf.c.obj
 .text._out_fct
                0x100044a8       0x10 src/CMakeFiles/picow_freertos.dir/C_/Users/Elcio.SAMSUNGBOOK-2DE/.pico-sdk/sdk/2.1.1/src/rp2_common/pico_printf/printf.c.obj
 .text._ftoa    0x100044b8      0x4a8 src/CMakeFiles/picow_freertos.dir/C_/Users/Elcio.SAMSUNGBOOK-2DE/.pico-sdk/sdk/2.1.1/src/rp2_common/pico_printf/printf.c.obj
 .text._etoa    0x10004960      0x57c src/CMakeFiles/picow_freertos.dir/C_/Users/Elcio.SAMSUNGBOOK-2DE/.pico-sdk/sdk/2.1.1/src/rp2_common/pico_printf/printf.c.obj
 .text._vsnprintf
                0x10004edc      0xbe0 src/CMakeFiles/picow_freertos.dir/C_/Users/Elcio.SAMSUNGBOOK-2DE/.pico-sdk/sdk/2.1.1/src/rp2_common/pico_printf/printf.c.obj
 .text.vfctprintf
                0x10005abc       0x24 src/CMakeFiles/picow_freertos.dir/C_/Users/Elcio.SAMSUNGBOOK-2DE/.pico-sdk/sdk/2.1.1/src/rp2_common/pico_printf/printf.c.obj
                0x10005abc                vfctprintf
 .text.weak_raw_vprintf
                0x10005ae0       0x30 src/CMakeFiles/picow_freertos.dir/C_/Users/Elcio.SAMSUNGBOOK-2DE/.pico-sdk/sdk/2.1.1/src/rp2_common/pico_printf/printf.c.obj
                0x10005ae0                weak_raw_vprintf
 .text._exit    0x10005b10        0x4 src/CMakeFiles/picow_freertos.dir/C_/Users/Elcio.SAMSUNGBOOK-2DE/.pico-sdk/sdk/2.1.1/src/rp2_common/pico_clib_interface/newlib_interface.c.obj
                0x10005b10                _exit
 .text._sbrk    0x10005b14       0x34 src/CMakeFiles/picow_freertos.dir/C_/Users/Elcio.SAMSUNGBOOK-2DE/.pico-sdk/sdk/2.1.1/src/rp2_common/pico_clib_interface/newlib_interface.c.obj
                0x10005b14                _sbrk
 .text.exit     0x10005b48        0x8 src/CMakeFiles/picow_freertos.dir/C_/Users/Elcio.SAMSUNGBOOK-2DE/.pico-sdk/sdk/2.1.1/src/rp2_common/pico_clib_interface/newlib_interface.c.obj
                0x10005b48                exit
 .text.runtime_init
                0x10005b50       0x2c src/CMakeFiles/picow_freertos.dir/C_/Users/Elcio.SAMSUNGBOOK-2DE/.pico-sdk/sdk/2.1.1/src/rp2_common/pico_clib_interface/newlib_interface.c.obj
                0x10005b50                runtime_init
 .text.stdio_out_chars_no_crlf
                0x10005b7c       0x10 src/CMakeFiles/picow_freertos.dir/C_/Users/Elcio.SAMSUNGBOOK-2DE/.pico-sdk/sdk/2.1.1/src/rp2_common/pico_stdio/stdio.c.obj
 .text.stdio_out_chars_crlf
                0x10005b8c       0xb0 src/CMakeFiles/picow_freertos.dir/C_/Users/Elcio.SAMSUNGBOOK-2DE/.pico-sdk/sdk/2.1.1/src/rp2_common/pico_stdio/stdio.c.obj
 .text.stdio_buffered_printer
                0x10005c3c       0x64 src/CMakeFiles/picow_freertos.dir/C_/Users/Elcio.SAMSUNGBOOK-2DE/.pico-sdk/sdk/2.1.1/src/rp2_common/pico_stdio/stdio.c.obj
 .text.stdio_put_string
                0x10005ca0       0xfc src/CMakeFiles/picow_freertos.dir/C_/Users/Elcio.SAMSUNGBOOK-2DE/.pico-sdk/sdk/2.1.1/src/rp2_common/pico_stdio/stdio.c.obj
                0x10005ca0                stdio_put_string
 .text.stdio_set_driver_enabled
                0x10005d9c       0x30 src/CMakeFiles/picow_freertos.dir/C_/Users/Elcio.SAMSUNGBOOK-2DE/.pico-sdk/sdk/2.1.1/src/rp2_common/pico_stdio/stdio.c.obj
                0x10005d9c                stdio_set_driver_enabled
 .text.stdio_init_all
                0x10005dcc        0x8 src/CMakeFiles/picow_freertos.dir/C_/Users/Elcio.SAMSUNGBOOK-2DE/.pico-sdk/sdk/2.1.1/src/rp2_common/pico_stdio/stdio.c.obj
                0x10005dcc                stdio_init_all
 .text.__wrap_putchar
                0x10005dd4       0x94 src/CMakeFiles/picow_freertos.dir/C_/Users/Elcio.SAMSUNGBOOK-2DE/.pico-sdk/sdk/2.1.1/src/rp2_common/pico_stdio/stdio.c.obj
                0x10005dd4                __wrap_putchar
                0x10005dd4                stdio_putchar
 .text.__wrap_puts
                0x10005e68       0x3c src/CMakeFiles/picow_freertos.dir/C_/Users/Elcio.SAMSUNGBOOK-2DE/.pico-sdk/sdk/2.1.1/src/rp2_common/pico_stdio/stdio.c.obj
                0x10005e68                stdio_puts
                0x10005e68                __wrap_puts
 .text.__wrap_vprintf
                0x10005ea4       0xcc src/CMakeFiles/picow_freertos.dir/C_/Users/Elcio.SAMSUNGBOOK-2DE/.pico-sdk/sdk/2.1.1/src/rp2_common/pico_stdio/stdio.c.obj
                0x10005ea4                stdio_vprintf
                0x10005ea4                __wrap_vprintf
 .text.__wrap_printf
                0x10005f70       0x18 src/CMakeFiles/picow_freertos.dir/C_/Users/Elcio.SAMSUNGBOOK-2DE/.pico-sdk/sdk/2.1.1/src/rp2_common/pico_stdio/stdio.c.obj
                0x10005f70                __wrap_printf
                0x10005f70                stdio_printf
 .text.resetd_init
                0x10005f88        0x4 src/CMakeFiles/picow_freertos.dir/C_/Users/Elcio.SAMSUNGBOOK-2DE/.pico-sdk/sdk/2.1.1/src/rp2_common/pico_stdio_usb/reset_interface.c.obj
 .text.resetd_reset
                0x10005f8c        0xc src/CMakeFiles/picow_freertos.dir/C_/Users/Elcio.SAMSUNGBOOK-2DE/.pico-sdk/sdk/2.1.1/src/rp2_common/pico_stdio_usb/reset_interface.c.obj
 .text.resetd_open
                0x10005f98       0x28 src/CMakeFiles/picow_freertos.dir/C_/Users/Elcio.SAMSUNGBOOK-2DE/.pico-sdk/sdk/2.1.1/src/rp2_common/pico_stdio_usb/reset_interface.c.obj
 .text.resetd_xfer_cb
                0x10005fc0        0x4 src/CMakeFiles/picow_freertos.dir/C_/Users/Elcio.SAMSUNGBOOK-2DE/.pico-sdk/sdk/2.1.1/src/rp2_common/pico_stdio_usb/reset_interface.c.obj
 .text.resetd_control_xfer_cb
                0x10005fc4       0x54 src/CMakeFiles/picow_freertos.dir/C_/Users/Elcio.SAMSUNGBOOK-2DE/.pico-sdk/sdk/2.1.1/src/rp2_common/pico_stdio_usb/reset_interface.c.obj
 .text.tud_descriptor_bos_cb
                0x10006018        0x8 src/CMakeFiles/picow_freertos.dir/C_/Users/Elcio.SAMSUNGBOOK-2DE/.pico-sdk/sdk/2.1.1/src/rp2_common/pico_stdio_usb/reset_interface.c.obj
                0x10006018                tud_descriptor_bos_cb
 .text.tud_vendor_control_xfer_cb
                0x10006020       0x34 src/CMakeFiles/picow_freertos.dir/C_/Users/Elcio.SAMSUNGBOOK-2DE/.pico-sdk/sdk/2.1.1/src/rp2_common/pico_stdio_usb/reset_interface.c.obj
                0x10006020                tud_vendor_control_xfer_cb
 .text.usbd_app_driver_get_cb
                0x10006054        0xc src/CMakeFiles/picow_freertos.dir/C_/Users/Elcio.SAMSUNGBOOK-2DE/.pico-sdk/sdk/2.1.1/src/rp2_common/pico_stdio_usb/reset_interface.c.obj
                0x10006054                usbd_app_driver_get_cb
 .text.tud_cdc_line_coding_cb
                0x10006060       0x2c src/CMakeFiles/picow_freertos.dir/C_/Users/Elcio.SAMSUNGBOOK-2DE/.pico-sdk/sdk/2.1.1/src/rp2_common/pico_stdio_usb/reset_interface.c.obj
                0x10006060                tud_cdc_line_coding_cb
 .text.stdio_usb_set_chars_available_callback
                0x1000608c       0x14 src/CMakeFiles/picow_freertos.dir/C_/Users/Elcio.SAMSUNGBOOK-2DE/.pico-sdk/sdk/2.1.1/src/rp2_common/pico_stdio_usb/stdio_usb.c.obj
                0x1000608c                stdio_usb_set_chars_available_callback
 .text.usb_irq  0x100060a0       0x10 src/CMakeFiles/picow_freertos.dir/C_/Users/Elcio.SAMSUNGBOOK-2DE/.pico-sdk/sdk/2.1.1/src/rp2_common/pico_stdio_usb/stdio_usb.c.obj
 .text.timer_task
                0x100060b0       0x64 src/CMakeFiles/picow_freertos.dir/C_/Users/Elcio.SAMSUNGBOOK-2DE/.pico-sdk/sdk/2.1.1/src/rp2_common/pico_stdio_usb/stdio_usb.c.obj
 .text.stdio_usb_in_chars
                0x10006114       0x8c src/CMakeFiles/picow_freertos.dir/C_/Users/Elcio.SAMSUNGBOOK-2DE/.pico-sdk/sdk/2.1.1/src/rp2_common/pico_stdio_usb/stdio_usb.c.obj
                0x10006114                stdio_usb_in_chars
 .text.stdio_usb_out_flush
                0x100061a0       0x4c src/CMakeFiles/picow_freertos.dir/C_/Users/Elcio.SAMSUNGBOOK-2DE/.pico-sdk/sdk/2.1.1/src/rp2_common/pico_stdio_usb/stdio_usb.c.obj
 .text.stdio_usb_out_chars
                0x100061ec      0x100 src/CMakeFiles/picow_freertos.dir/C_/Users/Elcio.SAMSUNGBOOK-2DE/.pico-sdk/sdk/2.1.1/src/rp2_common/pico_stdio_usb/stdio_usb.c.obj
 .text.low_priority_worker_irq
                0x100062ec       0xc8 src/CMakeFiles/picow_freertos.dir/C_/Users/Elcio.SAMSUNGBOOK-2DE/.pico-sdk/sdk/2.1.1/src/rp2_common/pico_stdio_usb/stdio_usb.c.obj
 .text.stdio_usb_init
                0x100063b4       0xe8 src/CMakeFiles/picow_freertos.dir/C_/Users/Elcio.SAMSUNGBOOK-2DE/.pico-sdk/sdk/2.1.1/src/rp2_common/pico_stdio_usb/stdio_usb.c.obj
                0x100063b4                stdio_usb_init
 .text.tud_descriptor_device_cb
                0x1000649c        0x8 src/CMakeFiles/picow_freertos.dir/C_/Users/Elcio.SAMSUNGBOOK-2DE/.pico-sdk/sdk/2.1.1/src/rp2_common/pico_stdio_usb/stdio_usb_descriptors.c.obj
                0x1000649c                tud_descriptor_device_cb
 .text.tud_descriptor_configuration_cb
                0x100064a4        0x8 src/CMakeFiles/picow_freertos.dir/C_/Users/Elcio.SAMSUNGBOOK-2DE/.pico-sdk/sdk/2.1.1/src/rp2_common/pico_stdio_usb/stdio_usb_descriptors.c.obj
                0x100064a4                tud_descriptor_configuration_cb
 .text.tud_descriptor_string_cb
                0x100064ac       0x78 src/CMakeFiles/picow_freertos.dir/C_/Users/Elcio.SAMSUNGBOOK-2DE/.pico-sdk/sdk/2.1.1/src/rp2_common/pico_stdio_usb/stdio_usb_descriptors.c.obj
                0x100064ac                tud_descriptor_string_cb
 .text.startup._retrieve_unique_id_on_boot
                0x10006524       0x10 src/CMakeFiles/picow_freertos.dir/C_/Users/Elcio.SAMSUNGBOOK-2DE/.pico-sdk/sdk/2.1.1/src/rp2_common/pico_unique_id/unique_id.c.obj
 .text.pico_get_unique_board_id
                0x10006534       0x10 src/CMakeFiles/picow_freertos.dir/C_/Users/Elcio.SAMSUNGBOOK-2DE/.pico-sdk/sdk/2.1.1/src/rp2_common/pico_unique_id/unique_id.c.obj
                0x10006534                pico_get_unique_board_id
 .text.pico_get_unique_board_id_string
                0x10006544      0x1a8 src/CMakeFiles/picow_freertos.dir/C_/Users/Elcio.SAMSUNGBOOK-2DE/.pico-sdk/sdk/2.1.1/src/rp2_common/pico_unique_id/unique_id.c.obj
                0x10006544                pico_get_unique_board_id_string
 .text.flash_get_unique_id
                0x100066ec       0x3c src/CMakeFiles/picow_freertos.dir/C_/Users/Elcio.SAMSUNGBOOK-2DE/.pico-sdk/sdk/2.1.1/src/rp2_common/hardware_flash/flash.c.obj
                0x100066ec                flash_get_unique_id
 .text.dcd_init
                0x10006728       0x90 src/CMakeFiles/picow_freertos.dir/C_/Users/Elcio.SAMSUNGBOOK-2DE/.pico-sdk/sdk/2.1.1/lib/tinyusb/src/portable/raspberrypi/rp2040/dcd_rp2040.c.obj
                0x10006728                dcd_init
 .text.dcd_int_enable
                0x100067b8        0xc src/CMakeFiles/picow_freertos.dir/C_/Users/Elcio.SAMSUNGBOOK-2DE/.pico-sdk/sdk/2.1.1/lib/tinyusb/src/portable/raspberrypi/rp2040/dcd_rp2040.c.obj
                0x100067b8                dcd_int_enable
 .text.dcd_set_address
                0x100067c4       0x14 src/CMakeFiles/picow_freertos.dir/C_/Users/Elcio.SAMSUNGBOOK-2DE/.pico-sdk/sdk/2.1.1/lib/tinyusb/src/portable/raspberrypi/rp2040/dcd_rp2040.c.obj
                0x100067c4                dcd_set_address
 .text.dcd_sof_enable
                0x100067d8       0x1c src/CMakeFiles/picow_freertos.dir/C_/Users/Elcio.SAMSUNGBOOK-2DE/.pico-sdk/sdk/2.1.1/lib/tinyusb/src/portable/raspberrypi/rp2040/dcd_rp2040.c.obj
                0x100067d8                dcd_sof_enable
 .text.dcd_edpt0_status_complete
                0x100067f4       0x1c src/CMakeFiles/picow_freertos.dir/C_/Users/Elcio.SAMSUNGBOOK-2DE/.pico-sdk/sdk/2.1.1/lib/tinyusb/src/portable/raspberrypi/rp2040/dcd_rp2040.c.obj
                0x100067f4                dcd_edpt0_status_complete
 .text.dcd_edpt_open
                0x10006810      0x114 src/CMakeFiles/picow_freertos.dir/C_/Users/Elcio.SAMSUNGBOOK-2DE/.pico-sdk/sdk/2.1.1/lib/tinyusb/src/portable/raspberrypi/rp2040/dcd_rp2040.c.obj
                0x10006810                dcd_edpt_open
 .text.dcd_edpt_close_all
                0x10006924        0x8 src/CMakeFiles/picow_freertos.dir/C_/Users/Elcio.SAMSUNGBOOK-2DE/.pico-sdk/sdk/2.1.1/lib/tinyusb/src/portable/raspberrypi/rp2040/dcd_rp2040.c.obj
                0x10006924                dcd_edpt_close_all
 .text.dcd_edpt_xfer
                0x1000692c       0x24 src/CMakeFiles/picow_freertos.dir/C_/Users/Elcio.SAMSUNGBOOK-2DE/.pico-sdk/sdk/2.1.1/lib/tinyusb/src/portable/raspberrypi/rp2040/dcd_rp2040.c.obj
                0x1000692c                dcd_edpt_xfer
 .text.dcd_edpt_stall
                0x10006950       0x3c src/CMakeFiles/picow_freertos.dir/C_/Users/Elcio.SAMSUNGBOOK-2DE/.pico-sdk/sdk/2.1.1/lib/tinyusb/src/portable/raspberrypi/rp2040/dcd_rp2040.c.obj
                0x10006950                dcd_edpt_stall
 .text.dcd_edpt_clear_stall
                0x1000698c       0x30 src/CMakeFiles/picow_freertos.dir/C_/Users/Elcio.SAMSUNGBOOK-2DE/.pico-sdk/sdk/2.1.1/lib/tinyusb/src/portable/raspberrypi/rp2040/dcd_rp2040.c.obj
                0x1000698c                dcd_edpt_clear_stall
 .text.rp2040_usb_init
                0x100069bc       0x40 src/CMakeFiles/picow_freertos.dir/C_/Users/Elcio.SAMSUNGBOOK-2DE/.pico-sdk/sdk/2.1.1/lib/tinyusb/src/portable/raspberrypi/rp2040/rp2040_usb.c.obj
                0x100069bc                rp2040_usb_init
 .text.hw_endpoint_xfer_start
                0x100069fc       0x40 src/CMakeFiles/picow_freertos.dir/C_/Users/Elcio.SAMSUNGBOOK-2DE/.pico-sdk/sdk/2.1.1/lib/tinyusb/src/portable/raspberrypi/rp2040/rp2040_usb.c.obj
                0x100069fc                hw_endpoint_xfer_start
 .text.tud_event_hook_cb
                0x10006a3c        0x4 src/CMakeFiles/picow_freertos.dir/C_/Users/Elcio.SAMSUNGBOOK-2DE/.pico-sdk/sdk/2.1.1/lib/tinyusb/src/device/usbd.c.obj
                0x10006a3c                tud_event_hook_cb
 .text.tud_sof_cb
                0x10006a40        0x4 src/CMakeFiles/picow_freertos.dir/C_/Users/Elcio.SAMSUNGBOOK-2DE/.pico-sdk/sdk/2.1.1/lib/tinyusb/src/device/usbd.c.obj
                0x10006a40                tud_sof_cb
 .text.tud_descriptor_device_qualifier_cb
                0x10006a44        0x4 src/CMakeFiles/picow_freertos.dir/C_/Users/Elcio.SAMSUNGBOOK-2DE/.pico-sdk/sdk/2.1.1/lib/tinyusb/src/device/usbd.c.obj
                0x10006a44                tud_descriptor_device_qualifier_cb
 .text.tud_descriptor_other_speed_configuration_cb
                0x10006a48        0x4 src/CMakeFiles/picow_freertos.dir/C_/Users/Elcio.SAMSUNGBOOK-2DE/.pico-sdk/sdk/2.1.1/lib/tinyusb/src/device/usbd.c.obj
                0x10006a48                tud_descriptor_other_speed_configuration_cb
 .text.tud_mount_cb
                0x10006a4c        0x4 src/CMakeFiles/picow_freertos.dir/C_/Users/Elcio.SAMSUNGBOOK-2DE/.pico-sdk/sdk/2.1.1/lib/tinyusb/src/device/usbd.c.obj
                0x10006a4c                tud_mount_cb
 .text.tud_umount_cb
                0x10006a50        0x4 src/CMakeFiles/picow_freertos.dir/C_/Users/Elcio.SAMSUNGBOOK-2DE/.pico-sdk/sdk/2.1.1/lib/tinyusb/src/device/usbd.c.obj
                0x10006a50                tud_umount_cb
 .text.tud_suspend_cb
                0x10006a54        0x4 src/CMakeFiles/picow_freertos.dir/C_/Users/Elcio.SAMSUNGBOOK-2DE/.pico-sdk/sdk/2.1.1/lib/tinyusb/src/device/usbd.c.obj
                0x10006a54                tud_suspend_cb
 .text.tud_resume_cb
                0x10006a58        0x4 src/CMakeFiles/picow_freertos.dir/C_/Users/Elcio.SAMSUNGBOOK-2DE/.pico-sdk/sdk/2.1.1/lib/tinyusb/src/device/usbd.c.obj
                0x10006a58                tud_resume_cb
 .text.tud_mounted
                0x10006a5c       0x10 src/CMakeFiles/picow_freertos.dir/C_/Users/Elcio.SAMSUNGBOOK-2DE/.pico-sdk/sdk/2.1.1/lib/tinyusb/src/device/usbd.c.obj
                0x10006a5c                tud_mounted
 .text.tud_suspended
                0x10006a6c       0x10 src/CMakeFiles/picow_freertos.dir/C_/Users/Elcio.SAMSUNGBOOK-2DE/.pico-sdk/sdk/2.1.1/lib/tinyusb/src/device/usbd.c.obj
                0x10006a6c                tud_suspended
 .text.tud_rhport_init
                0x10006a7c       0xf4 src/CMakeFiles/picow_freertos.dir/C_/Users/Elcio.SAMSUNGBOOK-2DE/.pico-sdk/sdk/2.1.1/lib/tinyusb/src/device/usbd.c.obj
                0x10006a7c                tud_rhport_init
 .text.tud_task_ext
                0x10006b70      0x800 src/CMakeFiles/picow_freertos.dir/C_/Users/Elcio.SAMSUNGBOOK-2DE/.pico-sdk/sdk/2.1.1/lib/tinyusb/src/device/usbd.c.obj
                0x10006b70                tud_task_ext
 .text.usbd_open_edpt_pair
                0x10007370       0x9c src/CMakeFiles/picow_freertos.dir/C_/Users/Elcio.SAMSUNGBOOK-2DE/.pico-sdk/sdk/2.1.1/lib/tinyusb/src/device/usbd.c.obj
                0x10007370                usbd_open_edpt_pair
 .text.usbd_edpt_open
                0x1000740c       0x34 src/CMakeFiles/picow_freertos.dir/C_/Users/Elcio.SAMSUNGBOOK-2DE/.pico-sdk/sdk/2.1.1/lib/tinyusb/src/device/usbd.c.obj
                0x1000740c                usbd_edpt_open
 .text.usbd_edpt_claim
                0x10007440       0x28 src/CMakeFiles/picow_freertos.dir/C_/Users/Elcio.SAMSUNGBOOK-2DE/.pico-sdk/sdk/2.1.1/lib/tinyusb/src/device/usbd.c.obj
                0x10007440                usbd_edpt_claim
 .text.usbd_edpt_release
                0x10007468       0x28 src/CMakeFiles/picow_freertos.dir/C_/Users/Elcio.SAMSUNGBOOK-2DE/.pico-sdk/sdk/2.1.1/lib/tinyusb/src/device/usbd.c.obj
                0x10007468                usbd_edpt_release
 .text.usbd_edpt_xfer
                0x10007490       0x4c src/CMakeFiles/picow_freertos.dir/C_/Users/Elcio.SAMSUNGBOOK-2DE/.pico-sdk/sdk/2.1.1/lib/tinyusb/src/device/usbd.c.obj
                0x10007490                usbd_edpt_xfer
 .text.tud_control_status
                0x100074dc       0x2c src/CMakeFiles/picow_freertos.dir/C_/Users/Elcio.SAMSUNGBOOK-2DE/.pico-sdk/sdk/2.1.1/lib/tinyusb/src/device/usbd_control.c.obj
                0x100074dc                tud_control_status
 .text.tud_control_xfer
                0x10007508       0xa8 src/CMakeFiles/picow_freertos.dir/C_/Users/Elcio.SAMSUNGBOOK-2DE/.pico-sdk/sdk/2.1.1/lib/tinyusb/src/device/usbd_control.c.obj
                0x10007508                tud_control_xfer
 .text.usbd_control_reset
                0x100075b0       0x14 src/CMakeFiles/picow_freertos.dir/C_/Users/Elcio.SAMSUNGBOOK-2DE/.pico-sdk/sdk/2.1.1/lib/tinyusb/src/device/usbd_control.c.obj
                0x100075b0                usbd_control_reset
 .text.usbd_control_set_complete_callback
                0x100075c4        0xc src/CMakeFiles/picow_freertos.dir/C_/Users/Elcio.SAMSUNGBOOK-2DE/.pico-sdk/sdk/2.1.1/lib/tinyusb/src/device/usbd_control.c.obj
                0x100075c4                usbd_control_set_complete_callback
 .text.usbd_control_set_request
                0x100075d0       0x1c src/CMakeFiles/picow_freertos.dir/C_/Users/Elcio.SAMSUNGBOOK-2DE/.pico-sdk/sdk/2.1.1/lib/tinyusb/src/device/usbd_control.c.obj
                0x100075d0                usbd_control_set_request
 .text.usbd_control_xfer_cb
                0x100075ec       0xec src/CMakeFiles/picow_freertos.dir/C_/Users/Elcio.SAMSUNGBOOK-2DE/.pico-sdk/sdk/2.1.1/lib/tinyusb/src/device/usbd_control.c.obj
                0x100075ec                usbd_control_xfer_cb
 .text._prep_out_transaction.isra.0
                0x100076d8       0x6c src/CMakeFiles/picow_freertos.dir/C_/Users/Elcio.SAMSUNGBOOK-2DE/.pico-sdk/sdk/2.1.1/lib/tinyusb/src/class/cdc/cdc_device.c.obj
 .text.tud_cdc_n_connected
                0x10007744       0x2c src/CMakeFiles/picow_freertos.dir/C_/Users/Elcio.SAMSUNGBOOK-2DE/.pico-sdk/sdk/2.1.1/lib/tinyusb/src/class/cdc/cdc_device.c.obj
                0x10007744                tud_cdc_n_connected
 .text.tud_cdc_n_available
                0x10007770       0x14 src/CMakeFiles/picow_freertos.dir/C_/Users/Elcio.SAMSUNGBOOK-2DE/.pico-sdk/sdk/2.1.1/lib/tinyusb/src/class/cdc/cdc_device.c.obj
                0x10007770                tud_cdc_n_available
 .text.tud_cdc_n_read
                0x10007784       0x88 src/CMakeFiles/picow_freertos.dir/C_/Users/Elcio.SAMSUNGBOOK-2DE/.pico-sdk/sdk/2.1.1/lib/tinyusb/src/class/cdc/cdc_device.c.obj
                0x10007784                tud_cdc_n_read
 .text.tud_cdc_n_write_flush
                0x1000780c       0x74 src/CMakeFiles/picow_freertos.dir/C_/Users/Elcio.SAMSUNGBOOK-2DE/.pico-sdk/sdk/2.1.1/lib/tinyusb/src/class/cdc/cdc_device.c.obj
                0x1000780c                tud_cdc_n_write_flush
 .text.tud_cdc_n_write
                0x10007880       0x40 src/CMakeFiles/picow_freertos.dir/C_/Users/Elcio.SAMSUNGBOOK-2DE/.pico-sdk/sdk/2.1.1/lib/tinyusb/src/class/cdc/cdc_device.c.obj
                0x10007880                tud_cdc_n_write
 .text.tud_cdc_n_write_available
                0x100078c0       0x14 src/CMakeFiles/picow_freertos.dir/C_/Users/Elcio.SAMSUNGBOOK-2DE/.pico-sdk/sdk/2.1.1/lib/tinyusb/src/class/cdc/cdc_device.c.obj
                0x100078c0                tud_cdc_n_write_available
 .text.cdcd_init
                0x100078d4       0x70 src/CMakeFiles/picow_freertos.dir/C_/Users/Elcio.SAMSUNGBOOK-2DE/.pico-sdk/sdk/2.1.1/lib/tinyusb/src/class/cdc/cdc_device.c.obj
                0x100078d4                cdcd_init
 .text.cdcd_deinit
                0x10007944       0x30 src/CMakeFiles/picow_freertos.dir/C_/Users/Elcio.SAMSUNGBOOK-2DE/.pico-sdk/sdk/2.1.1/lib/tinyusb/src/class/cdc/cdc_device.c.obj
                0x10007944                cdcd_deinit
 .text.cdcd_reset
                0x10007974       0x4c src/CMakeFiles/picow_freertos.dir/C_/Users/Elcio.SAMSUNGBOOK-2DE/.pico-sdk/sdk/2.1.1/lib/tinyusb/src/class/cdc/cdc_device.c.obj
                0x10007974                cdcd_reset
 .text.cdcd_open
                0x100079c0       0xa4 src/CMakeFiles/picow_freertos.dir/C_/Users/Elcio.SAMSUNGBOOK-2DE/.pico-sdk/sdk/2.1.1/lib/tinyusb/src/class/cdc/cdc_device.c.obj
                0x100079c0                cdcd_open
 .text.cdcd_control_xfer_cb
                0x10007a64       0xe8 src/CMakeFiles/picow_freertos.dir/C_/Users/Elcio.SAMSUNGBOOK-2DE/.pico-sdk/sdk/2.1.1/lib/tinyusb/src/class/cdc/cdc_device.c.obj
                0x10007a64                cdcd_control_xfer_cb
 .text.cdcd_xfer_cb
                0x10007b4c      0x100 src/CMakeFiles/picow_freertos.dir/C_/Users/Elcio.SAMSUNGBOOK-2DE/.pico-sdk/sdk/2.1.1/lib/tinyusb/src/class/cdc/cdc_device.c.obj
                0x10007b4c                cdcd_xfer_cb
 .text.vendord_init
                0x10007c4c       0x5c src/CMakeFiles/picow_freertos.dir/C_/Users/Elcio.SAMSUNGBOOK-2DE/.pico-sdk/sdk/2.1.1/lib/tinyusb/src/class/vendor/vendor_device.c.obj
                0x10007c4c                vendord_init
 .text.vendord_deinit
                0x10007ca8       0x1c src/CMakeFiles/picow_freertos.dir/C_/Users/Elcio.SAMSUNGBOOK-2DE/.pico-sdk/sdk/2.1.1/lib/tinyusb/src/class/vendor/vendor_device.c.obj
                0x10007ca8                vendord_deinit
 .text.vendord_reset
                0x10007cc4       0x28 src/CMakeFiles/picow_freertos.dir/C_/Users/Elcio.SAMSUNGBOOK-2DE/.pico-sdk/sdk/2.1.1/lib/tinyusb/src/class/vendor/vendor_device.c.obj
                0x10007cc4                vendord_reset
 .text.vendord_open
                0x10007cec      0x120 src/CMakeFiles/picow_freertos.dir/C_/Users/Elcio.SAMSUNGBOOK-2DE/.pico-sdk/sdk/2.1.1/lib/tinyusb/src/class/vendor/vendor_device.c.obj
                0x10007cec                vendord_open
 .text.vendord_xfer_cb
                0x10007e0c       0x9c src/CMakeFiles/picow_freertos.dir/C_/Users/Elcio.SAMSUNGBOOK-2DE/.pico-sdk/sdk/2.1.1/lib/tinyusb/src/class/vendor/vendor_device.c.obj
                0x10007e0c                vendord_xfer_cb
 .text.tusb_rhport_init
                0x10007ea8       0x4c src/CMakeFiles/picow_freertos.dir/C_/Users/Elcio.SAMSUNGBOOK-2DE/.pico-sdk/sdk/2.1.1/lib/tinyusb/src/tusb.c.obj
                0x10007ea8                tusb_rhport_init
 .text.tu_edpt_claim
                0x10007ef4       0x50 src/CMakeFiles/picow_freertos.dir/C_/Users/Elcio.SAMSUNGBOOK-2DE/.pico-sdk/sdk/2.1.1/lib/tinyusb/src/tusb.c.obj
                0x10007ef4                tu_edpt_claim
 .text.tu_edpt_release
                0x10007f44       0x38 src/CMakeFiles/picow_freertos.dir/C_/Users/Elcio.SAMSUNGBOOK-2DE/.pico-sdk/sdk/2.1.1/lib/tinyusb/src/tusb.c.obj
                0x10007f44                tu_edpt_release
 .text.tu_edpt_validate
                0x10007f7c       0x7c src/CMakeFiles/picow_freertos.dir/C_/Users/Elcio.SAMSUNGBOOK-2DE/.pico-sdk/sdk/2.1.1/lib/tinyusb/src/tusb.c.obj
                0x10007f7c                tu_edpt_validate
 .text.tu_edpt_bind_driver
                0x10007ff8       0x34 src/CMakeFiles/picow_freertos.dir/C_/Users/Elcio.SAMSUNGBOOK-2DE/.pico-sdk/sdk/2.1.1/lib/tinyusb/src/tusb.c.obj
                0x10007ff8                tu_edpt_bind_driver
 .text.tu_edpt_stream_init
                0x1000802c       0x6c src/CMakeFiles/picow_freertos.dir/C_/Users/Elcio.SAMSUNGBOOK-2DE/.pico-sdk/sdk/2.1.1/lib/tinyusb/src/tusb.c.obj
                0x1000802c                tu_edpt_stream_init
 .text.tu_edpt_stream_deinit
                0x10008098        0x4 src/CMakeFiles/picow_freertos.dir/C_/Users/Elcio.SAMSUNGBOOK-2DE/.pico-sdk/sdk/2.1.1/lib/tinyusb/src/tusb.c.obj
                0x10008098                tu_edpt_stream_deinit
 .text.tu_edpt_stream_write_zlp_if_needed
                0x1000809c       0x68 src/CMakeFiles/picow_freertos.dir/C_/Users/Elcio.SAMSUNGBOOK-2DE/.pico-sdk/sdk/2.1.1/lib/tinyusb/src/tusb.c.obj
                0x1000809c                tu_edpt_stream_write_zlp_if_needed
 .text.tu_edpt_stream_write_xfer
                0x10008104       0x68 src/CMakeFiles/picow_freertos.dir/C_/Users/Elcio.SAMSUNGBOOK-2DE/.pico-sdk/sdk/2.1.1/lib/tinyusb/src/tusb.c.obj
                0x10008104                tu_edpt_stream_write_xfer
 .text.tu_edpt_stream_read_xfer
                0x1000816c       0xd8 src/CMakeFiles/picow_freertos.dir/C_/Users/Elcio.SAMSUNGBOOK-2DE/.pico-sdk/sdk/2.1.1/lib/tinyusb/src/tusb.c.obj
                0x1000816c                tu_edpt_stream_read_xfer
 .text.tu_fifo_config
                0x10008244       0x6c src/CMakeFiles/picow_freertos.dir/C_/Users/Elcio.SAMSUNGBOOK-2DE/.pico-sdk/sdk/2.1.1/lib/tinyusb/src/common/tusb_fifo.c.obj
                0x10008244                tu_fifo_config
 .text.tu_fifo_count
                0x100082b0       0x2c src/CMakeFiles/picow_freertos.dir/C_/Users/Elcio.SAMSUNGBOOK-2DE/.pico-sdk/sdk/2.1.1/lib/tinyusb/src/common/tusb_fifo.c.obj
                0x100082b0                tu_fifo_count
 .text.tu_fifo_empty
                0x100082dc       0x10 src/CMakeFiles/picow_freertos.dir/C_/Users/Elcio.SAMSUNGBOOK-2DE/.pico-sdk/sdk/2.1.1/lib/tinyusb/src/common/tusb_fifo.c.obj
                0x100082dc                tu_fifo_empty
 .text.tu_fifo_remaining
                0x100082ec       0x2c src/CMakeFiles/picow_freertos.dir/C_/Users/Elcio.SAMSUNGBOOK-2DE/.pico-sdk/sdk/2.1.1/lib/tinyusb/src/common/tusb_fifo.c.obj
                0x100082ec                tu_fifo_remaining
 .text.tu_fifo_read
                0x10008318       0x9c src/CMakeFiles/picow_freertos.dir/C_/Users/Elcio.SAMSUNGBOOK-2DE/.pico-sdk/sdk/2.1.1/lib/tinyusb/src/common/tusb_fifo.c.obj
                0x10008318                tu_fifo_read
 .text.tu_fifo_read_n
                0x100083b4       0xe8 src/CMakeFiles/picow_freertos.dir/C_/Users/Elcio.SAMSUNGBOOK-2DE/.pico-sdk/sdk/2.1.1/lib/tinyusb/src/common/tusb_fifo.c.obj
                0x100083b4                tu_fifo_read_n
 .text.tu_fifo_write
                0x1000849c       0xa4 src/CMakeFiles/picow_freertos.dir/C_/Users/Elcio.SAMSUNGBOOK-2DE/.pico-sdk/sdk/2.1.1/lib/tinyusb/src/common/tusb_fifo.c.obj
                0x1000849c                tu_fifo_write
 .text.tu_fifo_write_n
                0x10008540      0x178 src/CMakeFiles/picow_freertos.dir/C_/Users/Elcio.SAMSUNGBOOK-2DE/.pico-sdk/sdk/2.1.1/lib/tinyusb/src/common/tusb_fifo.c.obj
                0x10008540                tu_fifo_write_n
 .text.tu_fifo_clear
                0x100086b8       0x40 src/CMakeFiles/picow_freertos.dir/C_/Users/Elcio.SAMSUNGBOOK-2DE/.pico-sdk/sdk/2.1.1/lib/tinyusb/src/common/tusb_fifo.c.obj
                0x100086b8                tu_fifo_clear
 .text.tu_fifo_set_overwritable
                0x100086f8       0x48 src/CMakeFiles/picow_freertos.dir/C_/Users/Elcio.SAMSUNGBOOK-2DE/.pico-sdk/sdk/2.1.1/lib/tinyusb/src/common/tusb_fifo.c.obj
                0x100086f8                tu_fifo_set_overwritable
 .text.i2c_read_blocking_internal.constprop.0
                0x10008740       0x98 src/CMakeFiles/picow_freertos.dir/C_/Users/Elcio.SAMSUNGBOOK-2DE/.pico-sdk/sdk/2.1.1/src/rp2_common/hardware_i2c/i2c.c.obj
 .text.i2c_write_blocking_internal.constprop.0
                0x100087d8       0xf8 src/CMakeFiles/picow_freertos.dir/C_/Users/Elcio.SAMSUNGBOOK-2DE/.pico-sdk/sdk/2.1.1/src/rp2_common/hardware_i2c/i2c.c.obj
 .text.i2c_set_baudrate
                0x100088d0       0xc0 src/CMakeFiles/picow_freertos.dir/C_/Users/Elcio.SAMSUNGBOOK-2DE/.pico-sdk/sdk/2.1.1/src/rp2_common/hardware_i2c/i2c.c.obj
                0x100088d0                i2c_set_baudrate
 .text.i2c_init
                0x10008990       0x50 src/CMakeFiles/picow_freertos.dir/C_/Users/Elcio.SAMSUNGBOOK-2DE/.pico-sdk/sdk/2.1.1/src/rp2_common/hardware_i2c/i2c.c.obj
                0x10008990                i2c_init
 .text.i2c_write_blocking
                0x100089e0       0x14 src/CMakeFiles/picow_freertos.dir/C_/Users/Elcio.SAMSUNGBOOK-2DE/.pico-sdk/sdk/2.1.1/src/rp2_common/hardware_i2c/i2c.c.obj
                0x100089e0                i2c_write_blocking
 .text.i2c_read_blocking
                0x100089f4       0x14 src/CMakeFiles/picow_freertos.dir/C_/Users/Elcio.SAMSUNGBOOK-2DE/.pico-sdk/sdk/2.1.1/src/rp2_common/hardware_i2c/i2c.c.obj
                0x100089f4                i2c_read_blocking
 *fill*         0x10008a08        0x8 
 .text.vPortStartFirstTask
                0x10008a10       0x34 src/CMakeFiles/picow_freertos.dir/__/lib/FreeRTOS-Kernel/portable/ThirdParty/GCC/RP2040/port.c.obj
 *fill*         0x10008a44        0xc 
 .text.xPortPendSVHandler
                0x10008a50       0x64 src/CMakeFiles/picow_freertos.dir/__/lib/FreeRTOS-Kernel/portable/ThirdParty/GCC/RP2040/port.c.obj
                0x10008a50                xPortPendSVHandler
 .text.prvTaskExitError
                0x10008ab4        0x8 src/CMakeFiles/picow_freertos.dir/__/lib/FreeRTOS-Kernel/portable/ThirdParty/GCC/RP2040/port.c.obj
 .text.prvFIFOInterruptHandler
                0x10008abc       0x78 src/CMakeFiles/picow_freertos.dir/__/lib/FreeRTOS-Kernel/portable/ThirdParty/GCC/RP2040/port.c.obj
 .text.vPortSVCHandler
                0x10008b34        0x4 src/CMakeFiles/picow_freertos.dir/__/lib/FreeRTOS-Kernel/portable/ThirdParty/GCC/RP2040/port.c.obj
                0x10008b34                vPortSVCHandler
 .text.pxPortInitialiseStack
                0x10008b38       0x20 src/CMakeFiles/picow_freertos.dir/__/lib/FreeRTOS-Kernel/portable/ThirdParty/GCC/RP2040/port.c.obj
                0x10008b38                pxPortInitialiseStack
 .text.vPortYield
                0x10008b58       0x18 src/CMakeFiles/picow_freertos.dir/__/lib/FreeRTOS-Kernel/portable/ThirdParty/GCC/RP2040/port.c.obj
                0x10008b58                vPortYield
 .text.vPortEnterCritical
                0x10008b70       0x18 src/CMakeFiles/picow_freertos.dir/__/lib/FreeRTOS-Kernel/portable/ThirdParty/GCC/RP2040/port.c.obj
                0x10008b70                vPortEnterCritical
 .text.vPortExitCritical
                0x10008b88       0x14 src/CMakeFiles/picow_freertos.dir/__/lib/FreeRTOS-Kernel/portable/ThirdParty/GCC/RP2040/port.c.obj
                0x10008b88                vPortExitCritical
 .text.ulSetInterruptMaskFromISR
                0x10008b9c        0x8 src/CMakeFiles/picow_freertos.dir/__/lib/FreeRTOS-Kernel/portable/ThirdParty/GCC/RP2040/port.c.obj
                0x10008b9c                ulSetInterruptMaskFromISR
 .text.vClearInterruptMaskFromISR
                0x10008ba4        0x8 src/CMakeFiles/picow_freertos.dir/__/lib/FreeRTOS-Kernel/portable/ThirdParty/GCC/RP2040/port.c.obj
                0x10008ba4                vClearInterruptMaskFromISR
 .text.xPortSysTickHandler
                0x10008bac       0x24 src/CMakeFiles/picow_freertos.dir/__/lib/FreeRTOS-Kernel/portable/ThirdParty/GCC/RP2040/port.c.obj
                0x10008bac                xPortSysTickHandler
 .text.vPortSetupTimerInterrupt
                0x10008bd0       0x34 src/CMakeFiles/picow_freertos.dir/__/lib/FreeRTOS-Kernel/portable/ThirdParty/GCC/RP2040/port.c.obj
                0x10008bd0                vPortSetupTimerInterrupt
 .text.xPortStartScheduler
                0x10008c04       0x9c src/CMakeFiles/picow_freertos.dir/__/lib/FreeRTOS-Kernel/portable/ThirdParty/GCC/RP2040/port.c.obj
                0x10008c04                xPortStartScheduler
 .text.ulPortLockGetCurrentOwnerId
                0x10008ca0       0x2c src/CMakeFiles/picow_freertos.dir/__/lib/FreeRTOS-Kernel/portable/ThirdParty/GCC/RP2040/port.c.obj
                0x10008ca0                ulPortLockGetCurrentOwnerId
 .text.vPortLockInternalSpinUnlockWithWait
                0x10008ccc       0x68 src/CMakeFiles/picow_freertos.dir/__/lib/FreeRTOS-Kernel/portable/ThirdParty/GCC/RP2040/port.c.obj
                0x10008ccc                vPortLockInternalSpinUnlockWithWait
 .text.vPortLockInternalSpinUnlockWithNotify
                0x10008d34       0xc8 src/CMakeFiles/picow_freertos.dir/__/lib/FreeRTOS-Kernel/portable/ThirdParty/GCC/RP2040/port.c.obj
                0x10008d34                vPortLockInternalSpinUnlockWithNotify
 .text.xPortLockInternalSpinUnlockWithBestEffortWaitOrTimeout
                0x10008dfc       0xf4 src/CMakeFiles/picow_freertos.dir/__/lib/FreeRTOS-Kernel/portable/ThirdParty/GCC/RP2040/port.c.obj
                0x10008dfc                xPortLockInternalSpinUnlockWithBestEffortWaitOrTimeout
 .text.startup.prvRuntimeInitializer
                0x10008ef0       0x28 src/CMakeFiles/picow_freertos.dir/__/lib/FreeRTOS-Kernel/portable/ThirdParty/GCC/RP2040/port.c.obj
 .text.vEventGroupSetBitsCallback
                0x10008f18       0x90 src/CMakeFiles/picow_freertos.dir/__/lib/FreeRTOS-Kernel/event_groups.c.obj
                0x10008f18                vEventGroupSetBitsCallback
 .text.xEventGroupCreate
                0x10008fa8       0x18 src/CMakeFiles/picow_freertos.dir/__/lib/FreeRTOS-Kernel/event_groups.c.obj
                0x10008fa8                xEventGroupCreate
 .text.xEventGroupWaitBits
                0x10008fc0       0xb8 src/CMakeFiles/picow_freertos.dir/__/lib/FreeRTOS-Kernel/event_groups.c.obj
                0x10008fc0                xEventGroupWaitBits
 .text.xEventGroupSetBits
                0x10009078       0x9c src/CMakeFiles/picow_freertos.dir/__/lib/FreeRTOS-Kernel/event_groups.c.obj
                0x10009078                xEventGroupSetBits
 .text.xEventGroupSetBitsFromISR
                0x10009114       0x18 src/CMakeFiles/picow_freertos.dir/__/lib/FreeRTOS-Kernel/event_groups.c.obj
                0x10009114                xEventGroupSetBitsFromISR
 .text.vListInitialise
                0x1000912c       0x18 src/CMakeFiles/picow_freertos.dir/__/lib/FreeRTOS-Kernel/list.c.obj
                0x1000912c                vListInitialise
 .text.vListInitialiseItem
                0x10009144        0x8 src/CMakeFiles/picow_freertos.dir/__/lib/FreeRTOS-Kernel/list.c.obj
                0x10009144                vListInitialiseItem
 .text.vListInsertEnd
                0x1000914c       0x18 src/CMakeFiles/picow_freertos.dir/__/lib/FreeRTOS-Kernel/list.c.obj
                0x1000914c                vListInsertEnd
 .text.vListInsert
                0x10009164       0x30 src/CMakeFiles/picow_freertos.dir/__/lib/FreeRTOS-Kernel/list.c.obj
                0x10009164                vListInsert
 .text.uxListRemove
                0x10009194       0x20 src/CMakeFiles/picow_freertos.dir/__/lib/FreeRTOS-Kernel/list.c.obj
                0x10009194                uxListRemove
 .text.prvUnlockQueue
                0x100091b4      0x17c src/CMakeFiles/picow_freertos.dir/__/lib/FreeRTOS-Kernel/queue.c.obj
 .text.prvNotifyQueueSetContainer
                0x10009330       0x90 src/CMakeFiles/picow_freertos.dir/__/lib/FreeRTOS-Kernel/queue.c.obj
 .text.xQueueGenericCreate
                0x100093c0       0xa4 src/CMakeFiles/picow_freertos.dir/__/lib/FreeRTOS-Kernel/queue.c.obj
                0x100093c0                xQueueGenericCreate
 .text.xQueueGenericSend
                0x10009464      0x1d4 src/CMakeFiles/picow_freertos.dir/__/lib/FreeRTOS-Kernel/queue.c.obj
                0x10009464                xQueueGenericSend
 .text.xQueueCreateMutex
                0x10009638       0x6c src/CMakeFiles/picow_freertos.dir/__/lib/FreeRTOS-Kernel/queue.c.obj
                0x10009638                xQueueCreateMutex
 .text.xQueueGenericSendFromISR
                0x100096a4      0x150 src/CMakeFiles/picow_freertos.dir/__/lib/FreeRTOS-Kernel/queue.c.obj
                0x100096a4                xQueueGenericSendFromISR
 .text.xQueueGiveFromISR
                0x100097f4       0x7c src/CMakeFiles/picow_freertos.dir/__/lib/FreeRTOS-Kernel/queue.c.obj
                0x100097f4                xQueueGiveFromISR
 .text.xQueueReceive
                0x10009870      0x11c src/CMakeFiles/picow_freertos.dir/__/lib/FreeRTOS-Kernel/queue.c.obj
                0x10009870                xQueueReceive
 .text.xQueueSemaphoreTake
                0x1000998c      0x144 src/CMakeFiles/picow_freertos.dir/__/lib/FreeRTOS-Kernel/queue.c.obj
                0x1000998c                xQueueSemaphoreTake
 .text.vQueueAddToRegistry
                0x10009ad0      0x118 src/CMakeFiles/picow_freertos.dir/__/lib/FreeRTOS-Kernel/queue.c.obj
                0x10009ad0                vQueueAddToRegistry
 .text.vQueueWaitForMessageRestricted
                0x10009be8       0x48 src/CMakeFiles/picow_freertos.dir/__/lib/FreeRTOS-Kernel/queue.c.obj
                0x10009be8                vQueueWaitForMessageRestricted
 .text.prvAddNewTaskToReadyList
                0x10009c30      0x124 src/CMakeFiles/picow_freertos.dir/__/lib/FreeRTOS-Kernel/tasks.c.obj
 .text.prvCreateTask
                0x10009d54      0x130 src/CMakeFiles/picow_freertos.dir/__/lib/FreeRTOS-Kernel/tasks.c.obj
 .text.prvIdleTask
                0x10009e84       0x60 src/CMakeFiles/picow_freertos.dir/__/lib/FreeRTOS-Kernel/tasks.c.obj
 .text.xTaskIncrementTick.part.0
                0x10009ee4      0x194 src/CMakeFiles/picow_freertos.dir/__/lib/FreeRTOS-Kernel/tasks.c.obj
 .text.xTaskCreate
                0x1000a078       0x24 src/CMakeFiles/picow_freertos.dir/__/lib/FreeRTOS-Kernel/tasks.c.obj
                0x1000a078                xTaskCreate
 .text.vTaskDelete
                0x1000a09c       0xc0 src/CMakeFiles/picow_freertos.dir/__/lib/FreeRTOS-Kernel/tasks.c.obj
                0x1000a09c                vTaskDelete
 .text.vTaskStartScheduler
                0x1000a15c       0x74 src/CMakeFiles/picow_freertos.dir/__/lib/FreeRTOS-Kernel/tasks.c.obj
                0x1000a15c                vTaskStartScheduler
 .text.vTaskSuspendAll
                0x1000a1d0       0x10 src/CMakeFiles/picow_freertos.dir/__/lib/FreeRTOS-Kernel/tasks.c.obj
                0x1000a1d0                vTaskSuspendAll
 .text.xTaskResumeAll
                0x1000a1e0      0x188 src/CMakeFiles/picow_freertos.dir/__/lib/FreeRTOS-Kernel/tasks.c.obj
                0x1000a1e0                xTaskResumeAll
 .text.vTaskDelay
                0x1000a368       0x84 src/CMakeFiles/picow_freertos.dir/__/lib/FreeRTOS-Kernel/tasks.c.obj
                0x1000a368                vTaskDelay
 .text.xTaskGetTickCount
                0x1000a3ec        0xc src/CMakeFiles/picow_freertos.dir/__/lib/FreeRTOS-Kernel/tasks.c.obj
                0x1000a3ec                xTaskGetTickCount
 .text.uxTaskGetNumberOfTasks
                0x1000a3f8        0xc src/CMakeFiles/picow_freertos.dir/__/lib/FreeRTOS-Kernel/tasks.c.obj
                0x1000a3f8                uxTaskGetNumberOfTasks
 .text.xTaskIncrementTick
                0x1000a404       0x24 src/CMakeFiles/picow_freertos.dir/__/lib/FreeRTOS-Kernel/tasks.c.obj
                0x1000a404                xTaskIncrementTick
 .text.vTaskSwitchContext
                0x1000a428       0x7c src/CMakeFiles/picow_freertos.dir/__/lib/FreeRTOS-Kernel/tasks.c.obj
                0x1000a428                vTaskSwitchContext
 .text.vTaskPlaceOnEventList
                0x1000a4a4       0xa0 src/CMakeFiles/picow_freertos.dir/__/lib/FreeRTOS-Kernel/tasks.c.obj
                0x1000a4a4                vTaskPlaceOnEventList
 .text.vTaskPlaceOnUnorderedEventList
                0x1000a544       0xc4 src/CMakeFiles/picow_freertos.dir/__/lib/FreeRTOS-Kernel/tasks.c.obj
                0x1000a544                vTaskPlaceOnUnorderedEventList
 .text.vTaskPlaceOnEventListRestricted
                0x1000a608       0xf4 src/CMakeFiles/picow_freertos.dir/__/lib/FreeRTOS-Kernel/tasks.c.obj
                0x1000a608                vTaskPlaceOnEventListRestricted
 .text.xTaskRemoveFromEventList
                0x1000a6fc       0xcc src/CMakeFiles/picow_freertos.dir/__/lib/FreeRTOS-Kernel/tasks.c.obj
                0x1000a6fc                xTaskRemoveFromEventList
 .text.vTaskRemoveFromUnorderedEventList
                0x1000a7c8       0x94 src/CMakeFiles/picow_freertos.dir/__/lib/FreeRTOS-Kernel/tasks.c.obj
                0x1000a7c8                vTaskRemoveFromUnorderedEventList
 .text.vTaskInternalSetTimeOutState
                0x1000a85c       0x18 src/CMakeFiles/picow_freertos.dir/__/lib/FreeRTOS-Kernel/tasks.c.obj
                0x1000a85c                vTaskInternalSetTimeOutState
 .text.xTaskCheckForTimeOut
                0x1000a874       0x74 src/CMakeFiles/picow_freertos.dir/__/lib/FreeRTOS-Kernel/tasks.c.obj
                0x1000a874                xTaskCheckForTimeOut
 .text.vTaskMissedYield
                0x1000a8e8        0xc src/CMakeFiles/picow_freertos.dir/__/lib/FreeRTOS-Kernel/tasks.c.obj
                0x1000a8e8                vTaskMissedYield
 .text.xTaskGetCurrentTaskHandle
                0x1000a8f4        0xc src/CMakeFiles/picow_freertos.dir/__/lib/FreeRTOS-Kernel/tasks.c.obj
                0x1000a8f4                xTaskGetCurrentTaskHandle
 .text.xTaskPriorityInherit
                0x1000a900       0x94 src/CMakeFiles/picow_freertos.dir/__/lib/FreeRTOS-Kernel/tasks.c.obj
                0x1000a900                xTaskPriorityInherit
 .text.xTaskPriorityDisinherit
                0x1000a994       0x64 src/CMakeFiles/picow_freertos.dir/__/lib/FreeRTOS-Kernel/tasks.c.obj
                0x1000a994                xTaskPriorityDisinherit
 .text.vTaskPriorityDisinheritAfterTimeout
                0x1000a9f8       0x7c src/CMakeFiles/picow_freertos.dir/__/lib/FreeRTOS-Kernel/tasks.c.obj
                0x1000a9f8                vTaskPriorityDisinheritAfterTimeout
 .text.uxTaskResetEventItemValue
                0x1000aa74       0x18 src/CMakeFiles/picow_freertos.dir/__/lib/FreeRTOS-Kernel/tasks.c.obj
                0x1000aa74                uxTaskResetEventItemValue
 .text.pvTaskIncrementMutexHeldCount
                0x1000aa8c       0x14 src/CMakeFiles/picow_freertos.dir/__/lib/FreeRTOS-Kernel/tasks.c.obj
                0x1000aa8c                pvTaskIncrementMutexHeldCount
 .text.prvTimerTask
                0x1000aaa0      0x39c src/CMakeFiles/picow_freertos.dir/__/lib/FreeRTOS-Kernel/timers.c.obj
 .text.xTimerCreateTimerTask
                0x1000ae3c       0x8c src/CMakeFiles/picow_freertos.dir/__/lib/FreeRTOS-Kernel/timers.c.obj
                0x1000ae3c                xTimerCreateTimerTask
 .text.xTimerPendFunctionCallFromISR
                0x1000aec8       0x2c src/CMakeFiles/picow_freertos.dir/__/lib/FreeRTOS-Kernel/timers.c.obj
                0x1000aec8                xTimerPendFunctionCallFromISR
 .text.exception_set_exclusive_handler
                0x1000aef4       0x48 src/CMakeFiles/picow_freertos.dir/C_/Users/Elcio.SAMSUNGBOOK-2DE/.pico-sdk/sdk/2.1.1/src/rp2_common/hardware_exception/exception.c.obj
                0x1000aef4                exception_set_exclusive_handler
 .text.lwip_timeout_reached
                0x1000af3c        0x8 src/CMakeFiles/picow_freertos.dir/C_/Users/Elcio.SAMSUNGBOOK-2DE/.pico-sdk/sdk/2.1.1/src/rp2_common/pico_lwip/lwip_nosys.c.obj
 .text.update_next_timeout
                0x1000af44       0x5c src/CMakeFiles/picow_freertos.dir/C_/Users/Elcio.SAMSUNGBOOK-2DE/.pico-sdk/sdk/2.1.1/src/rp2_common/pico_lwip/lwip_nosys.c.obj
 .text.lwip_nosys_init
                0x1000afa0       0x30 src/CMakeFiles/picow_freertos.dir/C_/Users/Elcio.SAMSUNGBOOK-2DE/.pico-sdk/sdk/2.1.1/src/rp2_common/pico_lwip/lwip_nosys.c.obj
                0x1000afa0                lwip_nosys_init
 .text.lwip_nosys_deinit
                0x1000afd0       0x20 src/CMakeFiles/picow_freertos.dir/C_/Users/Elcio.SAMSUNGBOOK-2DE/.pico-sdk/sdk/2.1.1/src/rp2_common/pico_lwip/lwip_nosys.c.obj
                0x1000afd0                lwip_nosys_deinit
 .text.sys_arch_protect
                0x1000aff0        0x4 src/CMakeFiles/picow_freertos.dir/C_/Users/Elcio.SAMSUNGBOOK-2DE/.pico-sdk/sdk/2.1.1/src/rp2_common/pico_lwip/lwip_nosys.c.obj
                0x1000aff0                sys_arch_protect
 .text.sys_arch_unprotect
                0x1000aff4        0x4 src/CMakeFiles/picow_freertos.dir/C_/Users/Elcio.SAMSUNGBOOK-2DE/.pico-sdk/sdk/2.1.1/src/rp2_common/pico_lwip/lwip_nosys.c.obj
                0x1000aff4                sys_arch_unprotect
 .text.sys_now  0x1000aff8       0x20 src/CMakeFiles/picow_freertos.dir/C_/Users/Elcio.SAMSUNGBOOK-2DE/.pico-sdk/sdk/2.1.1/src/rp2_common/pico_lwip/lwip_nosys.c.obj
                0x1000aff8                sys_now
 .text.async_context_base_add_at_time_worker
                0x1000b018       0x28 src/CMakeFiles/picow_freertos.dir/C_/Users/Elcio.SAMSUNGBOOK-2DE/.pico-sdk/sdk/2.1.1/src/rp2_common/pico_async_context/async_context_base.c.obj
                0x1000b018                async_context_base_add_at_time_worker
 .text.async_context_base_remove_at_time_worker
                0x1000b040       0x24 src/CMakeFiles/picow_freertos.dir/C_/Users/Elcio.SAMSUNGBOOK-2DE/.pico-sdk/sdk/2.1.1/src/rp2_common/pico_async_context/async_context_base.c.obj
                0x1000b040                async_context_base_remove_at_time_worker
 .text.async_context_base_add_when_pending_worker
                0x1000b064       0x24 src/CMakeFiles/picow_freertos.dir/C_/Users/Elcio.SAMSUNGBOOK-2DE/.pico-sdk/sdk/2.1.1/src/rp2_common/pico_async_context/async_context_base.c.obj
                0x1000b064                async_context_base_add_when_pending_worker
 .text.async_context_base_remove_when_pending_worker
                0x1000b088       0x24 src/CMakeFiles/picow_freertos.dir/C_/Users/Elcio.SAMSUNGBOOK-2DE/.pico-sdk/sdk/2.1.1/src/rp2_common/pico_async_context/async_context_base.c.obj
                0x1000b088                async_context_base_remove_when_pending_worker
 .text.async_context_base_execute_once
                0x1000b0ac      0x108 src/CMakeFiles/picow_freertos.dir/C_/Users/Elcio.SAMSUNGBOOK-2DE/.pico-sdk/sdk/2.1.1/src/rp2_common/pico_async_context/async_context_base.c.obj
                0x1000b0ac                async_context_base_execute_once
 .text.async_context_base_needs_servicing
                0x1000b1b4       0x54 src/CMakeFiles/picow_freertos.dir/C_/Users/Elcio.SAMSUNGBOOK-2DE/.pico-sdk/sdk/2.1.1/src/rp2_common/pico_async_context/async_context_base.c.obj
                0x1000b1b4                async_context_base_needs_servicing
 .text.splitmix64
                0x1000b208       0x58 src/CMakeFiles/picow_freertos.dir/C_/Users/Elcio.SAMSUNGBOOK-2DE/.pico-sdk/sdk/2.1.1/src/rp2_common/pico_rand/rand.c.obj
 .text.xoroshiro128ss
                0x1000b260       0x90 src/CMakeFiles/picow_freertos.dir/C_/Users/Elcio.SAMSUNGBOOK-2DE/.pico-sdk/sdk/2.1.1/src/rp2_common/pico_rand/rand.c.obj
 .text.get_rand_64
                0x1000b2f0      0x47c src/CMakeFiles/picow_freertos.dir/C_/Users/Elcio.SAMSUNGBOOK-2DE/.pico-sdk/sdk/2.1.1/src/rp2_common/pico_rand/rand.c.obj
                0x1000b2f0                get_rand_64
 .text.get_rand_32
                0x1000b76c        0x8 src/CMakeFiles/picow_freertos.dir/C_/Users/Elcio.SAMSUNGBOOK-2DE/.pico-sdk/sdk/2.1.1/src/rp2_common/pico_rand/rand.c.obj
                0x1000b76c                get_rand_32
 .text.lwip_init
                0x1000b774       0x24 src/CMakeFiles/picow_freertos.dir/C_/Users/Elcio.SAMSUNGBOOK-2DE/.pico-sdk/sdk/2.1.1/lib/lwip/src/core/init.c.obj
                0x1000b774                lwip_init
 .text.lwip_htons
                0x1000b798        0x8 src/CMakeFiles/picow_freertos.dir/C_/Users/Elcio.SAMSUNGBOOK-2DE/.pico-sdk/sdk/2.1.1/lib/lwip/src/core/def.c.obj
                0x1000b798                lwip_htons
 .text.lwip_htonl
                0x1000b7a0        0x4 src/CMakeFiles/picow_freertos.dir/C_/Users/Elcio.SAMSUNGBOOK-2DE/.pico-sdk/sdk/2.1.1/lib/lwip/src/core/def.c.obj
                0x1000b7a0                lwip_htonl
 .text.dns_call_found
                0x1000b7a4      0x184 src/CMakeFiles/picow_freertos.dir/C_/Users/Elcio.SAMSUNGBOOK-2DE/.pico-sdk/sdk/2.1.1/lib/lwip/src/core/dns.c.obj
 .text.dns_send.isra.0
                0x1000b928      0x174 src/CMakeFiles/picow_freertos.dir/C_/Users/Elcio.SAMSUNGBOOK-2DE/.pico-sdk/sdk/2.1.1/lib/lwip/src/core/dns.c.obj
 .text.dns_init
                0x1000ba9c        0x4 src/CMakeFiles/picow_freertos.dir/C_/Users/Elcio.SAMSUNGBOOK-2DE/.pico-sdk/sdk/2.1.1/lib/lwip/src/core/dns.c.obj
                0x1000ba9c                dns_init
 .text.dns_setserver
                0x1000baa0       0x24 src/CMakeFiles/picow_freertos.dir/C_/Users/Elcio.SAMSUNGBOOK-2DE/.pico-sdk/sdk/2.1.1/lib/lwip/src/core/dns.c.obj
                0x1000baa0                dns_setserver
 .text.dns_tmr  0x1000bac4      0x130 src/CMakeFiles/picow_freertos.dir/C_/Users/Elcio.SAMSUNGBOOK-2DE/.pico-sdk/sdk/2.1.1/lib/lwip/src/core/dns.c.obj
                0x1000bac4                dns_tmr
 .text.lwip_standard_chksum
                0x1000bbf4       0xf4 src/CMakeFiles/picow_freertos.dir/C_/Users/Elcio.SAMSUNGBOOK-2DE/.pico-sdk/sdk/2.1.1/lib/lwip/src/core/inet_chksum.c.obj
                0x1000bbf4                lwip_standard_chksum
 .text.inet_chksum_pseudo
                0x1000bce8       0xbc src/CMakeFiles/picow_freertos.dir/C_/Users/Elcio.SAMSUNGBOOK-2DE/.pico-sdk/sdk/2.1.1/lib/lwip/src/core/inet_chksum.c.obj
                0x1000bce8                inet_chksum_pseudo
 .text.ip_chksum_pseudo
                0x1000bda4       0x10 src/CMakeFiles/picow_freertos.dir/C_/Users/Elcio.SAMSUNGBOOK-2DE/.pico-sdk/sdk/2.1.1/lib/lwip/src/core/inet_chksum.c.obj
                0x1000bda4                ip_chksum_pseudo
 .text.inet_chksum
                0x1000bdb4        0xc src/CMakeFiles/picow_freertos.dir/C_/Users/Elcio.SAMSUNGBOOK-2DE/.pico-sdk/sdk/2.1.1/lib/lwip/src/core/inet_chksum.c.obj
                0x1000bdb4                inet_chksum
 .text.inet_chksum_pbuf
                0x1000bdc0       0x78 src/CMakeFiles/picow_freertos.dir/C_/Users/Elcio.SAMSUNGBOOK-2DE/.pico-sdk/sdk/2.1.1/lib/lwip/src/core/inet_chksum.c.obj
                0x1000bdc0                inet_chksum_pbuf
 .text.mem_init
                0x1000be38       0x3c src/CMakeFiles/picow_freertos.dir/C_/Users/Elcio.SAMSUNGBOOK-2DE/.pico-sdk/sdk/2.1.1/lib/lwip/src/core/mem.c.obj
                0x1000be38                mem_init
 .text.mem_free
                0x1000be74      0x13c src/CMakeFiles/picow_freertos.dir/C_/Users/Elcio.SAMSUNGBOOK-2DE/.pico-sdk/sdk/2.1.1/lib/lwip/src/core/mem.c.obj
                0x1000be74                mem_free
 .text.mem_trim
                0x1000bfb0      0x104 src/CMakeFiles/picow_freertos.dir/C_/Users/Elcio.SAMSUNGBOOK-2DE/.pico-sdk/sdk/2.1.1/lib/lwip/src/core/mem.c.obj
                0x1000bfb0                mem_trim
 .text.mem_malloc
                0x1000c0b4      0x130 src/CMakeFiles/picow_freertos.dir/C_/Users/Elcio.SAMSUNGBOOK-2DE/.pico-sdk/sdk/2.1.1/lib/lwip/src/core/mem.c.obj
                0x1000c0b4                mem_malloc
 .text.memp_init
                0x1000c1e4       0x6c src/CMakeFiles/picow_freertos.dir/C_/Users/Elcio.SAMSUNGBOOK-2DE/.pico-sdk/sdk/2.1.1/lib/lwip/src/core/memp.c.obj
                0x1000c1e4                memp_init
 .text.memp_malloc
                0x1000c250       0x40 src/CMakeFiles/picow_freertos.dir/C_/Users/Elcio.SAMSUNGBOOK-2DE/.pico-sdk/sdk/2.1.1/lib/lwip/src/core/memp.c.obj
                0x1000c250                memp_malloc
 .text.memp_free
                0x1000c290       0x38 src/CMakeFiles/picow_freertos.dir/C_/Users/Elcio.SAMSUNGBOOK-2DE/.pico-sdk/sdk/2.1.1/lib/lwip/src/core/memp.c.obj
                0x1000c290                memp_free
 .text.netif_null_output_ip4