Archive member included to satisfy reference by file (symbol)

C:/Users/Elcio.SAMSUNGBOOK-2DE/.pico-sdk/toolchain/14_2_Rel1/bin/../lib/gcc/arm-none-eabi/14.2.1/thumb/v6-m/nofp\libgcc.a(_dvmd_tls.o)
                              src/CMakeFiles/picow_freertos.dir/C_/Users/Elcio.SAMSUNGBOOK-2DE/.pico-sdk/sdk/2.1.1/src/rp2_common/pico_divider/divider_hardware.S.obj (__aeabi_idiv0)
C:/Users/Elcio.SAMSUNGBOOK-2DE/.pico-sdk/toolchain/14_2_Rel1/bin/../lib/gcc/arm-none-eabi/14.2.1/thumb/v6-m/nofp\libg.a(libc_a-atoi.o)
                              src/CMakeFiles/picow_freertos.dir/C_/Users/Elcio.SAMSUNGBOOK-2DE/.pico-sdk/sdk/2.1.1/lib/lwip/src/core/netif.c.obj (atoi)
C:/Users/Elcio.SAMSUNGBOOK-2DE/.pico-sdk/toolchain/14_2_Rel1/bin/../lib/gcc/arm-none-eabi/14.2.1/thumb/v6-m/nofp\libg.a(libc_a-calloc.o)
                              src/CMakeFiles/picow_freertos.dir/C_/Users/Elcio.SAMSUNGBOOK-2DE/.pico-sdk/sdk/2.1.1/src/rp2_common/pico_malloc/malloc.c.obj (calloc)
C:/Users/Elcio.SAMSUNGBOOK-2DE/.pico-sdk/toolchain/14_2_Rel1/bin/../lib/gcc/arm-none-eabi/14.2.1/thumb/v6-m/nofp\libg.a(libc_a-callocr.o)
                              C:/Users/Elcio.SAMSUNGBOOK-2DE/.pico-sdk/toolchain/14_2_Rel1/bin/../lib/gcc/arm-none-eabi/14.2.1/thumb/v6-m/nofp\libg.a(libc_a-calloc.o) (_calloc_r)
C:/Users/Elcio.SAMSUNGBOOK-2DE/.pico-sdk/toolchain/14_2_Rel1/bin/../lib/gcc/arm-none-eabi/14.2.1/thumb/v6-m/nofp\libg.a(libc_a-malloc.o)
                              src/CMakeFiles/picow_freertos.dir/C_/Users/Elcio.SAMSUNGBOOK-2DE/.pico-sdk/sdk/2.1.1/src/rp2_common/pico_malloc/malloc.c.obj (malloc)
C:/Users/Elcio.SAMSUNGBOOK-2DE/.pico-sdk/toolchain/14_2_Rel1/bin/../lib/gcc/arm-none-eabi/14.2.1/thumb/v6-m/nofp\libg.a(libc_a-mallocr.o)
                              C:/Users/Elcio.SAMSUNGBOOK-2DE/.pico-sdk/toolchain/14_2_Rel1/bin/../lib/gcc/arm-none-eabi/14.2.1/thumb/v6-m/nofp\libg.a(libc_a-callocr.o) (_malloc_r)
C:/Users/Elcio.SAMSUNGBOOK-2DE/.pico-sdk/toolchain/14_2_Rel1/bin/../lib/gcc/arm-none-eabi/14.2.1/thumb/v6-m/nofp\libg.a(libc_a-mlock.o)
                              C:/Users/Elcio.SAMSUNGBOOK-2DE/.pico-sdk/toolchain/14_2_Rel1/bin/../lib/gcc/arm-none-eabi/14.2.1/thumb/v6-m/nofp\libg.a(libc_a-mallocr.o) (__malloc_lock)
C:/Users/Elcio.SAMSUNGBOOK-2DE/.pico-sdk/toolchain/14_2_Rel1/bin/../lib/gcc/arm-none-eabi/14.2.1/thumb/v6-m/nofp\libg.a(libc_a-realloc.o)
                              src/CMakeFiles/picow_freertos.dir/C_/Users/Elcio.SAMSUNGBOOK-2DE/.pico-sdk/sdk/2.1.1/src/rp2_common/pico_malloc/malloc.c.obj (realloc)
C:/Users/Elcio.SAMSUNGBOOK-2DE/.pico-sdk/toolchain/14_2_Rel1/bin/../lib/gcc/arm-none-eabi/14.2.1/thumb/v6-m/nofp\libg.a(libc_a-reallocr.o)
                              C:/Users/Elcio.SAMSUNGBOOK-2DE/.pico-sdk/toolchain/14_2_Rel1/bin/../lib/gcc/arm-none-eabi/14.2.1/thumb/v6-m/nofp\libg.a(libc_a-realloc.o) (_realloc_r)
C:/Users/Elcio.SAMSUNGBOOK-2DE/.pico-sdk/toolchain/14_2_Rel1/bin/../lib/gcc/arm-none-eabi/14.2.1/thumb/v6-m/nofp\libg.a(libc_a-strtol.o)
                              C:/Users/Elcio.SAMSUNGBOOK-2DE/.pico-sdk/toolchain/14_2_Rel1/bin/../lib/gcc/arm-none-eabi/14.2.1/thumb/v6-m/nofp\libg.a(libc_a-atoi.o) (_strtol_r)
C:/Users/Elcio.SAMSUNGBOOK-2DE/.pico-sdk/toolchain/14_2_Rel1/bin/../lib/gcc/arm-none-eabi/14.2.1/thumb/v6-m/nofp\libg.a(libc_a-ctype_.o)
                              src/CMakeFiles/picow_freertos.dir/C_/Users/Elcio.SAMSUNGBOOK-2DE/.pico-sdk/sdk/2.1.1/lib/lwip/src/core/dns.c.obj (_ctype_)
C:/Users/Elcio.SAMSUNGBOOK-2DE/.pico-sdk/toolchain/14_2_Rel1/bin/../lib/gcc/arm-none-eabi/14.2.1/thumb/v6-m/nofp\libg.a(libc_a-memcmp.o)
                              src/CMakeFiles/picow_freertos.dir/C_/Users/Elcio.SAMSUNGBOOK-2DE/.pico-sdk/sdk/2.1.1/src/rp2_common/pico_atomic/atomic.c.obj (memcmp)
C:/Users/Elcio.SAMSUNGBOOK-2DE/.pico-sdk/toolchain/14_2_Rel1/bin/../lib/gcc/arm-none-eabi/14.2.1/thumb/v6-m/nofp\libg.a(libc_a-memmove.o)
                              src/CMakeFiles/picow_freertos.dir/C_/Users/Elcio.SAMSUNGBOOK-2DE/.pico-sdk/sdk/2.1.1/lib/lwip/src/core/def.c.obj (memmove)
C:/Users/Elcio.SAMSUNGBOOK-2DE/.pico-sdk/toolchain/14_2_Rel1/bin/../lib/gcc/arm-none-eabi/14.2.1/thumb/v6-m/nofp\libg.a(libc_a-strncmp.o)
                              src/CMakeFiles/picow_freertos.dir/C_/Users/Elcio.SAMSUNGBOOK-2DE/.pico-sdk/sdk/2.1.1/lib/lwip/src/core/def.c.obj (strncmp)
C:/Users/Elcio.SAMSUNGBOOK-2DE/.pico-sdk/toolchain/14_2_Rel1/bin/../lib/gcc/arm-none-eabi/14.2.1/thumb/v6-m/nofp\libg.a(libc_a-lcltime_r.o)
                              src/CMakeFiles/picow_freertos.dir/C_/Users/Elcio.SAMSUNGBOOK-2DE/.pico-sdk/sdk/2.1.1/src/common/pico_util/datetime.c.obj (localtime_r)
C:/Users/Elcio.SAMSUNGBOOK-2DE/.pico-sdk/toolchain/14_2_Rel1/bin/../lib/gcc/arm-none-eabi/14.2.1/thumb/v6-m/nofp\libg.a(libc_a-mktime.o)
                              src/CMakeFiles/picow_freertos.dir/C_/Users/Elcio.SAMSUNGBOOK-2DE/.pico-sdk/sdk/2.1.1/src/common/pico_util/datetime.c.obj (mktime)
[...]
Memory Configuration

Name             Origin             Length             Attributes
FLASH            0x10000000         0x00200000         xr
RAM              0x20000000         0x00040000         xrw
SCRATCH_X        0x20040000         0x00001000         xrw
SCRATCH_Y        0x20041000         0x00001000         xrw
*default*        0x00000000         0xffffffff

Linker script and memory map

LOAD C:/Users/Elcio.SAMSUNGBOOK-2DE/.pico-sdk/toolchain/14_2_Rel1/bin/../lib/gcc/arm-none-eabi/14.2.1/thumb/v6-m/nofp/crti.o
LOAD C:/Users/Elcio.SAMSUNGBOOK-2DE/.pico-sdk/toolchain/14_2_Rel1/bin/../lib/gcc/arm-none-eabi/14.2.1/thumb/v6-m/nofp/crtbegin.o
LOAD C:/Users/Elcio.SAMSUNGBOOK-2DE/.pico-sdk/toolchain/14_2_Rel1/bin/../lib/gcc/arm-none-eabi/14.2.1/thumb/v6-m/nofp/crt0.o

.flash_begin    0x10000000        0x0
                0x10000000                        __flash_binary_start = .

.boot2          0x10000000      0x100
                0x10000000                        __boot2_start__ = .
 *(.boot2)
 .boot2         0x10000000      0x100 pico-sdk/src/rp2040/boot_stage2/CMakeFiles/bs2_default_library.dir/./bs2_default_padded_checksummed.S.obj
                0x10000100                        __boot2_end__ = .
                0x00000001                        ASSERT (((__boot2_end__ - __boot2_start__) == 0x100), ERROR: Pico second stage bootloader must be 256 bytes in size)

.text           0x10000100    0x1db90
                0x10000100                        __logical_binary_start = .
 *(.vectors)
 .vectors       0x10000100       0xd4 src/CMakeFiles/picow_freertos.dir/C_/Users/Elcio.SAMSUNGBOOK-2DE/.pico-sdk/sdk/2.1.1/src/rp2_common/pico_crt0/crt0.S.obj
                0x10000100                __VECTOR_TABLE
                0x10000100                __vectors
                0x100001c0                isr_invalid
                0x100001c0                __default_isrs_start
                0x100001c2                isr_nmi
                0x100001c4                isr_hardfault
                0x100001c6                isr_svcall
                0x100001c8                isr_pendsv
                0x100001ca                isr_systick
                0x100001cc                isr_irq23
                0x100001cc                isr_irq18
                0x100001cc                isr_irq11
                0x100001cc                isr_irq28
                0x100001cc                isr_irq19
                0x100001cc                isr_irq0
                0x100001cc                isr_irq6
                0x100001cc                isr_irq5
                0x100001cc                isr_irq12
                0x100001cc                isr_irq22
                0x100001cc                isr_irq31
                0x100001cc                isr_irq17
                0x100001cc                isr_irq27
                0x100001cc                isr_irq30
                0x100001cc                isr_irq2
                0x100001cc                isr_irq10
                0x100001cc                isr_irq8
                0x100001cc                isr_irq24
                0x100001cc                isr_irq1
                0x100001cc                isr_irq7
                0x100001cc                isr_irq21
                0x100001cc                isr_irq20
                0x100001cc                isr_irq15
                0x100001cc                isr_irq25
                0x100001cc                isr_irq13
                0x100001cc                __unhandled_user_irq
                0x100001cc                isr_irq4
                0x100001cc                isr_irq16
                0x100001cc                isr_irq29
                0x100001cc                isr_irq26
                0x100001cc                __default_isrs_end
                0x100001cc                isr_irq3
                0x100001cc                isr_irq14
                0x100001cc                isr_irq9
                0x100001d2                unhandled_user_irq_num_in_r0
 *(.binary_info_header)
 .binary_info_header
                0x100001d4       0x14 src/CMakeFiles/picow_freertos.dir/C_/Users/Elcio.SAMSUNGBOOK-2DE/.pico-sdk/sdk/2.1.1/src/rp2_common/pico_crt0/crt0.S.obj
                0x100001e8                        __binary_info_header_end = .
 *(.embedded_block)
                0x100001e8                        __embedded_block_end = .
 *(.reset)
 .reset         0x100001e8       0x9c src/CMakeFiles/picow_freertos.dir/C_/Users/Elcio.SAMSUNGBOOK-2DE/.pico-sdk/sdk/2.1.1/src/rp2_common/pico_crt0/crt0.S.obj
                0x100001e8                _entry_point
 *(.init)
 .init          0x10000284        0x4 C:/Users/Elcio.SAMSUNGBOOK-2DE/.pico-sdk/toolchain/14_2_Rel1/bin/../lib/gcc/arm-none-eabi/14.2.1/thumb/v6-m/nofp/crti.o
                0x10000284                _init
 *(EXCLUDE_FILE(*libm.a: *libc.a:*lib_a-mem*.o *libgcc.a:) .text*)
 .text.register_tm_clones
                0x10000288       0x28 C:/Users/Elcio.SAMSUNGBOOK-2DE/.pico-sdk/toolchain/14_2_Rel1/bin/../lib/gcc/arm-none-eabi/14.2.1/thumb/v6-m/nofp/crtbegin.o
 .text.frame_dummy
                0x100002b0       0x24 C:/Users/Elcio.SAMSUNGBOOK-2DE/.pico-sdk/toolchain/14_2_Rel1/bin/../lib/gcc/arm-none-eabi/14.2.1/thumb/v6-m/nofp/crtbegin.o
 .text.buzzer_pwm_init
                0x100002d4       0x74 src/CMakeFiles/picow_freertos.dir/main.c.obj
                0x100002d4                buzzer_pwm_init
 .text.startup.main
                0x10000348       0xd8 src/CMakeFiles/picow_freertos.dir/main.c.obj
                0x10000348                main
 .text.config_geral_init
                0x10000420      0x18c src/CMakeFiles/picow_freertos.dir/config_geral.c.obj
                0x10000420                config_geral_init
 .text.safe_printf
                0x100005ac       0x40 src/CMakeFiles/picow_freertos.dir/utils_print.c.obj
                0x100005ac                safe_printf
 .text.mpu6500_check_whoami
                0x100005ec       0x78 src/CMakeFiles/picow_freertos.dir/tasks/task_giroscopio_mpu6500.c.obj
                0x100005ec                mpu6500_check_whoami
 .text.task_giroscopio_mpu6500
                0x10000664      0x280 src/CMakeFiles/picow_freertos.dir/tasks/task_giroscopio_mpu6500.c.obj
                0x10000664                task_giroscopio_mpu6500
 .text.task_temperatura_aht10
                0x100008e4      0x31c src/CMakeFiles/picow_freertos.dir/tasks/task_temperatura_aht10.c.obj
                0x100008e4                task_temperatura_aht10
 .text.task_distancia_vl53l0x
                0x10000c00      0x218 src/CMakeFiles/picow_freertos.dir/tasks/task_distancia_vl53l0x.c.obj
                0x10000c00                task_distancia_vl53l0x
 .text.task_emergencia
                0x10000e18       0xa4 src/CMakeFiles/picow_freertos.dir/tasks/task_emergencia.c.obj
                0x10000e18                task_emergencia
 .text.gpio_callback
                0x10000ebc       0x7c src/CMakeFiles/picow_freertos.dir/tasks/task_emergencia.c.obj
                0x10000ebc                gpio_callback
 .text.task_wifi
                0x10000f38       0x88 src/CMakeFiles/picow_freertos.dir/tasks/task_wifi.c.obj
                0x10000f38                task_wifi
 .text.write_reg
                0x10000fc0       0x44 src/CMakeFiles/picow_freertos.dir/tasks/task_oximetro_max30102.c.obj
 .text.read_fifo
                0x10001004       0xa8 src/CMakeFiles/picow_freertos.dir/tasks/task_oximetro_max30102.c.obj
 .text.task_oximetro_max30102
                0x100010ac      0x424 src/CMakeFiles/picow_freertos.dir/tasks/task_oximetro_max30102.c.obj
                0x100010ac                task_oximetro_max30102
 .text.tarefa_mqtt
                0x100014d0       0x74 src/CMakeFiles/picow_freertos.dir/tasks/task_mqtt.c.obj
                0x100014d0                tarefa_mqtt
 .text.mpu6500_init
                0x10001544       0x1c src/CMakeFiles/picow_freertos.dir/drivers/mpu6500.c.obj
                0x10001544                mpu6500_init
 .text.mpu6500_read_raw
                0x10001560       0x5c src/CMakeFiles/picow_freertos.dir/drivers/mpu6500.c.obj
                0x10001560                mpu6500_read_raw
 .text.aht10_init
                0x100015bc       0x2c src/CMakeFiles/picow_freertos.dir/drivers/aht10.c.obj
                0x100015bc                aht10_init
 .text.aht10_read_data
                0x100015e8       0xa8 src/CMakeFiles/picow_freertos.dir/drivers/aht10.c.obj
                0x100015e8                aht10_read_data
 .text.vl53l0x_init
                0x10001690      0x454 src/CMakeFiles/picow_freertos.dir/drivers/vl53l0x.c.obj
                0x10001690                vl53l0x_init
 .text.vl53l0x_start_continuous
                0x10001ae4      0x108 src/CMakeFiles/picow_freertos.dir/drivers/vl53l0x.c.obj
                0x10001ae4                vl53l0x_start_continuous
 .text.vl53l0x_read_range_continuous_millimeters
                0x10001bec       0xe0 src/CMakeFiles/picow_freertos.dir/drivers/vl53l0x.c.obj
                0x10001bec                vl53l0x_read_range_continuous_millimeters
 .text.mqtt_pub_request_cb
                0x10001ccc        0xc src/CMakeFiles/picow_freertos.dir/mqtt_lwip.c.obj
 .text.mqtt_connection_cb
                0x10001cd8       0x68 src/CMakeFiles/picow_freertos.dir/mqtt_lwip.c.obj
 .text.publicar_mensagem_mqtt
                0x10001d40       0x6c src/CMakeFiles/picow_freertos.dir/mqtt_lwip.c.obj
                0x10001d40                publicar_mensagem_mqtt
 .text.iniciar_mqtt_cliente
                0x10001dac       0x88 src/CMakeFiles/picow_freertos.dir/mqtt_lwip.c.obj
                0x10001dac                iniciar_mqtt_cliente
 .text.cliente_mqtt_esta_conectado
                0x10001e34       0x20 src/CMakeFiles/picow_freertos.dir/mqtt_lwip.c.obj
                0x10001e34                cliente_mqtt_esta_conectado
 .text.pvPortMalloc
                0x10001e54      0x124 src/CMakeFiles/picow_freertos.dir/__/lib/FreeRTOS-Kernel/portable/MemMang/heap_4.c.obj
                0x10001e54                pvPortMalloc
 .text.vPortFree
                0x10001f78       0x98 src/CMakeFiles/picow_freertos.dir/__/lib/FreeRTOS-Kernel/portable/MemMang/heap_4.c.obj
                0x10001f78                vPortFree
 .text.gpio_default_irq_handler
                0x10002010      0x2c8 src/CMakeFiles/picow_freertos.dir/C_/Users/Elcio.SAMSUNGBOOK-2DE/.pico-sdk/sdk/2.1.1/src/rp2_common/hardware_gpio/gpio.c.obj
 .text.gpio_set_function
                0x100022d8       0x34 src/CMakeFiles/picow_freertos.dir/C_/Users/Elcio.SAMSUNGBOOK-2DE/.pico-sdk/sdk/2.1.1/src/rp2_common/hardware_gpio/gpio.c.obj
                0x100022d8                gpio_set_function
 .text.gpio_set_pulls
                0x1000230c       0x28 src/CMakeFiles/picow_freertos.dir/C_/Users/Elcio.SAMSUNGBOOK-2DE/.pico-sdk/sdk/2.1.1/src/rp2_common/hardware_gpio/gpio.c.obj
                0x1000230c                gpio_set_pulls
 .text.gpio_set_input_hysteresis_enabled
                0x10002334       0x28 src/CMakeFiles/picow_freertos.dir/C_/Users/Elcio.SAMSUNGBOOK-2DE/.pico-sdk/sdk/2.1.1/src/rp2_common/hardware_gpio/gpio.c.obj
                0x10002334                gpio_set_input_hysteresis_enabled
 .text.gpio_set_irq_enabled
                0x1000235c       0x58 src/CMakeFiles/picow_freertos.dir/C_/Users/Elcio.SAMSUNGBOOK-2DE/.pico-sdk/sdk/2.1.1/src/rp2_common/hardware_gpio/gpio.c.obj
                0x1000235c                gpio_set_irq_enabled
 .text.gpio_set_irq_enabled_with_callback
                0x100023b4       0xd0 src/CMakeFiles/picow_freertos.dir/C_/Users/Elcio.SAMSUNGBOOK-2DE/.pico-sdk/sdk/2.1.1/src/rp2_common/hardware_gpio/gpio.c.obj
                0x100023b4                gpio_set_irq_enabled_with_callback
 .text.gpio_add_raw_irq_handler_with_order_priority_masked
                0x10002484       0x44 src/CMakeFiles/picow_freertos.dir/C_/Users/Elcio.SAMSUNGBOOK-2DE/.pico-sdk/sdk/2.1.1/src/rp2_common/hardware_gpio/gpio.c.obj
                0x10002484                gpio_add_raw_irq_handler_with_order_priority_masked
 .text.gpio_remove_raw_irq_handler_masked
                0x100024c8       0x20 src/CMakeFiles/picow_freertos.dir/C_/Users/Elcio.SAMSUNGBOOK-2DE/.pico-sdk/sdk/2.1.1/src/rp2_common/hardware_gpio/gpio.c.obj
                0x100024c8                gpio_remove_raw_irq_handler_masked
 .text.gpio_init
                0x100024e8       0x40 src/CMakeFiles/picow_freertos.dir/C_/Users/Elcio.SAMSUNGBOOK-2DE/.pico-sdk/sdk/2.1.1/src/rp2_common/hardware_gpio/gpio.c.obj
                0x100024e8                gpio_init
 .text.rp2040_chip_version
                0x10002528        0xc src/CMakeFiles/picow_freertos.dir/C_/Users/Elcio.SAMSUNGBOOK-2DE/.pico-sdk/sdk/2.1.1/src/rp2040/pico_platform/platform.c.obj
                0x10002528                rp2040_chip_version
 .text.panic    0x10002534       0x30 src/CMakeFiles/picow_freertos.dir/C_/Users/Elcio.SAMSUNGBOOK-2DE/.pico-sdk/sdk/2.1.1/src/rp2_common/pico_platform_panic/panic.c.obj
                0x10002534                panic
 .text.panic_unsupported
                0x10002564        0xc src/CMakeFiles/picow_freertos.dir/C_/Users/Elcio.SAMSUNGBOOK-2DE/.pico-sdk/sdk/2.1.1/src/rp2_common/pico_platform_panic/panic.c.obj
                0x10002564                panic_unsupported
 .text.hw_claim_lock
                0x10002570       0x18 src/CMakeFiles/picow_freertos.dir/C_/Users/Elcio.SAMSUNGBOOK-2DE/.pico-sdk/sdk/2.1.1/src/common/hardware_claim/claim.c.obj
                0x10002570                hw_claim_lock
 .text.hw_claim_unlock
                0x10002588       0x14 src/CMakeFiles/picow_freertos.dir/C_/Users/Elcio.SAMSUNGBOOK-2DE/.pico-sdk/sdk/2.1.1/src/common/hardware_claim/claim.c.obj
                0x10002588                hw_claim_unlock
 .text.hw_claim_or_assert
                0x1000259c       0x44 src/CMakeFiles/picow_freertos.dir/C_/Users/Elcio.SAMSUNGBOOK-2DE/.pico-sdk/sdk/2.1.1/src/common/hardware_claim/claim.c.obj
                0x1000259c                hw_claim_or_assert
 .text.hw_claim_unused_from_range
                0x100025e0       0x88 src/CMakeFiles/picow_freertos.dir/C_/Users/Elcio.SAMSUNGBOOK-2DE/.pico-sdk/sdk/2.1.1/src/common/hardware_claim/claim.c.obj
                0x100025e0                hw_claim_unused_from_range
 .text.hw_claim_clear
                0x10002668       0x38 src/CMakeFiles/picow_freertos.dir/C_/Users/Elcio.SAMSUNGBOOK-2DE/.pico-sdk/sdk/2.1.1/src/common/hardware_claim/claim.c.obj
                0x10002668                hw_claim_clear
 .text.next_striped_spin_lock_num
                0x100026a0       0x18 src/CMakeFiles/picow_freertos.dir/C_/Users/Elcio.SAMSUNGBOOK-2DE/.pico-sdk/sdk/2.1.1/src/rp2_common/hardware_sync/sync.c.obj
                0x100026a0                next_striped_spin_lock_num
 .text.spin_lock_claim_unused
                0x100026b8       0x24 src/CMakeFiles/picow_freertos.dir/C_/Users/Elcio.SAMSUNGBOOK-2DE/.pico-sdk/sdk/2.1.1/src/rp2_common/hardware_sync/sync.c.obj
                0x100026b8                spin_lock_claim_unused
 .text.spin_locks_reset
                0x100026dc       0x1c src/CMakeFiles/picow_freertos.dir/C_/Users/Elcio.SAMSUNGBOOK-2DE/.pico-sdk/sdk/2.1.1/src/rp2_common/hardware_sync_spin_lock/sync_spin_lock.c.obj
                0x100026dc                spin_locks_reset
 .text.runtime_init_per_core_irq_priorities
                0x100026f8       0x24 src/CMakeFiles/picow_freertos.dir/C_/Users/Elcio.SAMSUNGBOOK-2DE/.pico-sdk/sdk/2.1.1/src/rp2_common/hardware_irq/irq.c.obj
                0x100026f8                runtime_init_per_core_irq_priorities
 .text.irq_set_enabled
                0x1000271c       0x24 src/CMakeFiles/picow_freertos.dir/C_/Users/Elcio.SAMSUNGBOOK-2DE/.pico-sdk/sdk/2.1.1/src/rp2_common/hardware_irq/irq.c.obj
                0x1000271c                irq_set_enabled
 .text.irq_is_enabled
                0x10002740       0x18 src/CMakeFiles/picow_freertos.dir/C_/Users/Elcio.SAMSUNGBOOK-2DE/.pico-sdk/sdk/2.1.1/src/rp2_common/hardware_irq/irq.c.obj
                0x10002740                irq_is_enabled
 .text.irq_set_pending
                0x10002758       0x10 src/CMakeFiles/picow_freertos.dir/C_/Users/Elcio.SAMSUNGBOOK-2DE/.pico-sdk/sdk/2.1.1/src/rp2_common/hardware_irq/irq.c.obj
                0x10002758                irq_set_pending
 .text.irq_has_shared_handler
                0x10002768       0x24 src/CMakeFiles/picow_freertos.dir/C_/Users/Elcio.SAMSUNGBOOK-2DE/.pico-sdk/sdk/2.1.1/src/rp2_common/hardware_irq/irq.c.obj
                0x10002768                irq_has_shared_handler
 .text.irq_set_exclusive_handler
                0x1000278c       0x54 src/CMakeFiles/picow_freertos.dir/C_/Users/Elcio.SAMSUNGBOOK-2DE/.pico-sdk/sdk/2.1.1/src/rp2_common/hardware_irq/irq.c.obj
                0x1000278c                irq_set_exclusive_handler
 .text.irq_add_shared_handler
                0x100027e0      0x1f4 src/CMakeFiles/picow_freertos.dir/C_/Users/Elcio.SAMSUNGBOOK-2DE/.pico-sdk/sdk/2.1.1/src/rp2_common/hardware_irq/irq.c.obj
                0x100027e0                irq_add_shared_handler
 .text.irq_remove_handler
                0x100029d4      0x1d4 src/CMakeFiles/picow_freertos.dir/C_/Users/Elcio.SAMSUNGBOOK-2DE/.pico-sdk/sdk/2.1.1/src/rp2_common/hardware_irq/irq.c.obj
                0x100029d4                irq_remove_handler
 .text.irq_set_priority
                0x10002ba8       0x28 src/CMakeFiles/picow_freertos.dir/C_/Users/Elcio.SAMSUNGBOOK-2DE/.pico-sdk/sdk/2.1.1/src/rp2_common/hardware_irq/irq.c.obj
                0x10002ba8                irq_set_priority
 .text.irq_add_tail_to_free_list
                0x10002bd0       0xb4 src/CMakeFiles/picow_freertos.dir/C_/Users/Elcio.SAMSUNGBOOK-2DE/.pico-sdk/sdk/2.1.1/src/rp2_common/hardware_irq/irq.c.obj
                0x10002bd0                irq_add_tail_to_free_list
 .text.user_irq_unclaim
                0x10002c84       0x14 src/CMakeFiles/picow_freertos.dir/C_/Users/Elcio.SAMSUNGBOOK-2DE/.pico-sdk/sdk/2.1.1/src/rp2_common/hardware_irq/irq.c.obj
                0x10002c84                user_irq_unclaim
 .text.user_irq_claim_unused
                0x10002c98       0x2c src/CMakeFiles/picow_freertos.dir/C_/Users/Elcio.SAMSUNGBOOK-2DE/.pico-sdk/sdk/2.1.1/src/rp2_common/hardware_irq/irq.c.obj
                0x10002c98                user_irq_claim_unused
 .text.sem_init
                0x10002cc4       0x20 src/CMakeFiles/picow_freertos.dir/C_/Users/Elcio.SAMSUNGBOOK-2DE/.pico-sdk/sdk/2.1.1/src/common/pico_sync/sem.c.obj
                0x10002cc4                sem_init
 .text.lock_init
                0x10002ce4       0x10 src/CMakeFiles/picow_freertos.dir/C_/Users/Elcio.SAMSUNGBOOK-2DE/.pico-sdk/sdk/2.1.1/src/common/pico_sync/lock_core.c.obj
                0x10002ce4                lock_init
 .text.runtime_init_mutex
                0x10002cf4       0x54 src/CMakeFiles/picow_freertos.dir/C_/Users/Elcio.SAMSUNGBOOK-2DE/.pico-sdk/sdk/2.1.1/src/common/pico_sync/mutex.c.obj
                0x10002cf4                runtime_init_mutex
 .text.mutex_init
                0x10002d48       0x1c src/CMakeFiles/picow_freertos.dir/C_/Users/Elcio.SAMSUNGBOOK-2DE/.pico-sdk/sdk/2.1.1/src/common/pico_sync/mutex.c.obj
                0x10002d48                mutex_init
 .text.recursive_mutex_init
                0x10002d64       0x20 src/CMakeFiles/picow_freertos.dir/C_/Users/Elcio.SAMSUNGBOOK-2DE/.pico-sdk/sdk/2.1.1/src/common/pico_sync/mutex.c.obj
                0x10002d64                recursive_mutex_init
 .text.critical_section_init
                0x10002d84       0x1c src/CMakeFiles/picow_freertos.dir/C_/Users/Elcio.SAMSUNGBOOK-2DE/.pico-sdk/sdk/2.1.1/src/common/pico_sync/critical_section.c.obj
                0x10002d84                critical_section_init
 .text.critical_section_init_with_lock_num
                0x10002da0       0x14 src/CMakeFiles/picow_freertos.dir/C_/Users/Elcio.SAMSUNGBOOK-2DE/.pico-sdk/sdk/2.1.1/src/common/pico_sync/critical_section.c.obj
                0x10002da0                critical_section_init_with_lock_num
 .text.alarm_pool_irq_handler
                0x10002db4      0x300 src/CMakeFiles/picow_freertos.dir/C_/Users/Elcio.SAMSUNGBOOK-2DE/.pico-sdk/sdk/2.1.1/src/common/pico_time/time.c.obj
 .text.sleep_until_callback
                0x100030b4       0x24 src/CMakeFiles/picow_freertos.dir/C_/Users/Elcio.SAMSUNGBOOK-2DE/.pico-sdk/sdk/2.1.1/src/common/pico_time/time.c.obj
 .text.runtime_init_default_alarm_pool
                0x100030d8       0xdc src/CMakeFiles/picow_freertos.dir/C_/Users/Elcio.SAMSUNGBOOK-2DE/.pico-sdk/sdk/2.1.1/src/common/pico_time/time.c.obj
                0x100030d8                runtime_init_default_alarm_pool
 .text.alarm_pool_get_default
                0x100031b4        0x8 src/CMakeFiles/picow_freertos.dir/C_/Users/Elcio.SAMSUNGBOOK-2DE/.pico-sdk/sdk/2.1.1/src/common/pico_time/time.c.obj
                0x100031b4                alarm_pool_get_default
 .text.alarm_pool_create_on_timer_with_unused_hardware_alarm
                0x100031bc       0xa8 src/CMakeFiles/picow_freertos.dir/C_/Users/Elcio.SAMSUNGBOOK-2DE/.pico-sdk/sdk/2.1.1/src/common/pico_time/time.c.obj
                0x100031bc                alarm_pool_create_on_timer_with_unused_hardware_alarm
 .text.alarm_pool_destroy
                0x10003264       0x5c src/CMakeFiles/picow_freertos.dir/C_/Users/Elcio.SAMSUNGBOOK-2DE/.pico-sdk/sdk/2.1.1/src/common/pico_time/time.c.obj
                0x10003264                alarm_pool_destroy
 .text.alarm_pool_add_alarm_at
                0x100032c0       0xd0 src/CMakeFiles/picow_freertos.dir/C_/Users/Elcio.SAMSUNGBOOK-2DE/.pico-sdk/sdk/2.1.1/src/common/pico_time/time.c.obj
                0x100032c0                alarm_pool_add_alarm_at
 .text.alarm_pool_add_alarm_at_force_in_context
                0x10003390       0xb0 src/CMakeFiles/picow_freertos.dir/C_/Users/Elcio.SAMSUNGBOOK-2DE/.pico-sdk/sdk/2.1.1/src/common/pico_time/time.c.obj
                0x10003390                alarm_pool_add_alarm_at_force_in_context
 .text.alarm_pool_cancel_alarm
                0x10003440       0x74 src/CMakeFiles/picow_freertos.dir/C_/Users/Elcio.SAMSUNGBOOK-2DE/.pico-sdk/sdk/2.1.1/src/common/pico_time/time.c.obj
                0x10003440                alarm_pool_cancel_alarm
 .text.alarm_pool_core_num
                0x100034b4        0x4 src/CMakeFiles/picow_freertos.dir/C_/Users/Elcio.SAMSUNGBOOK-2DE/.pico-sdk/sdk/2.1.1/src/common/pico_time/time.c.obj
                0x100034b4                alarm_pool_core_num
 .text.sleep_until
                0x100034b8       0xcc src/CMakeFiles/picow_freertos.dir/C_/Users/Elcio.SAMSUNGBOOK-2DE/.pico-sdk/sdk/2.1.1/src/common/pico_time/time.c.obj
                0x100034b8                sleep_until
 .text.sleep_ms
                0x10003584       0xf8 src/CMakeFiles/picow_freertos.dir/C_/Users/Elcio.SAMSUNGBOOK-2DE/.pico-sdk/sdk/2.1.1/src/common/pico_time/time.c.obj
                0x10003584                sleep_ms
 .text.best_effort_wfe_or_timeout
                0x1000367c      0x10c src/CMakeFiles/picow_freertos.dir/C_/Users/Elcio.SAMSUNGBOOK-2DE/.pico-sdk/sdk/2.1.1/src/common/pico_time/time.c.obj
                0x1000367c                best_effort_wfe_or_timeout
 .text.alarm_pool_get_default_timer
                0x10003788        0x8 src/CMakeFiles/picow_freertos.dir/C_/Users/Elcio.SAMSUNGBOOK-2DE/.pico-sdk/sdk/2.1.1/src/common/pico_time/time.c.obj
                0x10003788                alarm_pool_get_default_timer
 .text.timer_hardware_alarm_claim
                0x10003790       0x14 src/CMakeFiles/picow_freertos.dir/C_/Users/Elcio.SAMSUNGBOOK-2DE/.pico-sdk/sdk/2.1.1/src/rp2_common/hardware_timer/timer.c.obj
                0x10003790                timer_hardware_alarm_claim
 .text.hardware_alarm_unclaim
                0x100037a4       0x14 src/CMakeFiles/picow_freertos.dir/C_/Users/Elcio.SAMSUNGBOOK-2DE/.pico-sdk/sdk/2.1.1/src/rp2_common/hardware_timer/timer.c.obj
                0x100037a4                hardware_alarm_unclaim
 .text.timer_hardware_alarm_claim_unused
                0x100037b8       0x20 src/CMakeFiles/picow_freertos.dir/C_/Users/Elcio.SAMSUNGBOOK-2DE/.pico-sdk/sdk/2.1.1/src/rp2_common/hardware_timer/timer.c.obj
                0x100037b8                timer_hardware_alarm_claim_unused
 .text.timer_time_us_64
                0x100037d8       0x10 src/CMakeFiles/picow_freertos.dir/C_/Users/Elcio.SAMSUNGBOOK-2DE/.pico-sdk/sdk/2.1.1/src/rp2_common/hardware_timer/timer.c.obj
                0x100037d8                timer_time_us_64
 .text.time_us_64
                0x100037e8       0x14 src/CMakeFiles/picow_freertos.dir/C_/Users/Elcio.SAMSUNGBOOK-2DE/.pico-sdk/sdk/2.1.1/src/rp2_common/hardware_timer/timer.c.obj
                0x100037e8                time_us_64
 .text.busy_wait_until
                0x100037fc       0x20 src/CMakeFiles/picow_freertos.dir/C_/Users/Elcio.SAMSUNGBOOK-2DE/.pico-sdk/sdk/2.1.1/src/rp2_common/hardware_timer/timer.c.obj
                0x100037fc                busy_wait_until
 .text.clock_configure_int_divider
                0x1000381c       0xf4 src/CMakeFiles/picow_freertos.dir/C_/Users/Elcio.SAMSUNGBOOK-2DE/.pico-sdk/sdk/2.1.1/src/rp2_common/hardware_clocks/clocks.c.obj
                0x1000381c                clock_configure_int_divider
 .text.clock_configure_undivided
                0x10003910       0xe8 src/CMakeFiles/picow_freertos.dir/C_/Users/Elcio.SAMSUNGBOOK-2DE/.pico-sdk/sdk/2.1.1/src/rp2_common/hardware_clocks/clocks.c.obj
                0x10003910                clock_configure_undivided
 .text.clock_get_hz
                0x100039f8        0xc src/CMakeFiles/picow_freertos.dir/C_/Users/Elcio.SAMSUNGBOOK-2DE/.pico-sdk/sdk/2.1.1/src/rp2_common/hardware_clocks/clocks.c.obj
                0x100039f8                clock_get_hz
 .text.pll_init
                0x10003a04       0xa4 src/CMakeFiles/picow_freertos.dir/C_/Users/Elcio.SAMSUNGBOOK-2DE/.pico-sdk/sdk/2.1.1/src/rp2_common/hardware_pll/pll.c.obj
                0x10003a04                pll_init
 .text.watchdog_reboot
                0x10003aa8       0x9c src/CMakeFiles/picow_freertos.dir/C_/Users/Elcio.SAMSUNGBOOK-2DE/.pico-sdk/sdk/2.1.1/src/rp2_common/hardware_watchdog/watchdog.c.obj
                0x10003aa8                watchdog_reboot
 .text.tick_start
                0x10003b44       0x10 src/CMakeFiles/picow_freertos.dir/C_/Users/Elcio.SAMSUNGBOOK-2DE/.pico-sdk/sdk/2.1.1/src/rp2_common/hardware_ticks/ticks.c.obj
                0x10003b44                tick_start
 .text.rom_func_lookup
                0x10003b54       0x10 src/CMakeFiles/picow_freertos.dir/C_/Users/Elcio.SAMSUNGBOOK-2DE/.pico-sdk/sdk/2.1.1/src/rp2_common/pico_bootrom/bootrom.c.obj
                0x10003b54                rom_func_lookup
 .text.rom_data_lookup
                0x10003b64       0x10 src/CMakeFiles/picow_freertos.dir/C_/Users/Elcio.SAMSUNGBOOK-2DE/.pico-sdk/sdk/2.1.1/src/rp2_common/pico_bootrom/bootrom.c.obj
                0x10003b64                rom_data_lookup
 .text.rom_funcs_lookup
                0x10003b74       0x44 src/CMakeFiles/picow_freertos.dir/C_/Users/Elcio.SAMSUNGBOOK-2DE/.pico-sdk/sdk/2.1.1/src/rp2_common/pico_bootrom/bootrom.c.obj
                0x10003b74                rom_funcs_lookup
 .text.rom_reset_usb_boot_extra
                0x10003bb8       0x24 src/CMakeFiles/picow_freertos.dir/C_/Users/Elcio.SAMSUNGBOOK-2DE/.pico-sdk/sdk/2.1.1/src/rp2_common/pico_bootrom/bootrom.c.obj
                0x10003bb8                rom_reset_usb_boot_extra
 .text.xosc_init
                0x10003bdc       0x28 src/CMakeFiles/picow_freertos.dir/C_/Users/Elcio.SAMSUNGBOOK-2DE/.pico-sdk/sdk/2.1.1/src/rp2_common/hardware_xosc/xosc.c.obj
                0x10003bdc                xosc_init
 .text.first_per_core_initializer
                0x10003c04        0x4 src/CMakeFiles/picow_freertos.dir/C_/Users/Elcio.SAMSUNGBOOK-2DE/.pico-sdk/sdk/2.1.1/src/rp2_common/pico_runtime/runtime.c.obj
 .text.hard_assertion_failure
                0x10003c08        0xc src/CMakeFiles/picow_freertos.dir/C_/Users/Elcio.SAMSUNGBOOK-2DE/.pico-sdk/sdk/2.1.1/src/rp2_common/pico_runtime/runtime.c.obj
                0x10003c08                hard_assertion_failure
 .text.runtime_run_initializers
                0x10003c14       0x28 src/CMakeFiles/picow_freertos.dir/C_/Users/Elcio.SAMSUNGBOOK-2DE/.pico-sdk/sdk/2.1.1/src/rp2_common/pico_runtime/runtime.c.obj
                0x10003c14                runtime_run_initializers
 .text.runtime_init_early_resets
                0x10003c3c       0x2c src/CMakeFiles/picow_freertos.dir/C_/Users/Elcio.SAMSUNGBOOK-2DE/.pico-sdk/sdk/2.1.1/src/rp2_common/pico_runtime_init/runtime_init.c.obj
                0x10003c3c                runtime_init_early_resets
 .text.runtime_init_usb_power_down
                0x10003c68       0x1c src/CMakeFiles/picow_freertos.dir/C_/Users/Elcio.SAMSUNGBOOK-2DE/.pico-sdk/sdk/2.1.1/src/rp2_common/pico_runtime_init/runtime_init.c.obj
                0x10003c68                runtime_init_usb_power_down
 .text.runtime_init_post_clock_resets
                0x10003c84       0x20 src/CMakeFiles/picow_freertos.dir/C_/Users/Elcio.SAMSUNGBOOK-2DE/.pico-sdk/sdk/2.1.1/src/rp2_common/pico_runtime_init/runtime_init.c.obj
                0x10003c84                runtime_init_post_clock_resets
 .text.runtime_init_rp2040_gpio_ie_disable
                0x10003ca4       0x14 src/CMakeFiles/picow_freertos.dir/C_/Users/Elcio.SAMSUNGBOOK-2DE/.pico-sdk/sdk/2.1.1/src/rp2_common/pico_runtime_init/runtime_init.c.obj
                0x10003ca4                runtime_init_rp2040_gpio_ie_disable
 .text.runtime_init_spin_locks_reset
                0x10003cb8        0x8 src/CMakeFiles/picow_freertos.dir/C_/Users/Elcio.SAMSUNGBOOK-2DE/.pico-sdk/sdk/2.1.1/src/rp2_common/pico_runtime_init/runtime_init.c.obj
                0x10003cb8                runtime_init_spin_locks_reset
 .text.runtime_init_install_ram_vector_table
                0x10003cc0       0x1c src/CMakeFiles/picow_freertos.dir/C_/Users/Elcio.SAMSUNGBOOK-2DE/.pico-sdk/sdk/2.1.1/src/rp2_common/pico_runtime_init/runtime_init.c.obj
                0x10003cc0                runtime_init_install_ram_vector_table
 .text.runtime_init_clocks
                0x10003cdc       0xd8 src/CMakeFiles/picow_freertos.dir/C_/Users/Elcio.SAMSUNGBOOK-2DE/.pico-sdk/sdk/2.1.1/src/rp2_common/pico_runtime_init/runtime_init_clocks.c.obj
                0x10003cdc                runtime_init_clocks
 .text          0x10003db4       0x10 src/CMakeFiles/picow_freertos.dir/C_/Users/Elcio.SAMSUNGBOOK-2DE/.pico-sdk/sdk/2.1.1/src/rp2_common/pico_bit_ops/bit_ops_aeabi.S.obj
 .text.ctzsi    0x10003dc4        0xc src/CMakeFiles/picow_freertos.dir/C_/Users/Elcio.SAMSUNGBOOK-2DE/.pico-sdk/sdk/2.1.1/src/rp2_common/pico_bit_ops/bit_ops_aeabi.S.obj
                0x10003dc4                __wrap___ctzsi2
 .text.__wrap___aeabi_idiv
                0x10003dd0       0x50 src/CMakeFiles/picow_freertos.dir/C_/Users/Elcio.SAMSUNGBOOK-2DE/.pico-sdk/sdk/2.1.1/src/rp2_common/pico_divider/divider_hardware.S.obj
                0x10003dd0                __wrap___aeabi_idivmod
                0x10003dd0                divmod_s32s32
                0x10003dd0                div_s32s32
                0x10003dd0                __wrap___aeabi_idiv
                0x10003dd8                divmod_s32s32_unsafe
                0x10003e04                divmod_s32s32_savestate
 .text.__wrap___aeabi_uidiv
                0x10003e20       0x4c src/CMakeFiles/picow_freertos.dir/C_/Users/Elcio.SAMSUNGBOOK-2DE/.pico-sdk/sdk/2.1.1/src/rp2_common/pico_divider/divider_hardware.S.obj
                0x10003e20                __wrap___aeabi_uidiv
                0x10003e20                __wrap___aeabi_uidivmod
                0x10003e20                div_u32u32
                0x10003e20                divmod_u32u32
                0x10003e28                divmod_u32u32_unsafe
                0x10003e50                divmod_u32u32_savestate
 .text.__wrap___aeabi_ldiv
                0x10003e6c      0x424 src/CMakeFiles/picow_freertos.dir/C_/Users/Elcio.SAMSUNGBOOK-2DE/.pico-sdk/sdk/2.1.1/src/rp2_common/pico_divider/divider_hardware.S.obj
                0x10003e6c                div_s64s64
                0x10003e6c                divmod_s64s64
                0x10003e6c                __wrap___aeabi_ldivmod
                0x10003e9c                divmod_u64u64
                0x10003e9c                div_u64u64
                0x10003e9c                __wrap___aeabi_uldivmod
                0x10003eac                divmod_u64u64_savestate
                0x10003ecc                divmod_s64s64_unsafe
                0x10003f54                divmod_u64u64_unsafe
 .text.__wrap___aeabi_darithmetic
                0x10004290       0x60 src/CMakeFiles/picow_freertos.dir/C_/Users/Elcio.SAMSUNGBOOK-2DE/.pico-sdk/sdk/2.1.1/src/rp2_common/pico_double/double_aeabi_rp2040.S.obj
                0x10004290                __wrap___aeabi_drsub
                0x10004296                __wrap___aeabi_dsub
                0x100042a0                __wrap___aeabi_dadd
                0x100042aa                __wrap___aeabi_ddiv
                0x100042de                __wrap___aeabi_dmul
 .text.__wrap___aeabi_cdcmple
                0x100042f0       0x6c src/CMakeFiles/picow_freertos.dir/C_/Users/Elcio.SAMSUNGBOOK-2DE/.pico-sdk/sdk/2.1.1/src/rp2_common/pico_double/double_aeabi_rp2040.S.obj
                0x100042f0                __wrap___aeabi_cdrcmple
                0x10004300                __wrap___aeabi_cdcmpeq
                0x10004300                __wrap___aeabi_cdcmple
 .text.__wrap___aeabi_dcmplt
                0x1000435c        0xc src/CMakeFiles/picow_freertos.dir/C_/Users/Elcio.SAMSUNGBOOK-2DE/.pico-sdk/sdk/2.1.1/src/rp2_common/pico_double/double_aeabi_rp2040.S.obj
                0x1000435c                __wrap___aeabi_dcmplt
 .text.__wrap___aeabi_dcmple
                0x10004368       0x10 src/CMakeFiles/picow_freertos.dir/C_/Users/Elcio.SAMSUNGBOOK-2DE/.pico-sdk/sdk/2.1.1/src/rp2_common/pico_double/double_aeabi_rp2040.S.obj
                0x10004368                __wrap___aeabi_dcmple
 .text.__wrap___aeabi_dcmpge
                0x10004378       0x10 src/CMakeFiles/picow_freertos.dir/C_/Users/Elcio.SAMSUNGBOOK-2DE/.pico-sdk/sdk/2.1.1/src/rp2_common/pico_double/double_aeabi_rp2040.S.obj
                0x10004378                __wrap___aeabi_dcmpge
 .text.__wrap___aeabi_dcmpgt
                0x10004388        0xa src/CMakeFiles/picow_freertos.dir/C_/Users/Elcio.SAMSUNGBOOK-2DE/.pico-sdk/sdk/2.1.1/src/rp2_common/pico_double/double_aeabi_rp2040.S.obj
                0x10004388                __wrap___aeabi_dcmpgt
 .text.__wrap___aeabi_dcmpun
                0x10004392       0x18 src/CMakeFiles/picow_freertos.dir/C_/Users/Elcio.SAMSUNGBOOK-2DE/.pico-sdk/sdk/2.1.1/src/rp2_common/pico_double/double_aeabi_rp2040.S.obj
                0x10004392                __wrap___aeabi_dcmpun
 *fill*         0x100043aa        0x2 
 .text.__wrap___aeabi_i2d
                0x100043ac       0x38 src/CMakeFiles/picow_freertos.dir/C_/Users/Elcio.SAMSUNGBOOK-2DE/.pico-sdk/sdk/2.1.1/src/rp2_common/pico_double/double_aeabi_rp2040.S.obj
                0x100043ac                uint2double
                0x100043ac                __wrap___aeabi_ui2d
                0x100043b4                int2double
                0x100043b4                __wrap___aeabi_i2d
 .text.__wrap___aeabi_d2iz
                0x100043e4       0x48 src/CMakeFiles/picow_freertos.dir/C_/Users/Elcio.SAMSUNGBOOK-2DE/.pico-sdk/sdk/2.1.1/src/rp2_common/pico_double/double_aeabi_rp2040.S.obj
                0x100043e4                double2int_z
                0x100043e4                __wrap___aeabi_d2iz
 .text.__wrap___aeabi_d2uiz
                0x1000442c       0x10 src/CMakeFiles/picow_freertos.dir/C_/Users/Elcio.SAMSUNGBOOK-2DE/.pico-sdk/sdk/2.1.1/src/rp2_common/pico_double/double_aeabi_rp2040.S.obj
                0x1000442c                double2uint
                0x1000442c                __wrap___aeabi_d2uiz
                0x1000442c                double2uint_z
 .text.missing_double_func_shim
                0x1000443c        0xc src/CMakeFiles/picow_freertos.dir/C_/Users/Elcio.SAMSUNGBOOK-2DE/.pico-sdk/sdk/2.1.1/src/rp2_common/pico_double/double_init_rom_rp2040.c.obj
 .text.__aeabi_double_init
                0x10004448       0xa0 src/CMakeFiles/picow_freertos.dir/C_/Users/Elcio.SAMSUNGBOOK-2DE/.pico-sdk/sdk/2.1.1/src/rp2_common/pico_double/double_init_rom_rp2040.c.obj
                0x10004448                __aeabi_double_init
 .text.double_table_shim_on_use_helper
                0x100044e8       0x2c src/CMakeFiles/picow_freertos.dir/C_/Users/Elcio.SAMSUNGBOOK-2DE/.pico-sdk/sdk/2.1.1/src/rp2_common/pico_double/double_v1_rom_shim_rp2040.S.obj
                0x100044e8                double_table_shim_on_use_helper
 .text.__aeabi_lmul
                0x10004514       0x32 src/CMakeFiles/picow_freertos.dir/C_/Users/Elcio.SAMSUNGBOOK-2DE/.pico-sdk/sdk/2.1.1/src/rp2_common/pico_int64_ops/pico_int64_ops_aeabi.S.obj
                0x10004514                __wrap___aeabi_lmul
 *fill*         0x10004546        0x2 
 .text.__wrap___aeabi_farithmetic
                0x10004548       0x48 src/CMakeFiles/picow_freertos.dir/C_/Users/Elcio.SAMSUNGBOOK-2DE/.pico-sdk/sdk/2.1.1/src/rp2_common/pico_float/float_aeabi_rp2040.S.obj
                0x10004548                __wrap___aeabi_frsub
                0x1000454e                __wrap___aeabi_fsub
                0x10004554                __wrap___aeabi_fadd
                0x1000455a                __wrap___aeabi_fdiv
                0x10004582                __wrap___aeabi_fmul
 .text.__wrap___aeabi_cfcmple
                0x10004590       0x50 src/CMakeFiles/picow_freertos.dir/C_/Users/Elcio.SAMSUNGBOOK-2DE/.pico-sdk/sdk/2.1.1/src/rp2_common/pico_float/float_aeabi_rp2040.S.obj
                0x10004590                __wrap___aeabi_cfrcmple
                0x1000459c                __wrap___aeabi_cfcmple
                0x1000459c                __wrap___aeabi_cfcmpeq
 .text.__wrap___aeabi_fcmplt
                0x100045e0        0xc src/CMakeFiles/picow_freertos.dir/C_/Users/Elcio.SAMSUNGBOOK-2DE/.pico-sdk/sdk/2.1.1/src/rp2_common/pico_float/float_aeabi_rp2040.S.obj
                0x100045e0                __wrap___aeabi_fcmplt
 .text.__wrap___aeabi_fcmpgt
                0x100045ec        0xa src/CMakeFiles/picow_freertos.dir/C_/Users/Elcio.SAMSUNGBOOK-2DE/.pico-sdk/sdk/2.1.1/src/rp2_common/pico_float/float_aeabi_rp2040.S.obj
                0x100045ec                __wrap___aeabi_fcmpgt
 .text.__wrap___aeabi_ui2f
                0x100045f6        0xa src/CMakeFiles/picow_freertos.dir/C_/Users/Elcio.SAMSUNGBOOK-2DE/.pico-sdk/sdk/2.1.1/src/rp2_common/pico_float/float_aeabi_rp2040.S.obj
                0x100045f6                __wrap___aeabi_ui2f
                0x100045f6                uint2float
 .text.__wrap___aeabi_i2f
                0x10004600       0x44 src/CMakeFiles/picow_freertos.dir/C_/Users/Elcio.SAMSUNGBOOK-2DE/.pico-sdk/sdk/2.1.1/src/rp2_common/pico_float/float_aeabi_rp2040.S.obj
                0x10004600                __wrap___aeabi_i2f
                0x10004600                int2float
 .text.__wrap___aeabi_f2iz
                0x10004644       0x4e src/CMakeFiles/picow_freertos.dir/C_/Users/Elcio.SAMSUNGBOOK-2DE/.pico-sdk/sdk/2.1.1/src/rp2_common/pico_float/float_aeabi_rp2040.S.obj
                0x10004644                float2int_z
                0x10004644                __wrap___aeabi_f2iz
 *fill*         0x10004692        0x2 
 .text.float2int
                0x10004694        0xc src/CMakeFiles/picow_freertos.dir/C_/Users/Elcio.SAMSUNGBOOK-2DE/.pico-sdk/sdk/2.1.1/src/rp2_common/pico_float/float_aeabi_rp2040.S.obj
                0x10004694                float2int
 .text.__wrap___aeabi_f2uiz
                0x100046a0        0xc src/CMakeFiles/picow_freertos.dir/C_/Users/Elcio.SAMSUNGBOOK-2DE/.pico-sdk/sdk/2.1.1/src/rp2_common/pico_float/float_aeabi_rp2040.S.obj
                0x100046a0                float2uint_z
                0x100046a0                __wrap___aeabi_f2uiz
                0x100046a0                float2uint
 .text.__wrap___aeabi_f2d
                0x100046ac        0xc src/CMakeFiles/picow_freertos.dir/C_/Users/Elcio.SAMSUNGBOOK-2DE/.pico-sdk/sdk/2.1.1/src/rp2_common/pico_float/float_aeabi_rp2040.S.obj
                0x100046ac                __wrap___aeabi_f2d
 .text.missing_float_func_shim
                0x100046b8        0xc src/CMakeFiles/picow_freertos.dir/C_/Users/Elcio.SAMSUNGBOOK-2DE/.pico-sdk/sdk/2.1.1/src/rp2_common/pico_float/float_init_rom_rp2040.c.obj
 .text.__aeabi_float_init
                0x100046c4       0x5c src/CMakeFiles/picow_freertos.dir/C_/Users/Elcio.SAMSUNGBOOK-2DE/.pico-sdk/sdk/2.1.1/src/rp2_common/pico_float/float_init_rom_rp2040.c.obj
                0x100046c4                __aeabi_float_init
 .text.__wrap_malloc
                0x10004720       0x3c src/CMakeFiles/picow_freertos.dir/C_/Users/Elcio.SAMSUNGBOOK-2DE/.pico-sdk/sdk/2.1.1/src/rp2_common/pico_malloc/malloc.c.obj
                0x10004720                __wrap_malloc
 .text.__wrap_calloc
                0x1000475c       0x44 src/CMakeFiles/picow_freertos.dir/C_/Users/Elcio.SAMSUNGBOOK-2DE/.pico-sdk/sdk/2.1.1/src/rp2_common/pico_malloc/malloc.c.obj
                0x1000475c                __wrap_calloc
 .text.__wrap_free
                0x100047a0       0x20 src/CMakeFiles/picow_freertos.dir/C_/Users/Elcio.SAMSUNGBOOK-2DE/.pico-sdk/sdk/2.1.1/src/rp2_common/pico_malloc/malloc.c.obj
                0x100047a0                __wrap_free
 .text          0x100047c0       0x10 src/CMakeFiles/picow_freertos.dir/C_/Users/Elcio.SAMSUNGBOOK-2DE/.pico-sdk/sdk/2.1.1/src/rp2_common/pico_mem_ops/mem_ops_aeabi.S.obj
                0x100047c0                __aeabi_mem_init
 .text.memset   0x100047d0        0xc src/CMakeFiles/picow_freertos.dir/C_/Users/Elcio.SAMSUNGBOOK-2DE/.pico-sdk/sdk/2.1.1/src/rp2_common/pico_mem_ops/mem_ops_aeabi.S.obj
                0x100047d0                __wrap_memset
 .text.memcpy   0x100047dc        0xc src/CMakeFiles/picow_freertos.dir/C_/Users/Elcio.SAMSUNGBOOK-2DE/.pico-sdk/sdk/2.1.1/src/rp2_common/pico_mem_ops/mem_ops_aeabi.S.obj
                0x100047dc                __wrap_memcpy
                0x100047dc                __wrap___aeabi_memcpy
 .text._out_buffer
                0x100047e8        0x8 src/CMakeFiles/picow_freertos.dir/C_/Users/Elcio.SAMSUNGBOOK-2DE/.pico-sdk/sdk/2.1.1/src/rp2_common/pico_printf/printf.c.obj
 .text._out_null
                0x100047f0        0x4 src/CMakeFiles/picow_freertos.dir/C_/Users/Elcio.SAMSUNGBOOK-2DE/.pico-sdk/sdk/2.1.1/src/rp2_common/pico_printf/printf.c.obj
 .text._out_rev
                0x100047f4       0xac src/CMakeFiles/picow_freertos.dir/C_/Users/Elcio.SAMSUNGBOOK-2DE/.pico-sdk/sdk/2.1.1/src/rp2_common/pico_printf/printf.c.obj
 .text._ntoa_format
                0x100048a0      0x1cc src/CMakeFiles/picow_freertos.dir/C_/Users/Elcio.SAMSUNGBOOK-2DE/.pico-sdk/sdk/2.1.1/src/rp2_common/pico_printf/printf.c.obj
 .text._out_char
                0x10004a6c       0x10 src/CMakeFiles/picow_freertos.dir/C_/Users/Elcio.SAMSUNGBOOK-2DE/.pico-sdk/sdk/2.1.1/src/rp2_common/pico_printf/printf.c.obj
 .text._out_fct
                0x10004a7c       0x10 src/CMakeFiles/picow_freertos.dir/C_/Users/Elcio.SAMSUNGBOOK-2DE/.pico-sdk/sdk/2.1.1/src/rp2_common/pico_printf/printf.c.obj
 .text._ftoa    0x10004a8c      0x4a8 src/CMakeFiles/picow_freertos.dir/C_/Users/Elcio.SAMSUNGBOOK-2DE/.pico-sdk/sdk/2.1.1/src/rp2_common/pico_printf/printf.c.obj
 .text._etoa    0x10004f34      0x57c src/CMakeFiles/picow_freertos.dir/C_/Users/Elcio.SAMSUNGBOOK-2DE/.pico-sdk/sdk/2.1.1/src/rp2_common/pico_printf/printf.c.obj
 .text._vsnprintf
                0x100054b0      0xbe0 src/CMakeFiles/picow_freertos.dir/C_/Users/Elcio.SAMSUNGBOOK-2DE/.pico-sdk/sdk/2.1.1/src/rp2_common/pico_printf/printf.c.obj
 .text.__wrap_snprintf
                0x10006090       0x28 src/CMakeFiles/picow_freertos.dir/C_/Users/Elcio.SAMSUNGBOOK-2DE/.pico-sdk/sdk/2.1.1/src/rp2_common/pico_printf/printf.c.obj
                0x10006090                __wrap_snprintf
 .text.vfctprintf
                0x100060b8       0x24 src/CMakeFiles/picow_freertos.dir/C_/Users/Elcio.SAMSUNGBOOK-2DE/.pico-sdk/sdk/2.1.1/src/rp2_common/pico_printf/printf.c.obj
                0x100060b8                vfctprintf
 .text.weak_raw_vprintf
                0x100060dc       0x30 src/CMakeFiles/picow_freertos.dir/C_/Users/Elcio.SAMSUNGBOOK-2DE/.pico-sdk/sdk/2.1.1/src/rp2_common/pico_printf/printf.c.obj
                0x100060dc                weak_raw_vprintf
 .text._exit    0x1000610c        0x4 src/CMakeFiles/picow_freertos.dir/C_/Users/Elcio.SAMSUNGBOOK-2DE/.pico-sdk/sdk/2.1.1/src/rp2_common/pico_clib_interface/newlib_interface.c.obj
                0x1000610c                _exit
 .text._sbrk    0x10006110       0x34 src/CMakeFiles/picow_freertos.dir/C_/Users/Elcio.SAMSUNGBOOK-2DE/.pico-sdk/sdk/2.1.1/src/rp2_common/pico_clib_interface/newlib_interface.c.obj
                0x10006110                _sbrk
 .text.exit     0x10006144        0x8 src/CMakeFiles/picow_freertos.dir/C_/Users/Elcio.SAMSUNGBOOK-2DE/.pico-sdk/sdk/2.1.1/src/rp2_common/pico_clib_interface/newlib_interface.c.obj
                0x10006144                exit
 .text.runtime_init
                0x1000614c       0x2c src/CMakeFiles/picow_freertos.dir/C_/Users/Elcio.SAMSUNGBOOK-2DE/.pico-sdk/sdk/2.1.1/src/rp2_common/pico_clib_interface/newlib_interface.c.obj
                0x1000614c                runtime_init
 .text.stdio_out_chars_no_crlf
                0x10006178       0x10 src/CMakeFiles/picow_freertos.dir/C_/Users/Elcio.SAMSUNGBOOK-2DE/.pico-sdk/sdk/2.1.1/src/rp2_common/pico_stdio/stdio.c.obj
 .text.stdio_out_chars_crlf
                0x10006188       0xb0 src/CMakeFiles/picow_freertos.dir/C_/Users/Elcio.SAMSUNGBOOK-2DE/.pico-sdk/sdk/2.1.1/src/rp2_common/pico_stdio/stdio.c.obj
 .text.stdio_buffered_printer
                0x10006238       0x64 src/CMakeFiles/picow_freertos.dir/C_/Users/Elcio.SAMSUNGBOOK-2DE/.pico-sdk/sdk/2.1.1/src/rp2_common/pico_stdio/stdio.c.obj
 .text.stdio_put_string
                0x1000629c       0xfc src/CMakeFiles/picow_freertos.dir/C_/Users/Elcio.SAMSUNGBOOK-2DE/.pico-sdk/sdk/2.1.1/src/rp2_common/pico_stdio/stdio.c.obj
                0x1000629c                stdio_put_string
 .text.stdio_set_driver_enabled
                0x10006398       0x30 src/CMakeFiles/picow_freertos.dir/C_/Users/Elcio.SAMSUNGBOOK-2DE/.pico-sdk/sdk/2.1.1/src/rp2_common/pico_stdio/stdio.c.obj
                0x10006398                stdio_set_driver_enabled
 .text.stdio_init_all
                0x100063c8        0x8 src/CMakeFiles/picow_freertos.dir/C_/Users/Elcio.SAMSUNGBOOK-2DE/.pico-sdk/sdk/2.1.1/src/rp2_common/pico_stdio/stdio.c.obj
                0x100063c8                stdio_init_all
 .text.__wrap_putchar
                0x100063d0       0x94 src/CMakeFiles/picow_freertos.dir/C_/Users/Elcio.SAMSUNGBOOK-2DE/.pico-sdk/sdk/2.1.1/src/rp2_common/pico_stdio/stdio.c.obj
                0x100063d0                __wrap_putchar
                0x100063d0                stdio_putchar
 .text.__wrap_puts
                0x10006464       0x3c src/CMakeFiles/picow_freertos.dir/C_/Users/Elcio.SAMSUNGBOOK-2DE/.pico-sdk/sdk/2.1.1/src/rp2_common/pico_stdio/stdio.c.obj
                0x10006464                stdio_puts
                0x10006464                __wrap_puts
 .text.__wrap_vprintf
                0x100064a0       0xcc src/CMakeFiles/picow_freertos.dir/C_/Users/Elcio.SAMSUNGBOOK-2DE/.pico-sdk/sdk/2.1.1/src/rp2_common/pico_stdio/stdio.c.obj
                0x100064a0                stdio_vprintf
                0x100064a0                __wrap_vprintf
 .text.__wrap_printf
                0x1000656c       0x18 src/CMakeFiles/picow_freertos.dir/C_/Users/Elcio.SAMSUNGBOOK-2DE/.pico-sdk/sdk/2.1.1/src/rp2_common/pico_stdio/stdio.c.obj
                0x1000656c                __wrap_printf
                0x1000656c                stdio_printf
 .text.resetd_init
                0x10006584        0x4 src/CMakeFiles/picow_freertos.dir/C_/Users/Elcio.SAMSUNGBOOK-2DE/.pico-sdk/sdk/2.1.1/src/rp2_common/pico_stdio_usb/reset_interface.c.obj
 .text.resetd_reset
                0x10006588        0xc src/CMakeFiles/picow_freertos.dir/C_/Users/Elcio.SAMSUNGBOOK-2DE/.pico-sdk/sdk/2.1.1/src/rp2_common/pico_stdio_usb/reset_interface.c.obj
 .text.resetd_open
                0x10006594       0x28 src/CMakeFiles/picow_freertos.dir/C_/Users/Elcio.SAMSUNGBOOK-2DE/.pico-sdk/sdk/2.1.1/src/rp2_common/pico_stdio_usb/reset_interface.c.obj
 .text.resetd_xfer_cb
                0x100065bc        0x4 src/CMakeFiles/picow_freertos.dir/C_/Users/Elcio.SAMSUNGBOOK-2DE/.pico-sdk/sdk/2.1.1/src/rp2_common/pico_stdio_usb/reset_interface.c.obj
 .text.resetd_control_xfer_cb
                0x100065c0       0x54 src/CMakeFiles/picow_freertos.dir/C_/Users/Elcio.SAMSUNGBOOK-2DE/.pico-sdk/sdk/2.1.1/src/rp2_common/pico_stdio_usb/reset_interface.c.obj
 .text.tud_descriptor_bos_cb
                0x10006614        0x8 src/CMakeFiles/picow_freertos.dir/C_/Users/Elcio.SAMSUNGBOOK-2DE/.pico-sdk/sdk/2.1.1/src/rp2_common/pico_stdio_usb/reset_interface.c.obj
                0x10006614                tud_descriptor_bos_cb
 .text.tud_vendor_control_xfer_cb
                0x1000661c       0x34 src/CMakeFiles/picow_freertos.dir/C_/Users/Elcio.SAMSUNGBOOK-2DE/.pico-sdk/sdk/2.1.1/src/rp2_common/pico_stdio_usb/reset_interface.c.obj
                0x1000661c                tud_vendor_control_xfer_cb
 .text.usbd_app_driver_get_cb
                0x10006650        0xc src/CMakeFiles/picow_freertos.dir/C_/Users/Elcio.SAMSUNGBOOK-2DE/.pico-sdk/sdk/2.1.1/src/rp2_common/pico_stdio_usb/reset_interface.c.obj
                0x10006650                usbd_app_driver_get_cb
 .text.tud_cdc_line_coding_cb
                0x1000665c       0x2c src/CMakeFiles/picow_freertos.dir/C_/Users/Elcio.SAMSUNGBOOK-2DE/.pico-sdk/sdk/2.1.1/src/rp2_common/pico_stdio_usb/reset_interface.c.obj
                0x1000665c                tud_cdc_line_coding_cb
 .text.stdio_usb_set_chars_available_callback
                0x10006688       0x14 src/CMakeFiles/picow_freertos.dir/C_/Users/Elcio.SAMSUNGBOOK-2DE/.pico-sdk/sdk/2.1.1/src/rp2_common/pico_stdio_usb/stdio_usb.c.obj
                0x10006688                stdio_usb_set_chars_available_callback
 .text.usb_irq  0x1000669c       0x10 src/CMakeFiles/picow_freertos.dir/C_/Users/Elcio.SAMSUNGBOOK-2DE/.pico-sdk/sdk/2.1.1/src/rp2_common/pico_stdio_usb/stdio_usb.c.obj
 .text.timer_task
                0x100066ac       0x64 src/CMakeFiles/picow_freertos.dir/C_/Users/Elcio.SAMSUNGBOOK-2DE/.pico-sdk/sdk/2.1.1/src/rp2_common/pico_stdio_usb/stdio_usb.c.obj
 .text.stdio_usb_in_chars
                0x10006710       0x8c src/CMakeFiles/picow_freertos.dir/C_/Users/Elcio.SAMSUNGBOOK-2DE/.pico-sdk/sdk/2.1.1/src/rp2_common/pico_stdio_usb/stdio_usb.c.obj
                0x10006710                stdio_usb_in_chars
 .text.stdio_usb_out_flush
                0x1000679c       0x4c src/CMakeFiles/picow_freertos.dir/C_/Users/Elcio.SAMSUNGBOOK-2DE/.pico-sdk/sdk/2.1.1/src/rp2_common/pico_stdio_usb/stdio_usb.c.obj
 .text.stdio_usb_out_chars
                0x100067e8      0x100 src/CMakeFiles/picow_freertos.dir/C_/Users/Elcio.SAMSUNGBOOK-2DE/.pico-sdk/sdk/2.1.1/src/rp2_common/pico_stdio_usb/stdio_usb.c.obj
 .text.low_priority_worker_irq
                0x100068e8       0xc8 src/CMakeFiles/picow_freertos.dir/C_/Users/Elcio.SAMSUNGBOOK-2DE/.pico-sdk/sdk/2.1.1/src/rp2_common/pico_stdio_usb/stdio_usb.c.obj
 .text.stdio_usb_init
                0x100069b0       0xe8 src/CMakeFiles/picow_freertos.dir/C_/Users/Elcio.SAMSUNGBOOK-2DE/.pico-sdk/sdk/2.1.1/src/rp2_common/pico_stdio_usb/stdio_usb.c.obj
                0x100069b0                stdio_usb_init
 .text.tud_descriptor_device_cb
                0x10006a98        0x8 src/CMakeFiles/picow_freertos.dir/C_/Users/Elcio.SAMSUNGBOOK-2DE/.pico-sdk/sdk/2.1.1/src/rp2_common/pico_stdio_usb/stdio_usb_descriptors.c.obj
                0x10006a98                tud_descriptor_device_cb
 .text.tud_descriptor_configuration_cb
                0x10006aa0        0x8 src/CMakeFiles/picow_freertos.dir/C_/Users/Elcio.SAMSUNGBOOK-2DE/.pico-sdk/sdk/2.1.1/src/rp2_common/pico_stdio_usb/stdio_usb_descriptors.c.obj
                0x10006aa0                tud_descriptor_configuration_cb
 .text.tud_descriptor_string_cb
                0x10006aa8       0x78 src/CMakeFiles/picow_freertos.dir/C_/Users/Elcio.SAMSUNGBOOK-2DE/.pico-sdk/sdk/2.1.1/src/rp2_common/pico_stdio_usb/stdio_usb_descriptors.c.obj
                0x10006aa8                tud_descriptor_string_cb
 .text.startup._retrieve_unique_id_on_boot
                0x10006b20       0x10 src/CMakeFiles/picow_freertos.dir/C_/Users/Elcio.SAMSUNGBOOK-2DE/.pico-sdk/sdk/2.1.1/src/rp2_common/pico_unique_id/unique_id.c.obj
 .text.pico_get_unique_board_id
                0x10006b30       0x10 src/CMakeFiles/picow_freertos.dir/C_/Users/Elcio.SAMSUNGBOOK-2DE/.pico-sdk/sdk/2.1.1/src/rp2_common/pico_unique_id/unique_id.c.obj
                0x10006b30                pico_get_unique_board_id
 .text.pico_get_unique_board_id_string
                0x10006b40      0x1a8 src/CMakeFiles/picow_freertos.dir/C_/Users/Elcio.SAMSUNGBOOK-2DE/.pico-sdk/sdk/2.1.1/src/rp2_common/pico_unique_id/unique_id.c.obj
                0x10006b40                pico_get_unique_board_id_string
 .text.flash_get_unique_id
                0x10006ce8       0x3c src/CMakeFiles/picow_freertos.dir/C_/Users/Elcio.SAMSUNGBOOK-2DE/.pico-sdk/sdk/2.1.1/src/rp2_common/hardware_flash/flash.c.obj
                0x10006ce8                flash_get_unique_id
 .text.dcd_init
                0x10006d24       0x90 src/CMakeFiles/picow_freertos.dir/C_/Users/Elcio.SAMSUNGBOOK-2DE/.pico-sdk/sdk/2.1.1/lib/tinyusb/src/portable/raspberrypi/rp2040/dcd_rp2040.c.obj
                0x10006d24                dcd_init
 .text.dcd_int_enable
                0x10006db4        0xc src/CMakeFiles/picow_freertos.dir/C_/Users/Elcio.SAMSUNGBOOK-2DE/.pico-sdk/sdk/2.1.1/lib/tinyusb/src/portable/raspberrypi/rp2040/dcd_rp2040.c.obj
                0x10006db4                dcd_int_enable
 .text.dcd_set_address
                0x10006dc0       0x14 src/CMakeFiles/picow_freertos.dir/C_/Users/Elcio.SAMSUNGBOOK-2DE/.pico-sdk/sdk/2.1.1/lib/tinyusb/src/portable/raspberrypi/rp2040/dcd_rp2040.c.obj
                0x10006dc0                dcd_set_address
 .text.dcd_sof_enable
                0x10006dd4       0x1c src/CMakeFiles/picow_freertos.dir/C_/Users/Elcio.SAMSUNGBOOK-2DE/.pico-sdk/sdk/2.1.1/lib/tinyusb/src/portable/raspberrypi/rp2040/dcd_rp2040.c.obj
                0x10006dd4                dcd_sof_enable
 .text.dcd_edpt0_status_complete
                0x10006df0       0x1c src/CMakeFiles/picow_freertos.dir/C_/Users/Elcio.SAMSUNGBOOK-2DE/.pico-sdk/sdk/2.1.1/lib/tinyusb/src/portable/raspberrypi/rp2040/dcd_rp2040.c.obj
                0x10006df0                dcd_edpt0_status_complete
 .text.dcd_edpt_open
                0x10006e0c      0x114 src/CMakeFiles/picow_freertos.dir/C_/Users/Elcio.SAMSUNGBOOK-2DE/.pico-sdk/sdk/2.1.1/lib/tinyusb/src/portable/raspberrypi/rp2040/dcd_rp2040.c.obj
                0x10006e0c                dcd_edpt_open
 .text.dcd_edpt_close_all
                0x10006f20        0x8 src/CMakeFiles/picow_freertos.dir/C_/Users/Elcio.SAMSUNGBOOK-2DE/.pico-sdk/sdk/2.1.1/lib/tinyusb/src/portable/raspberrypi/rp2040/dcd_rp2040.c.obj
                0x10006f20                dcd_edpt_close_all
 .text.dcd_edpt_xfer
                0x10006f28       0x24 src/CMakeFiles/picow_freertos.dir/C_/Users/Elcio.SAMSUNGBOOK-2DE/.pico-sdk/sdk/2.1.1/lib/tinyusb/src/portable/raspberrypi/rp2040/dcd_rp2040.c.obj
                0x10006f28                dcd_edpt_xfer
 .text.dcd_edpt_stall
                0x10006f4c       0x3c src/CMakeFiles/picow_freertos.dir/C_/Users/Elcio.SAMSUNGBOOK-2DE/.pico-sdk/sdk/2.1.1/lib/tinyusb/src/portable/raspberrypi/rp2040/dcd_rp2040.c.obj
                0x10006f4c                dcd_edpt_stall
 .text.dcd_edpt_clear_stall
                0x10006f88       0x30 src/CMakeFiles/picow_freertos.dir/C_/Users/Elcio.SAMSUNGBOOK-2DE/.pico-sdk/sdk/2.1.1/lib/tinyusb/src/portable/raspberrypi/rp2040/dcd_rp2040.c.obj
                0x10006f88                dcd_edpt_clear_stall
 .text.rp2040_usb_init
                0x10006fb8       0x40 src/CMakeFiles/picow_freertos.dir/C_/Users/Elcio.SAMSUNGBOOK-2DE/.pico-sdk/sdk/2.1.1/lib/tinyusb/src/portable/raspberrypi/rp2040/rp2040_usb.c.obj
                0x10006fb8                rp2040_usb_init
 .text.hw_endpoint_xfer_start
                0x10006ff8       0x40 src/CMakeFiles/picow_freertos.dir/C_/Users/Elcio.SAMSUNGBOOK-2DE/.pico-sdk/sdk/2.1.1/lib/tinyusb/src/portable/raspberrypi/rp2040/rp2040_usb.c.obj
                0x10006ff8                hw_endpoint_xfer_start
 .text.tud_event_hook_cb
                0x10007038        0x4 src/CMakeFiles/picow_freertos.dir/C_/Users/Elcio.SAMSUNGBOOK-2DE/.pico-sdk/sdk/2.1.1/lib/tinyusb/src/device/usbd.c.obj
                0x10007038                tud_event_hook_cb
 .text.tud_sof_cb
                0x1000703c        0x4 src/CMakeFiles/picow_freertos.dir/C_/Users/Elcio.SAMSUNGBOOK-2DE/.pico-sdk/sdk/2.1.1/lib/tinyusb/src/device/usbd.c.obj
                0x1000703c                tud_sof_cb
 .text.tud_descriptor_device_qualifier_cb
                0x10007040        0x4 src/CMakeFiles/picow_freertos.dir/C_/Users/Elcio.SAMSUNGBOOK-2DE/.pico-sdk/sdk/2.1.1/lib/tinyusb/src/device/usbd.c.obj
                0x10007040                tud_descriptor_device_qualifier_cb
 .text.tud_descriptor_other_speed_configuration_cb
                0x10007044        0x4 src/CMakeFiles/picow_freertos.dir/C_/Users/Elcio.SAMSUNGBOOK-2DE/.pico-sdk/sdk/2.1.1/lib/tinyusb/src/device/usbd.c.obj
                0x10007044                tud_descriptor_other_speed_configuration_cb
 .text.tud_mount_cb
                0x10007048        0x4 src/CMakeFiles/picow_freertos.dir/C_/Users/Elcio.SAMSUNGBOOK-2DE/.pico-sdk/sdk/2.1.1/lib/tinyusb/src/device/usbd.c.obj
                0x10007048                tud_mount_cb
 .text.tud_umount_cb
                0x1000704c        0x4 src/CMakeFiles/picow_freertos.dir/C_/Users/Elcio.SAMSUNGBOOK-2DE/.pico-sdk/sdk/2.1.1/lib/tinyusb/src/device/usbd.c.obj
                0x1000704c                tud_umount_cb
 .text.tud_suspend_cb
                0x10007050        0x4 src/CMakeFiles/picow_freertos.dir/C_/Users/Elcio.SAMSUNGBOOK-2DE/.pico-sdk/sdk/2.1.1/lib/tinyusb/src/device/usbd.c.obj
                0x10007050                tud_suspend_cb
 .text.tud_resume_cb
                0x10007054        0x4 src/CMakeFiles/picow_freertos.dir/C_/Users/Elcio.SAMSUNGBOOK-2DE/.pico-sdk/sdk/2.1.1/lib/tinyusb/src/device/usbd.c.obj
                0x10007054                tud_resume_cb
 .text.tud_mounted
                0x10007058       0x10 src/CMakeFiles/picow_freertos.dir/C_/Users/Elcio.SAMSUNGBOOK-2DE/.pico-sdk/sdk/2.1.1/lib/tinyusb/src/device/usbd.c.obj
                0x10007058                tud_mounted
 .text.tud_suspended
                0x10007068       0x10 src/CMakeFiles/picow_freertos.dir/C_/Users/Elcio.SAMSUNGBOOK-2DE/.pico-sdk/sdk/2.1.1/lib/tinyusb/src/device/usbd.c.obj
                0x10007068                tud_suspended
 .text.tud_rhport_init
                0x10007078       0xf4 src/CMakeFiles/picow_freertos.dir/C_/Users/Elcio.SAMSUNGBOOK-2DE/.pico-sdk/sdk/2.1.1/lib/tinyusb/src/device/usbd.c.obj
                0x10007078                tud_rhport_init
 .text.tud_task_ext
                0x1000716c      0x800 src/CMakeFiles/picow_freertos.dir/C_/Users/Elcio.SAMSUNGBOOK-2DE/.pico-sdk/sdk/2.1.1/lib/tinyusb/src/device/usbd.c.obj
                0x1000716c                tud_task_ext
 .text.usbd_open_edpt_pair
                0x1000796c       0x9c src/CMakeFiles/picow_freertos.dir/C_/Users/Elcio.SAMSUNGBOOK-2DE/.pico-sdk/sdk/2.1.1/lib/tinyusb/src/device/usbd.c.obj
                0x1000796c                usbd_open_edpt_pair
 .text.usbd_edpt_open
                0x10007a08       0x34 src/CMakeFiles/picow_freertos.dir/C_/Users/Elcio.SAMSUNGBOOK-2DE/.pico-sdk/sdk/2.1.1/lib/tinyusb/src/device/usbd.c.obj
                0x10007a08                usbd_edpt_open
 .text.usbd_edpt_claim
                0x10007a3c       0x28 src/CMakeFiles/picow_freertos.dir/C_/Users/Elcio.SAMSUNGBOOK-2DE/.pico-sdk/sdk/2.1.1/lib/tinyusb/src/device/usbd.c.obj
                0x10007a3c                usbd_edpt_claim
 .text.usbd_edpt_release
                0x10007a64       0x28 src/CMakeFiles/picow_freertos.dir/C_/Users/Elcio.SAMSUNGBOOK-2DE/.pico-sdk/sdk/2.1.1/lib/tinyusb/src/device/usbd.c.obj
                0x10007a64                usbd_edpt_release
 .text.usbd_edpt_xfer
                0x10007a8c       0x4c src/CMakeFiles/picow_freertos.dir/C_/Users/Elcio.SAMSUNGBOOK-2DE/.pico-sdk/sdk/2.1.1/lib/tinyusb/src/device/usbd.c.obj
                0x10007a8c                usbd_edpt_xfer
 .text.tud_control_status
                0x10007ad8       0x2c src/CMakeFiles/picow_freertos.dir/C_/Users/Elcio.SAMSUNGBOOK-2DE/.pico-sdk/sdk/2.1.1/lib/tinyusb/src/device/usbd_control.c.obj
                0x10007ad8                tud_control_status
 .text.tud_control_xfer
                0x10007b04       0xa8 src/CMakeFiles/picow_freertos.dir/C_/Users/Elcio.SAMSUNGBOOK-2DE/.pico-sdk/sdk/2.1.1/lib/tinyusb/src/device/usbd_control.c.obj
                0x10007b04                tud_control_xfer
 .text.usbd_control_reset
                0x10007bac       0x14 src/CMakeFiles/picow_freertos.dir/C_/Users/Elcio.SAMSUNGBOOK-2DE/.pico-sdk/sdk/2.1.1/lib/tinyusb/src/device/usbd_control.c.obj
                0x10007bac                usbd_control_reset
 .text.usbd_control_set_complete_callback
                0x10007bc0        0xc src/CMakeFiles/picow_freertos.dir/C_/Users/Elcio.SAMSUNGBOOK-2DE/.pico-sdk/sdk/2.1.1/lib/tinyusb/src/device/usbd_control.c.obj
                0x10007bc0                usbd_control_set_complete_callback
 .text.usbd_control_set_request
                0x10007bcc       0x1c src/CMakeFiles/picow_freertos.dir/C_/Users/Elcio.SAMSUNGBOOK-2DE/.pico-sdk/sdk/2.1.1/lib/tinyusb/src/device/usbd_control.c.obj
                0x10007bcc                usbd_control_set_request
 .text.usbd_control_xfer_cb
                0x10007be8       0xec src/CMakeFiles/picow_freertos.dir/C_/Users/Elcio.SAMSUNGBOOK-2DE/.pico-sdk/sdk/2.1.1/lib/tinyusb/src/device/usbd_control.c.obj
                0x10007be8                usbd_control_xfer_cb
 .text._prep_out_transaction.isra.0
                0x10007cd4       0x6c src/CMakeFiles/picow_freertos.dir/C_/Users/Elcio.SAMSUNGBOOK-2DE/.pico-sdk/sdk/2.1.1/lib/tinyusb/src/class/cdc/cdc_device.c.obj
 .text.tud_cdc_n_connected
                0x10007d40       0x2c src/CMakeFiles/picow_freertos.dir/C_/Users/Elcio.SAMSUNGBOOK-2DE/.pico-sdk/sdk/2.1.1/lib/tinyusb/src/class/cdc/cdc_device.c.obj
                0x10007d40                tud_cdc_n_connected
 .text.tud_cdc_n_available
                0x10007d6c       0x14 src/CMakeFiles/picow_freertos.dir/C_/Users/Elcio.SAMSUNGBOOK-2DE/.pico-sdk/sdk/2.1.1/lib/tinyusb/src/class/cdc/cdc_device.c.obj
                0x10007d6c                tud_cdc_n_available
 .text.tud_cdc_n_read
                0x10007d80       0x88 src/CMakeFiles/picow_freertos.dir/C_/Users/Elcio.SAMSUNGBOOK-2DE/.pico-sdk/sdk/2.1.1/lib/tinyusb/src/class/cdc/cdc_device.c.obj
                0x10007d80                tud_cdc_n_read
 .text.tud_cdc_n_write_flush
                0x10007e08       0x74 src/CMakeFiles/picow_freertos.dir/C_/Users/Elcio.SAMSUNGBOOK-2DE/.pico-sdk/sdk/2.1.1/lib/tinyusb/src/class/cdc/cdc_device.c.obj
                0x10007e08                tud_cdc_n_write_flush
 .text.tud_cdc_n_write
                0x10007e7c       0x40 src/CMakeFiles/picow_freertos.dir/C_/Users/Elcio.SAMSUNGBOOK-2DE/.pico-sdk/sdk/2.1.1/lib/tinyusb/src/class/cdc/cdc_device.c.obj
                0x10007e7c                tud_cdc_n_write
 .text.tud_cdc_n_write_available
                0x10007ebc       0x14 src/CMakeFiles/picow_freertos.dir/C_/Users/Elcio.SAMSUNGBOOK-2DE/.pico-sdk/sdk/2.1.1/lib/tinyusb/src/class/cdc/cdc_device.c.obj
                0x10007ebc                tud_cdc_n_write_available
 .text.cdcd_init
                0x10007ed0       0x70 src/CMakeFiles/picow_freertos.dir/C_/Users/Elcio.SAMSUNGBOOK-2DE/.pico-sdk/sdk/2.1.1/lib/tinyusb/src/class/cdc/cdc_device.c.obj
                0x10007ed0                cdcd_init
 .text.cdcd_deinit
                0x10007f40       0x30 src/CMakeFiles/picow_freertos.dir/C_/Users/Elcio.SAMSUNGBOOK-2DE/.pico-sdk/sdk/2.1.1/lib/tinyusb/src/class/cdc/cdc_device.c.obj
                0x10007f40                cdcd_deinit
 .text.cdcd_reset
                0x10007f70       0x4c src/CMakeFiles/picow_freertos.dir/C_/Users/Elcio.SAMSUNGBOOK-2DE/.pico-sdk/sdk/2.1.1/lib/tinyusb/src/class/cdc/cdc_device.c.obj
                0x10007f70                cdcd_reset
 .text.cdcd_open
                0x10007fbc       0xa4 src/CMakeFiles/picow_freertos.dir/C_/Users/Elcio.SAMSUNGBOOK-2DE/.pico-sdk/sdk/2.1.1/lib/tinyusb/src/class/cdc/cdc_device.c.obj
                0x10007fbc                cdcd_open
 .text.cdcd_control_xfer_cb
                0x10008060       0xe8 src/CMakeFiles/picow_freertos.dir/C_/Users/Elcio.SAMSUNGBOOK-2DE/.pico-sdk/sdk/2.1.1/lib/tinyusb/src/class/cdc/cdc_device.c.obj
                0x10008060                cdcd_control_xfer_cb
 .text.cdcd_xfer_cb
                0x10008148      0x100 src/CMakeFiles/picow_freertos.dir/C_/Users/Elcio.SAMSUNGBOOK-2DE/.pico-sdk/sdk/2.1.1/lib/tinyusb/src/class/cdc/cdc_device.c.obj
                0x10008148                cdcd_xfer_cb
 .text.vendord_init
                0x10008248       0x5c src/CMakeFiles/picow_freertos.dir/C_/Users/Elcio.SAMSUNGBOOK-2DE/.pico-sdk/sdk/2.1.1/lib/tinyusb/src/class/vendor/vendor_device.c.obj
                0x10008248                vendord_init
 .text.vendord_deinit
                0x100082a4       0x1c src/CMakeFiles/picow_freertos.dir/C_/Users/Elcio.SAMSUNGBOOK-2DE/.pico-sdk/sdk/2.1.1/lib/tinyusb/src/class/vendor/vendor_device.c.obj
                0x100082a4                vendord_deinit
 .text.vendord_reset
                0x100082c0       0x28 src/CMakeFiles/picow_freertos.dir/C_/Users/Elcio.SAMSUNGBOOK-2DE/.pico-sdk/sdk/2.1.1/lib/tinyusb/src/class/vendor/vendor_device.c.obj
                0x100082c0                vendord_reset
 .text.vendord_open
                0x100082e8      0x120 src/CMakeFiles/picow_freertos.dir/C_/Users/Elcio.SAMSUNGBOOK-2DE/.pico-sdk/sdk/2.1.1/lib/tinyusb/src/class/vendor/vendor_device.c.obj
                0x100082e8                vendord_open
 .text.vendord_xfer_cb
                0x10008408       0x9c src/CMakeFiles/picow_freertos.dir/C_/Users/Elcio.SAMSUNGBOOK-2DE/.pico-sdk/sdk/2.1.1/lib/tinyusb/src/class/vendor/vendor_device.c.obj
                0x10008408                vendord_xfer_cb
 .text.tusb_rhport_init
                0x100084a4       0x4c src/CMakeFiles/picow_freertos.dir/C_/Users/Elcio.SAMSUNGBOOK-2DE/.pico-sdk/sdk/2.1.1/lib/tinyusb/src/tusb.c.obj
                0x100084a4                tusb_rhport_init
 .text.tu_edpt_claim
                0x100084f0       0x50 src/CMakeFiles/picow_freertos.dir/C_/Users/Elcio.SAMSUNGBOOK-2DE/.pico-sdk/sdk/2.1.1/lib/tinyusb/src/tusb.c.obj
                0x100084f0                tu_edpt_claim
 .text.tu_edpt_release
                0x10008540       0x38 src/CMakeFiles/picow_freertos.dir/C_/Users/Elcio.SAMSUNGBOOK-2DE/.pico-sdk/sdk/2.1.1/lib/tinyusb/src/tusb.c.obj
                0x10008540                tu_edpt_release
 .text.tu_edpt_validate
                0x10008578       0x7c src/CMakeFiles/picow_freertos.dir/C_/Users/Elcio.SAMSUNGBOOK-2DE/.pico-sdk/sdk/2.1.1/lib/tinyusb/src/tusb.c.obj
                0x10008578                tu_edpt_validate
 .text.tu_edpt_bind_driver
                0x100085f4       0x34 src/CMakeFiles/picow_freertos.dir/C_/Users/Elcio.SAMSUNGBOOK-2DE/.pico-sdk/sdk/2.1.1/lib/tinyusb/src/tusb.c.obj
                0x100085f4                tu_edpt_bind_driver
 .text.tu_edpt_stream_init
                0x10008628       0x6c src/CMakeFiles/picow_freertos.dir/C_/Users/Elcio.SAMSUNGBOOK-2DE/.pico-sdk/sdk/2.1.1/lib/tinyusb/src/tusb.c.obj
                0x10008628                tu_edpt_stream_init
 .text.tu_edpt_stream_deinit
                0x10008694        0x4 src/CMakeFiles/picow_freertos.dir/C_/Users/Elcio.SAMSUNGBOOK-2DE/.pico-sdk/sdk/2.1.1/lib/tinyusb/src/tusb.c.obj
                0x10008694                tu_edpt_stream_deinit
 .text.tu_edpt_stream_write_zlp_if_needed
                0x10008698       0x68 src/CMakeFiles/picow_freertos.dir/C_/Users/Elcio.SAMSUNGBOOK-2DE/.pico-sdk/sdk/2.1.1/lib/tinyusb/src/tusb.c.obj
                0x10008698                tu_edpt_stream_write_zlp_if_needed
 .text.tu_edpt_stream_write_xfer
                0x10008700       0x68 src/CMakeFiles/picow_freertos.dir/C_/Users/Elcio.SAMSUNGBOOK-2DE/.pico-sdk/sdk/2.1.1/lib/tinyusb/src/tusb.c.obj
                0x10008700                tu_edpt_stream_write_xfer
 .text.tu_edpt_stream_read_xfer
                0x10008768       0xd8 src/CMakeFiles/picow_freertos.dir/C_/Users/Elcio.SAMSUNGBOOK-2DE/.pico-sdk/sdk/2.1.1/lib/tinyusb/src/tusb.c.obj
                0x10008768                tu_edpt_stream_read_xfer
 .text.tu_fifo_config
                0x10008840       0x6c src/CMakeFiles/picow_freertos.dir/C_/Users/Elcio.SAMSUNGBOOK-2DE/.pico-sdk/sdk/2.1.1/lib/tinyusb/src/common/tusb_fifo.c.obj
                0x10008840                tu_fifo_config
 .text.tu_fifo_count
                0x100088ac       0x2c src/CMakeFiles/picow_freertos.dir/C_/Users/Elcio.SAMSUNGBOOK-2DE/.pico-sdk/sdk/2.1.1/lib/tinyusb/src/common/tusb_fifo.c.obj
                0x100088ac                tu_fifo_count
 .text.tu_fifo_empty
                0x100088d8       0x10 src/CMakeFiles/picow_freertos.dir/C_/Users/Elcio.SAMSUNGBOOK-2DE/.pico-sdk/sdk/2.1.1/lib/tinyusb/src/common/tusb_fifo.c.obj
                0x100088d8                tu_fifo_empty
 .text.tu_fifo_remaining
                0x100088e8       0x2c src/CMakeFiles/picow_freertos.dir/C_/Users/Elcio.SAMSUNGBOOK-2DE/.pico-sdk/sdk/2.1.1/lib/tinyusb/src/common/tusb_fifo.c.obj
                0x100088e8                tu_fifo_remaining
 .text.tu_fifo_read
                0x10008914       0x9c src/CMakeFiles/picow_freertos.dir/C_/Users/Elcio.SAMSUNGBOOK-2DE/.pico-sdk/sdk/2.1.1/lib/tinyusb/src/common/tusb_fifo.c.obj
                0x10008914                tu_fifo_read
 .text.tu_fifo_read_n
                0x100089b0       0xe8 src/CMakeFiles/picow_freertos.dir/C_/Users/Elcio.SAMSUNGBOOK-2DE/.pico-sdk/sdk/2.1.1/lib/tinyusb/src/common/tusb_fifo.c.obj
                0x100089b0                tu_fifo_read_n
 .text.tu_fifo_write
                0x10008a98       0xa4 src/CMakeFiles/picow_freertos.dir/C_/Users/Elcio.SAMSUNGBOOK-2DE/.pico-sdk/sdk/2.1.1/lib/tinyusb/src/common/tusb_fifo.c.obj
                0x10008a98                tu_fifo_write
 .text.tu_fifo_write_n
                0x10008b3c      0x178 src/CMakeFiles/picow_freertos.dir/C_/Users/Elcio.SAMSUNGBOOK-2DE/.pico-sdk/sdk/2.1.1/lib/tinyusb/src/common/tusb_fifo.c.obj
                0x10008b3c                tu_fifo_write_n
 .text.tu_fifo_clear
                0x10008cb4       0x40 src/CMakeFiles/picow_freertos.dir/C_/Users/Elcio.SAMSUNGBOOK-2DE/.pico-sdk/sdk/2.1.1/lib/tinyusb/src/common/tusb_fifo.c.obj
                0x10008cb4                tu_fifo_clear
 .text.tu_fifo_set_overwritable
                0x10008cf4       0x48 src/CMakeFiles/picow_freertos.dir/C_/Users/Elcio.SAMSUNGBOOK-2DE/.pico-sdk/sdk/2.1.1/lib/tinyusb/src/common/tusb_fifo.c.obj
                0x10008cf4                tu_fifo_set_overwritable
 .text.i2c_read_blocking_internal.constprop.0
                0x10008d3c       0x98 src/CMakeFiles/picow_freertos.dir/C_/Users/Elcio.SAMSUNGBOOK-2DE/.pico-sdk/sdk/2.1.1/src/rp2_common/hardware_i2c/i2c.c.obj
 .text.i2c_write_blocking_internal.constprop.0
                0x10008dd4       0xf8 src/CMakeFiles/picow_freertos.dir/C_/Users/Elcio.SAMSUNGBOOK-2DE/.pico-sdk/sdk/2.1.1/src/rp2_common/hardware_i2c/i2c.c.obj
 .text.i2c_set_baudrate
                0x10008ecc       0xc0 src/CMakeFiles/picow_freertos.dir/C_/Users/Elcio.SAMSUNGBOOK-2DE/.pico-sdk/sdk/2.1.1/src/rp2_common/hardware_i2c/i2c.c.obj
                0x10008ecc                i2c_set_baudrate
 .text.i2c_init
                0x10008f8c       0x50 src/CMakeFiles/picow_freertos.dir/C_/Users/Elcio.SAMSUNGBOOK-2DE/.pico-sdk/sdk/2.1.1/src/rp2_common/hardware_i2c/i2c.c.obj
                0x10008f8c                i2c_init
 .text.i2c_write_blocking
                0x10008fdc       0x14 src/CMakeFiles/picow_freertos.dir/C_/Users/Elcio.SAMSUNGBOOK-2DE/.pico-sdk/sdk/2.1.1/src/rp2_common/hardware_i2c/i2c.c.obj
                0x10008fdc                i2c_write_blocking
 .text.i2c_read_blocking
                0x10008ff0       0x14 src/CMakeFiles/picow_freertos.dir/C_/Users/Elcio.SAMSUNGBOOK-2DE/.pico-sdk/sdk/2.1.1/src/rp2_common/hardware_i2c/i2c.c.obj
                0x10008ff0                i2c_read_blocking
 *fill*         0x10009004        0xc 
 .text.vPortStartFirstTask
                0x10009010       0x34 src/CMakeFiles/picow_freertos.dir/__/lib/FreeRTOS-Kernel/portable/ThirdParty/GCC/RP2040/port.c.obj
 *fill*         0x10009044        0xc 
 .text.xPortPendSVHandler
                0x10009050       0x64 src/CMakeFiles/picow_freertos.dir/__/lib/FreeRTOS-Kernel/portable/ThirdParty/GCC/RP2040/port.c.obj
                0x10009050                xPortPendSVHandler
 .text.prvTaskExitError
                0x100090b4        0x8 src/CMakeFiles/picow_freertos.dir/__/lib/FreeRTOS-Kernel/portable/ThirdParty/GCC/RP2040/port.c.obj
 .text.prvFIFOInterruptHandler
                0x100090bc       0x78 src/CMakeFiles/picow_freertos.dir/__/lib/FreeRTOS-Kernel/portable/ThirdParty/GCC/RP2040/port.c.obj
 .text.vPortSVCHandler
                0x10009134        0x4 src/CMakeFiles/picow_freertos.dir/__/lib/FreeRTOS-Kernel/portable/ThirdParty/GCC/RP2040/port.c.obj
                0x10009134                vPortSVCHandler
 .text.pxPortInitialiseStack
                0x10009138       0x20 src/CMakeFiles/picow_freertos.dir/__/lib/FreeRTOS-Kernel/portable/ThirdParty/GCC/RP2040/port.c.obj
                0x10009138                pxPortInitialiseStack
 .text.vPortYield
                0x10009158       0x18 src/CMakeFiles/picow_freertos.dir/__/lib/FreeRTOS-Kernel/portable/ThirdParty/GCC/RP2040/port.c.obj
                0x10009158                vPortYield
 .text.vPortEnterCritical
                0x10009170       0x18 src/CMakeFiles/picow_freertos.dir/__/lib/FreeRTOS-Kernel/portable/ThirdParty/GCC/RP2040/port.c.obj
                0x10009170                vPortEnterCritical
 .text.vPortExitCritical
                0x10009188       0x14 src/CMakeFiles/picow_freertos.dir/__/lib/FreeRTOS-Kernel/portable/ThirdParty/GCC/RP2040/port.c.obj
                0x10009188                vPortExitCritical
 .text.ulSetInterruptMaskFromISR
                0x1000919c        0x8 src/CMakeFiles/picow_freertos.dir/__/lib/FreeRTOS-Kernel/portable/ThirdParty/GCC/RP2040/port.c.obj
                0x1000919c                ulSetInterruptMaskFromISR
 .text.vClearInterruptMaskFromISR
                0x100091a4        0x8 src/CMakeFiles/picow_freertos.dir/__/lib/FreeRTOS-Kernel/portable/ThirdParty/GCC/RP2040/port.c.obj
                0x100091a4                vClearInterruptMaskFromISR
 .text.xPortSysTickHandler
                0x100091ac       0x24 src/CMakeFiles/picow_freertos.dir/__/lib/FreeRTOS-Kernel/portable/ThirdParty/GCC/RP2040/port.c.obj
                0x100091ac                xPortSysTickHandler
 .text.vPortSetupTimerInterrupt
                0x100091d0       0x34 src/CMakeFiles/picow_freertos.dir/__/lib/FreeRTOS-Kernel/portable/ThirdParty/GCC/RP2040/port.c.obj
                0x100091d0                vPortSetupTimerInterrupt
 .text.xPortStartScheduler
                0x10009204       0x9c src/CMakeFiles/picow_freertos.dir/__/lib/FreeRTOS-Kernel/portable/ThirdParty/GCC/RP2040/port.c.obj
                0x10009204                xPortStartScheduler
 .text.ulPortLockGetCurrentOwnerId
                0x100092a0       0x2c src/CMakeFiles/picow_freertos.dir/__/lib/FreeRTOS-Kernel/portable/ThirdParty/GCC/RP2040/port.c.obj
                0x100092a0                ulPortLockGetCurrentOwnerId
 .text.vPortLockInternalSpinUnlockWithWait
                0x100092cc       0x68 src/CMakeFiles/picow_freertos.dir/__/lib/FreeRTOS-Kernel/portable/ThirdParty/GCC/RP2040/port.c.obj
                0x100092cc                vPortLockInternalSpinUnlockWithWait
 .text.vPortLockInternalSpinUnlockWithNotify
                0x10009334       0xc8 src/CMakeFiles/picow_freertos.dir/__/lib/FreeRTOS-Kernel/portable/ThirdParty/GCC/RP2040/port.c.obj
                0x10009334                vPortLockInternalSpinUnlockWithNotify
 .text.xPortLockInternalSpinUnlockWithBestEffortWaitOrTimeout
                0x100093fc       0xf4 src/CMakeFiles/picow_freertos.dir/__/lib/FreeRTOS-Kernel/portable/ThirdParty/GCC/RP2040/port.c.obj
                0x100093fc                xPortLockInternalSpinUnlockWithBestEffortWaitOrTimeout
 .text.startup.prvRuntimeInitializer
                0x100094f0       0x28 src/CMakeFiles/picow_freertos.dir/__/lib/FreeRTOS-Kernel/portable/ThirdParty/GCC/RP2040/port.c.obj
 .text.vEventGroupSetBitsCallback
                0x10009518       0x90 src/CMakeFiles/picow_freertos.dir/__/lib/FreeRTOS-Kernel/event_groups.c.obj
                0x10009518                vEventGroupSetBitsCallback
 .text.xEventGroupCreate
                0x100095a8       0x18 src/CMakeFiles/picow_freertos.dir/__/lib/FreeRTOS-Kernel/event_groups.c.obj
                0x100095a8                xEventGroupCreate
 .text.xEventGroupWaitBits
                0x100095c0       0xb8 src/CMakeFiles/picow_freertos.dir/__/lib/FreeRTOS-Kernel/event_groups.c.obj
                0x100095c0                xEventGroupWaitBits
 .text.xEventGroupSetBits
                0x10009678       0x9c src/CMakeFiles/picow_freertos.dir/__/lib/FreeRTOS-Kernel/event_groups.c.obj
                0x10009678                xEventGroupSetBits
 .text.xEventGroupSetBitsFromISR
                0x10009714       0x18 src/CMakeFiles/picow_freertos.dir/__/lib/FreeRTOS-Kernel/event_groups.c.obj
                0x10009714                xEventGroupSetBitsFromISR
 .text.vListInitialise
                0x1000972c       0x18 src/CMakeFiles/picow_freertos.dir/__/lib/FreeRTOS-Kernel/list.c.obj
                0x1000972c                vListInitialise
 .text.vListInitialiseItem
                0x10009744        0x8 src/CMakeFiles/picow_freertos.dir/__/lib/FreeRTOS-Kernel/list.c.obj
                0x10009744                vListInitialiseItem
 .text.vListInsertEnd
                0x1000974c       0x18 src/CMakeFiles/picow_freertos.dir/__/lib/FreeRTOS-Kernel/list.c.obj
                0x1000974c                vListInsertEnd
 .text.vListInsert
                0x10009764       0x30 src/CMakeFiles/picow_freertos.dir/__/lib/FreeRTOS-Kernel/list.c.obj
                0x10009764                vListInsert
 .text.uxListRemove
                0x10009794       0x20 src/CMakeFiles/picow_freertos.dir/__/lib/FreeRTOS-Kernel/list.c.obj
                0x10009794                uxListRemove
 .text.prvUnlockQueue
                0x100097b4      0x17c src/CMakeFiles/picow_freertos.dir/__/lib/FreeRTOS-Kernel/queue.c.obj
 .text.prvNotifyQueueSetContainer
                0x10009930       0x90 src/CMakeFiles/picow_freertos.dir/__/lib/FreeRTOS-Kernel/queue.c.obj
 .text.xQueueGenericCreate
                0x100099c0       0xa4 src/CMakeFiles/picow_freertos.dir/__/lib/FreeRTOS-Kernel/queue.c.obj
                0x100099c0                xQueueGenericCreate
 .text.xQueueGenericSend
                0x10009a64      0x1d4 src/CMakeFiles/picow_freertos.dir/__/lib/FreeRTOS-Kernel/queue.c.obj
                0x10009a64                xQueueGenericSend
 .text.xQueueCreateMutex
                0x10009c38       0x6c src/CMakeFiles/picow_freertos.dir/__/lib/FreeRTOS-Kernel/queue.c.obj
                0x10009c38                xQueueCreateMutex
 .text.xQueueGenericSendFromISR
                0x10009ca4      0x150 src/CMakeFiles/picow_freertos.dir/__/lib/FreeRTOS-Kernel/queue.c.obj
                0x10009ca4                xQueueGenericSendFromISR
 .text.xQueueGiveFromISR
                0x10009df4       0x7c src/CMakeFiles/picow_freertos.dir/__/lib/FreeRTOS-Kernel/queue.c.obj
                0x10009df4                xQueueGiveFromISR
 .text.xQueueReceive
                0x10009e70      0x11c src/CMakeFiles/picow_freertos.dir/__/lib/FreeRTOS-Kernel/queue.c.obj
                0x10009e70                xQueueReceive
 .text.xQueueSemaphoreTake
                0x10009f8c      0x144 src/CMakeFiles/picow_freertos.dir/__/lib/FreeRTOS-Kernel/queue.c.obj
                0x10009f8c                xQueueSemaphoreTake
 .text.vQueueAddToRegistry
                0x1000a0d0      0x118 src/CMakeFiles/picow_freertos.dir/__/lib/FreeRTOS-Kernel/queue.c.obj
                0x1000a0d0                vQueueAddToRegistry
 .text.vQueueWaitForMessageRestricted
                0x1000a1e8       0x48 src/CMakeFiles/picow_freertos.dir/__/lib/FreeRTOS-Kernel/queue.c.obj
                0x1000a1e8                vQueueWaitForMessageRestricted
 .text.prvAddNewTaskToReadyList
                0x1000a230      0x124 src/CMakeFiles/picow_freertos.dir/__/lib/FreeRTOS-Kernel/tasks.c.obj
 .text.prvCreateTask
                0x1000a354      0x130 src/CMakeFiles/picow_freertos.dir/__/lib/FreeRTOS-Kernel/tasks.c.obj
 .text.prvIdleTask
                0x1000a484       0x60 src/CMakeFiles/picow_freertos.dir/__/lib/FreeRTOS-Kernel/tasks.c.obj
 .text.xTaskIncrementTick.part.0
                0x1000a4e4      0x194 src/CMakeFiles/picow_freertos.dir/__/lib/FreeRTOS-Kernel/tasks.c.obj
 .text.xTaskCreate
                0x1000a678       0x24 src/CMakeFiles/picow_freertos.dir/__/lib/FreeRTOS-Kernel/tasks.c.obj
                0x1000a678                xTaskCreate
 .text.vTaskDelete
                0x1000a69c       0xc0 src/CMakeFiles/picow_freertos.dir/__/lib/FreeRTOS-Kernel/tasks.c.obj
                0x1000a69c                vTaskDelete
 .text.vTaskStartScheduler
                0x1000a75c       0x74 src/CMakeFiles/picow_freertos.dir/__/lib/FreeRTOS-Kernel/tasks.c.obj
                0x1000a75c                vTaskStartScheduler
 .text.vTaskSuspendAll
                0x1000a7d0       0x10 src/CMakeFiles/picow_freertos.dir/__/lib/FreeRTOS-Kernel/tasks.c.obj
                0x1000a7d0                vTaskSuspendAll
 .text.xTaskResumeAll
                0x1000a7e0      0x188 src/CMakeFiles/picow_freertos.dir/__/lib/FreeRTOS-Kernel/tasks.c.obj
                0x1000a7e0                xTaskResumeAll
 .text.vTaskDelay
                0x1000a968       0x84 src/CMakeFiles/picow_freertos.dir/__/lib/FreeRTOS-Kernel/tasks.c.obj
                0x1000a968                vTaskDelay
 .text.xTaskGetTickCount
                0x1000a9ec        0xc src/CMakeFiles/picow_freertos.dir/__/lib/FreeRTOS-Kernel/tasks.c.obj
                0x1000a9ec                xTaskGetTickCount
 .text.uxTaskGetNumberOfTasks
                0x1000a9f8        0xc src/CMakeFiles/picow_freertos.dir/__/lib/FreeRTOS-Kernel/tasks.c.obj
                0x1000a9f8                uxTaskGetNumberOfTasks
 .text.xTaskIncrementTick
                0x1000aa04       0x24 src/CMakeFiles/picow_freertos.dir/__/lib/FreeRTOS-Kernel/tasks.c.obj
                0x1000aa04                xTaskIncrementTick
 .text.vTaskSwitchContext
                0x1000aa28       0x7c src/CMakeFiles/picow_freertos.dir/__/lib/FreeRTOS-Kernel/tasks.c.obj
                0x1000aa28                vTaskSwitchContext
 .text.vTaskPlaceOnEventList
                0x1000aaa4       0xa0 src/CMakeFiles/picow_freertos.dir/__/lib/FreeRTOS-Kernel/tasks.c.obj
                0x1000aaa4                vTaskPlaceOnEventList
 .text.vTaskPlaceOnUnorderedEventList
                0x1000ab44       0xc4 src/CMakeFiles/picow_freertos.dir/__/lib/FreeRTOS-Kernel/tasks.c.obj
                0x1000ab44                vTaskPlaceOnUnorderedEventList
 .text.vTaskPlaceOnEventListRestricted
                0x1000ac08       0xf4 src/CMakeFiles/picow_freertos.dir/__/lib/FreeRTOS-Kernel/tasks.c.obj
                0x1000ac08                vTaskPlaceOnEventListRestricted
 .text.xTaskRemoveFromEventList
                0x1000acfc       0xcc src/CMakeFiles/picow_freertos.dir/__/lib/FreeRTOS-Kernel/tasks.c.obj
                0x1000acfc                xTaskRemoveFromEventList
 .text.vTaskRemoveFromUnorderedEventList
                0x1000adc8       0x94 src/CMakeFiles/picow_freertos.dir/__/lib/FreeRTOS-Kernel/tasks.c.obj
                0x1000adc8                vTaskRemoveFromUnorderedEventList
 .text.vTaskInternalSetTimeOutState
                0x1000ae5c       0x18 src/CMakeFiles/picow_freertos.dir/__/lib/FreeRTOS-Kernel/tasks.c.obj
                0x1000ae5c                vTaskInternalSetTimeOutState
 .text.xTaskCheckForTimeOut
                0x1000ae74       0x74 src/CMakeFiles/picow_freertos.dir/__/lib/FreeRTOS-Kernel/tasks.c.obj
                0x1000ae74                xTaskCheckForTimeOut
 .text.vTaskMissedYield
                0x1000aee8        0xc src/CMakeFiles/picow_freertos.dir/__/lib/FreeRTOS-Kernel/tasks.c.obj
                0x1000aee8                vTaskMissedYield
 .text.xTaskGetCurrentTaskHandle
                0x1000aef4        0xc src/CMakeFiles/picow_freertos.dir/__/lib/FreeRTOS-Kernel/tasks.c.obj
                0x1000aef4                xTaskGetCurrentTaskHandle
 .text.xTaskPriorityInherit
                0x1000af00       0x94 src/CMakeFiles/picow_freertos.dir/__/lib/FreeRTOS-Kernel/tasks.c.obj
                0x1000af00                xTaskPriorityInherit
 .text.xTaskPriorityDisinherit
                0x1000af94       0x64 src/CMakeFiles/picow_freertos.dir/__/lib/FreeRTOS-Kernel/tasks.c.obj
                0x1000af94                xTaskPriorityDisinherit
 .text.vTaskPriorityDisinheritAfterTimeout
                0x1000aff8       0x7c src/CMakeFiles/picow_freertos.dir/__/lib/FreeRTOS-Kernel/tasks.c.obj
                0x1000aff8                vTaskPriorityDisinheritAfterTimeout
 .text.uxTaskResetEventItemValue
                0x1000b074       0x18 src/CMakeFiles/picow_freertos.dir/__/lib/FreeRTOS-Kernel/tasks.c.obj
                0x1000b074                uxTaskResetEventItemValue
 .text.pvTaskIncrementMutexHeldCount
                0x1000b08c       0x14 src/CMakeFiles/picow_freertos.dir/__/lib/FreeRTOS-Kernel/tasks.c.obj
                0x1000b08c                pvTaskIncrementMutexHeldCount
 .text.prvTimerTask
                0x1000b0a0      0x39c src/CMakeFiles/picow_freertos.dir/__/lib/FreeRTOS-Kernel/timers.c.obj
 .text.xTimerCreateTimerTask
                0x1000b43c       0x8c src/CMakeFiles/picow_freertos.dir/__/lib/FreeRTOS-Kernel/timers.c.obj
                0x1000b43c                xTimerCreateTimerTask
 .text.xTimerPendFunctionCallFromISR
                0x1000b4c8       0x2c src/CMakeFiles/picow_freertos.dir/__/lib/FreeRTOS-Kernel/timers.c.obj
                0x1000b4c8                xTimerPendFunctionCallFromISR
 .text.exception_set_exclusive_handler
                0x1000b4f4       0x48 src/CMakeFiles/picow_freertos.dir/C_/Users/Elcio.SAMSUNGBOOK-2DE/.pico-sdk/sdk/2.1.1/src/rp2_common/hardware_exception/exception.c.obj
                0x1000b4f4                exception_set_exclusive_handler
 .text.lwip_timeout_reached
                0x1000b53c        0x8 src/CMakeFiles/picow_freertos.dir/C_/Users/Elcio.SAMSUNGBOOK-2DE/.pico-sdk/sdk/2.1.1/src/rp2_common/pico_lwip/lwip_nosys.c.obj
 .text.update_next_timeout
                0x1000b544       0x5c src/CMakeFiles/picow_freertos.dir/C_/Users/Elcio.SAMSUNGBOOK-2DE/.pico-sdk/sdk/2.1.1/src/rp2_common/pico_lwip/lwip_nosys.c.obj
 .text.lwip_nosys_init
                0x1000b5a0       0x30 src/CMakeFiles/picow_freertos.dir/C_/Users/Elcio.SAMSUNGBOOK-2DE/.pico-sdk/sdk/2.1.1/src/rp2_common/pico_lwip/lwip_nosys.c.obj
                0x1000b5a0                lwip_nosys_init
 .text.lwip_nosys_deinit
                0x1000b5d0       0x20 src/CMakeFiles/picow_freertos.dir/C_/Users/Elcio.SAMSUNGBOOK-2DE/.pico-sdk/sdk/2.1.1/src/rp2_common/pico_lwip/lwip_nosys.c.obj
                0x1000b5d0                lwip_nosys_deinit
 .text.sys_arch_protect
                0x1000b5f0        0x4 src/CMakeFiles/picow_freertos.dir/C_/Users/Elcio.SAMSUNGBOOK-2DE/.pico-sdk/sdk/2.1.1/src/rp2_common/pico_lwip/lwip_nosys.c.obj
                0x1000b5f0                sys_arch_protect
 .text.sys_arch_unprotect
                0x1000b5f4        0x4 src/CMakeFiles/picow_freertos.dir/C_/Users/Elcio.SAMSUNGBOOK-2DE/.pico-sdk/sdk/2.1.1/src/rp2_common/pico_lwip/lwip_nosys.c.obj
                0x1000b5f4                sys_arch_unprotect
 .text.sys_now  0x1000b5f8       0x20 src/CMakeFiles/picow_freertos.dir/C_/Users/Elcio.SAMSUNGBOOK-2DE/.pico-sdk/sdk/2.1.1/src/rp2_common/pico_lwip/lwip_nosys.c.obj
                0x1000b5f8                sys_now
 .text.async_context_base_add_at_time_worker
                0x1000b618       0x28 src/CMakeFiles/picow_freertos.dir/C_/Users/Elcio.SAMSUNGBOOK-2DE/.pico-sdk/sdk/2.1.1/src/rp2_common/pico_async_context/async_context_base.c.obj
                0x1000b618                async_context_base_add_at_time_worker
 .text.async_context_base_remove_at_time_worker
                0x1000b640       0x24 src/CMakeFiles/picow_freertos.dir/C_/Users/Elcio.SAMSUNGBOOK-2DE/.pico-sdk/sdk/2.1.1/src/rp2_common/pico_async_context/async_context_base.c.obj
                0x1000b640                async_context_base_remove_at_time_worker
 .text.async_context_base_add_when_pending_worker
                0x1000b664       0x24 src/CMakeFiles/picow_freertos.dir/C_/Users/Elcio.SAMSUNGBOOK-2DE/.pico-sdk/sdk/2.1.1/src/rp2_common/pico_async_context/async_context_base.c.obj
                0x1000b664                async_context_base_add_when_pending_worker
 .text.async_context_base_remove_when_pending_worker
                0x1000b688       0x24 src/CMakeFiles/picow_freertos.dir/C_/Users/Elcio.SAMSUNGBOOK-2DE/.pico-sdk/sdk/2.1.1/src/rp2_common/pico_async_context/async_context_base.c.obj
                0x1000b688                async_context_base_remove_when_pending_worker
 .text.async_context_base_execute_once
                0x1000b6ac      0x108 src/CMakeFiles/picow_freertos.dir/C_/Users/Elcio.SAMSUNGBOOK-2DE/.pico-sdk/sdk/2.1.1/src/rp2_common/pico_async_context/async_context_base.c.obj
                0x1000b6ac                async_context_base_execute_once
 .text.async_context_base_needs_servicing
                0x1000b7b4       0x54 src/CMakeFiles/picow_freertos.dir/C_/Users/Elcio.SAMSUNGBOOK-2DE/.pico-sdk/sdk/2.1.1/src/rp2_common/pico_async_context/async_context_base.c.obj
                0x1000b7b4                async_context_base_needs_servicing
 .text.splitmix64
                0x1000b808       0x58 src/CMakeFiles/picow_freertos.dir/C_/Users/Elcio.SAMSUNGBOOK-2DE/.pico-sdk/sdk/2.1.1/src/rp2_common/pico_rand/rand.c.obj
 .text.xoroshiro128ss
                0x1000b860       0x90 src/CMakeFiles/picow_freertos.dir/C_/Users/Elcio.SAMSUNGBOOK-2DE/.pico-sdk/sdk/2.1.1/src/rp2_common/pico_rand/rand.c.obj
 .text.get_rand_64
                0x1000b8f0      0x47c src/CMakeFiles/picow_freertos.dir/C_/Users/Elcio.SAMSUNGBOOK-2DE/.pico-sdk/sdk/2.1.1/src/rp2_common/pico_rand/rand.c.obj
                0x1000b8f0                get_rand_64
 .text.get_rand_32
                0x1000bd6c        0x8 src/CMakeFiles/picow_freertos.dir/C_/Users/Elcio.SAMSUNGBOOK-2DE/.pico-sdk/sdk/2.1.1/src/rp2_common/pico_rand/rand.c.obj
                0x1000bd6c                get_rand_32
 .text.lwip_init
                0x1000bd74       0x24 src/CMakeFiles/picow_freertos.dir/C_/Users/Elcio.SAMSUNGBOOK-2DE/.pico-sdk/sdk/2.1.1/lib/lwip/src/core/init.c.obj
                0x1000bd74                lwip_init
 .text.lwip_htons
                0x1000bd98        0x8 src/CMakeFiles/picow_freertos.dir/C_/Users/Elcio.SAMSUNGBOOK-2DE/.pico-sdk/sdk/2.1.1/lib/lwip/src/core/def.c.obj
                0x1000bd98                lwip_htons
 .text.lwip_htonl
                0x1000bda0        0x4 src/CMakeFiles/picow_freertos.dir/C_/Users/Elcio.SAMSUNGBOOK-2DE/.pico-sdk/sdk/2.1.1/lib/lwip/src/core/def.c.obj
                0x1000bda0                lwip_htonl
 .text.dns_call_found
                0x1000bda4      0x184 src/CMakeFiles/picow_freertos.dir/C_/Users/Elcio.SAMSUNGBOOK-2DE/.pico-sdk/sdk/2.1.1/lib/lwip/src/core/dns.c.obj
 .text.dns_send.isra.0
                0x1000bf28      0x174 src/CMakeFiles/picow_freertos.dir/C_/Users/Elcio.SAMSUNGBOOK-2DE/.pico-sdk/sdk/2.1.1/lib/lwip/src/core/dns.c.obj
 .text.dns_init
                0x1000c09c        0x4 src/CMakeFiles/picow_freertos.dir/C_/Users/Elcio.SAMSUNGBOOK-2DE/.pico-sdk/sdk/2.1.1/lib/lwip/src/core/dns.c.obj
                0x1000c09c                dns_init
 .text.dns_setserver
                0x1000c0a0       0x24 src/CMakeFiles/picow_freertos.dir/C_/Users/Elcio.SAMSUNGBOOK-2DE/.pico-sdk/sdk/2.1.1/lib/lwip/src/core/dns.c.obj
                0x1000c0a0                dns_setserver
 .text.dns_tmr  0x1000c0c4      0x130 src/CMakeFiles/picow_freertos.dir/C_/Users/Elcio.SAMSUNGBOOK-2DE/.pico-sdk/sdk/2.1.1/lib/lwip/src/core/dns.c.obj
                0x1000c0c4                dns_tmr
 .text.lwip_standard_chksum
                0x1000c1f4       0xf4 src/CMakeFiles/picow_freertos.dir/C_/Users/Elcio.SAMSUNGBOOK-2DE/.pico-sdk/sdk/2.1.1/lib/lwip/src/core/inet_chksum.c.obj
                0x1000c1f4                lwip_standard_chksum
 .text.inet_chksum_pseudo
                0x1000c2e8       0xbc src/CMakeFiles/picow_freertos.dir/C_/Users/Elcio.SAMSUNGBOOK-2DE/.pico-sdk/sdk/2.1.1/lib/lwip/src/core/inet_chksum.c.obj
                0x1000c2e8                inet_chksum_pseudo
 .text.ip_chksum_pseudo
                0x1000c3a4       0x10 src/CMakeFiles/picow_freertos.dir/C_/Users/Elcio.SAMSUNGBOOK-2DE/.pico-sdk/sdk/2.1.1/lib/lwip/src/core/inet_chksum.c.obj
                0x1000c3a4                ip_chksum_pseudo
 .text.inet_chksum
                0x1000c3b4        0xc src/CMakeFiles/picow_freertos.dir/C_/Users/Elcio.SAMSUNGBOOK-2DE/.pico-sdk/sdk/2.1.1/lib/lwip/src/core/inet_chksum.c.obj
                0x1000c3b4                inet_chksum
 .text.inet_chksum_pbuf